Archive member included to satisfy reference by file (symbol)

/Applications/gcc-arm-none-eabi-8-2018-q4-major/bin/../lib/gcc/arm-none-eabi/8.2.1/thumb/v7e-m+fp/softfp/libgcc.a(_aeabi_ldivmod.o)
                              CMakeFiles/VStest4_CortexM4.elf.dir/Applications/ModusToolbox_1.1/libraries/psoc6sw-1.1/components/psoc6pdl/drivers/source/cy_sar.c.obj (__aeabi_ldivmod)
/Applications/gcc-arm-none-eabi-8-2018-q4-major/bin/../lib/gcc/arm-none-eabi/8.2.1/thumb/v7e-m+fp/softfp/libgcc.a(_aeabi_uldivmod.o)
                              CMakeFiles/VStest4_CortexM4.elf.dir/Applications/ModusToolbox_1.1/libraries/psoc6sw-1.1/components/psoc6pdl/drivers/source/cy_sysclk.c.obj (__aeabi_uldivmod)
/Applications/gcc-arm-none-eabi-8-2018-q4-major/bin/../lib/gcc/arm-none-eabi/8.2.1/thumb/v7e-m+fp/softfp/libgcc.a(_udivmoddi4.o)
                              /Applications/gcc-arm-none-eabi-8-2018-q4-major/bin/../lib/gcc/arm-none-eabi/8.2.1/thumb/v7e-m+fp/softfp/libgcc.a(_aeabi_ldivmod.o) (__udivmoddi4)
/Applications/gcc-arm-none-eabi-8-2018-q4-major/bin/../lib/gcc/arm-none-eabi/8.2.1/thumb/v7e-m+fp/softfp/libgcc.a(_dvmd_tls.o)
                              /Applications/gcc-arm-none-eabi-8-2018-q4-major/bin/../lib/gcc/arm-none-eabi/8.2.1/thumb/v7e-m+fp/softfp/libgcc.a(_aeabi_ldivmod.o) (__aeabi_ldiv0)
/Applications/gcc-arm-none-eabi-8-2018-q4-major/bin/../lib/gcc/arm-none-eabi/8.2.1/../../../../arm-none-eabi/lib/thumb/v7e-m+fp/softfp/libg_nano.a(lib_a-exit.o)
                              /Applications/gcc-arm-none-eabi-8-2018-q4-major/bin/../lib/gcc/arm-none-eabi/8.2.1/../../../../arm-none-eabi/lib/thumb/v7e-m+fp/softfp/crt0.o (exit)
/Applications/gcc-arm-none-eabi-8-2018-q4-major/bin/../lib/gcc/arm-none-eabi/8.2.1/../../../../arm-none-eabi/lib/thumb/v7e-m+fp/softfp/libg_nano.a(lib_a-impure.o)
                              /Applications/gcc-arm-none-eabi-8-2018-q4-major/bin/../lib/gcc/arm-none-eabi/8.2.1/../../../../arm-none-eabi/lib/thumb/v7e-m+fp/softfp/libg_nano.a(lib_a-exit.o) (_global_impure_ptr)
/Applications/gcc-arm-none-eabi-8-2018-q4-major/bin/../lib/gcc/arm-none-eabi/8.2.1/../../../../arm-none-eabi/lib/thumb/v7e-m+fp/softfp/libg_nano.a(lib_a-init.o)
                              /Applications/gcc-arm-none-eabi-8-2018-q4-major/bin/../lib/gcc/arm-none-eabi/8.2.1/../../../../arm-none-eabi/lib/thumb/v7e-m+fp/softfp/crt0.o (__libc_init_array)
/Applications/gcc-arm-none-eabi-8-2018-q4-major/bin/../lib/gcc/arm-none-eabi/8.2.1/../../../../arm-none-eabi/lib/thumb/v7e-m+fp/softfp/libg_nano.a(lib_a-memset.o)
                              /Applications/gcc-arm-none-eabi-8-2018-q4-major/bin/../lib/gcc/arm-none-eabi/8.2.1/../../../../arm-none-eabi/lib/thumb/v7e-m+fp/softfp/crt0.o (memset)
/Applications/gcc-arm-none-eabi-8-2018-q4-major/bin/../lib/gcc/arm-none-eabi/8.2.1/../../../../arm-none-eabi/lib/thumb/v7e-m+fp/softfp/libnosys.a(_exit.o)
                              /Applications/gcc-arm-none-eabi-8-2018-q4-major/bin/../lib/gcc/arm-none-eabi/8.2.1/../../../../arm-none-eabi/lib/thumb/v7e-m+fp/softfp/libg_nano.a(lib_a-exit.o) (_exit)

Allocating common symbols
Common symbol       size              file

Cy_SAR_offset       0x20              CMakeFiles/VStest4_CortexM4.elf.dir/Applications/ModusToolbox_1.1/libraries/psoc6sw-1.1/components/psoc6pdl/drivers/source/cy_sar.c.obj
Cy_SAR_countsPer10Volt
                    0x40              CMakeFiles/VStest4_CortexM4.elf.dir/Applications/ModusToolbox_1.1/libraries/psoc6sw-1.1/components/psoc6pdl/drivers/source/cy_sar.c.obj
cy_device           0x4               CMakeFiles/VStest4_CortexM4.elf.dir/Applications/ModusToolbox_1.1/libraries/psoc6sw-1.1/components/psoc6pdl/drivers/source/cy_device.c.obj

Discarded input sections

 .text          0x0000000000000000        0x0 /Applications/gcc-arm-none-eabi-8-2018-q4-major/bin/../lib/gcc/arm-none-eabi/8.2.1/thumb/v7e-m+fp/softfp/crti.o
 .data          0x0000000000000000        0x0 /Applications/gcc-arm-none-eabi-8-2018-q4-major/bin/../lib/gcc/arm-none-eabi/8.2.1/thumb/v7e-m+fp/softfp/crti.o
 .bss           0x0000000000000000        0x0 /Applications/gcc-arm-none-eabi-8-2018-q4-major/bin/../lib/gcc/arm-none-eabi/8.2.1/thumb/v7e-m+fp/softfp/crti.o
 .data          0x0000000000000000        0x4 /Applications/gcc-arm-none-eabi-8-2018-q4-major/bin/../lib/gcc/arm-none-eabi/8.2.1/thumb/v7e-m+fp/softfp/crtbegin.o
 .text          0x0000000000000000       0x74 /Applications/gcc-arm-none-eabi-8-2018-q4-major/bin/../lib/gcc/arm-none-eabi/8.2.1/../../../../arm-none-eabi/lib/thumb/v7e-m+fp/softfp/crt0.o
 .data          0x0000000000000000        0x0 /Applications/gcc-arm-none-eabi-8-2018-q4-major/bin/../lib/gcc/arm-none-eabi/8.2.1/../../../../arm-none-eabi/lib/thumb/v7e-m+fp/softfp/crt0.o
 .bss           0x0000000000000000        0x0 /Applications/gcc-arm-none-eabi-8-2018-q4-major/bin/../lib/gcc/arm-none-eabi/8.2.1/../../../../arm-none-eabi/lib/thumb/v7e-m+fp/softfp/crt0.o
[...]
Memory Configuration

Name             Origin             Length             Attributes
ram              0x0000000008024000 0x0000000000023800 xrw
flash            0x0000000010080000 0x0000000000080000 xr
em_eeprom        0x0000000014000000 0x0000000000008000 xr
sflash_user_data 0x0000000016000800 0x0000000000000800 xr
sflash_nar       0x0000000016001a00 0x0000000000000200 xr
sflash_public_key 0x0000000016005a00 0x0000000000000c00 xr
sflash_toc_2     0x0000000016007c00 0x0000000000000200 xr
sflash_rtoc_2    0x0000000016007e00 0x0000000000000200 xr
xip              0x0000000018000000 0x0000000008000000 xr
efuse            0x0000000090700000 0x0000000000100000 r
*default*        0x0000000000000000 0xffffffffffffffff

Linker script and memory map

LOAD /Applications/gcc-arm-none-eabi-8-2018-q4-major/bin/../lib/gcc/arm-none-eabi/8.2.1/thumb/v7e-m+fp/softfp/crti.o
LOAD /Applications/gcc-arm-none-eabi-8-2018-q4-major/bin/../lib/gcc/arm-none-eabi/8.2.1/thumb/v7e-m+fp/softfp/crtbegin.o
LOAD /Applications/gcc-arm-none-eabi-8-2018-q4-major/bin/../lib/gcc/arm-none-eabi/8.2.1/../../../../arm-none-eabi/lib/thumb/v7e-m+fp/softfp/crt0.o
LOAD CMakeFiles/VStest4_CortexM4.elf.dir/main.c.obj
LOAD CMakeFiles/VStest4_CortexM4.elf.dir/__/__/design/CortexM4/GeneratedSource/cycfg.c.obj
LOAD CMakeFiles/VStest4_CortexM4.elf.dir/__/__/design/CortexM4/GeneratedSource/cycfg_connectivity.c.obj
LOAD CMakeFiles/VStest4_CortexM4.elf.dir/__/__/design/CortexM4/GeneratedSource/cycfg_pins.c.obj
LOAD CMakeFiles/VStest4_CortexM4.elf.dir/__/__/design/CortexM4/GeneratedSource/cycfg_routing.c.obj
LOAD CMakeFiles/VStest4_CortexM4.elf.dir/Applications/ModusToolbox_1.1/libraries/psoc6sw-1.1/components/psoc6pdl/devices/psoc6/startup/system_psoc6_cm4.c.obj
LOAD CMakeFiles/VStest4_CortexM4.elf.dir/Applications/ModusToolbox_1.1/libraries/psoc6sw-1.1/components/psoc6pdl/devices/psoc6/startup/gcc/startup_psoc6_02_cm4.S.obj
LOAD CMakeFiles/VStest4_CortexM4.elf.dir/Applications/ModusToolbox_1.1/libraries/psoc6sw-1.1/components/psoc6pdl/drivers/source/cy_ble_clk.c.obj
LOAD CMakeFiles/VStest4_CortexM4.elf.dir/Applications/ModusToolbox_1.1/libraries/psoc6sw-1.1/components/psoc6pdl/drivers/source/cy_crypto.c.obj
LOAD CMakeFiles/VStest4_CortexM4.elf.dir/Applications/ModusToolbox_1.1/libraries/psoc6sw-1.1/components/psoc6pdl/drivers/source/cy_crypto_core_aes_v1.c.obj
LOAD CMakeFiles/VStest4_CortexM4.elf.dir/Applications/ModusToolbox_1.1/libraries/psoc6sw-1.1/components/psoc6pdl/drivers/source/cy_crypto_core_aes_v2.c.obj
LOAD CMakeFiles/VStest4_CortexM4.elf.dir/Applications/ModusToolbox_1.1/libraries/psoc6sw-1.1/components/psoc6pdl/drivers/source/cy_crypto_core_cmac_v1.c.obj
LOAD CMakeFiles/VStest4_CortexM4.elf.dir/Applications/ModusToolbox_1.1/libraries/psoc6sw-1.1/components/psoc6pdl/drivers/source/cy_crypto_core_cmac_v2.c.obj
LOAD CMakeFiles/VStest4_CortexM4.elf.dir/Applications/ModusToolbox_1.1/libraries/psoc6sw-1.1/components/psoc6pdl/drivers/source/cy_crypto_core_crc_v1.c.obj
LOAD CMakeFiles/VStest4_CortexM4.elf.dir/Applications/ModusToolbox_1.1/libraries/psoc6sw-1.1/components/psoc6pdl/drivers/source/cy_crypto_core_crc_v2.c.obj
LOAD CMakeFiles/VStest4_CortexM4.elf.dir/Applications/ModusToolbox_1.1/libraries/psoc6sw-1.1/components/psoc6pdl/drivers/source/cy_crypto_core_des_v1.c.obj
LOAD CMakeFiles/VStest4_CortexM4.elf.dir/Applications/ModusToolbox_1.1/libraries/psoc6sw-1.1/components/psoc6pdl/drivers/source/cy_crypto_core_des_v2.c.obj
LOAD CMakeFiles/VStest4_CortexM4.elf.dir/Applications/ModusToolbox_1.1/libraries/psoc6sw-1.1/components/psoc6pdl/drivers/source/cy_crypto_core_ecc_domain_params.c.obj
LOAD CMakeFiles/VStest4_CortexM4.elf.dir/Applications/ModusToolbox_1.1/libraries/psoc6sw-1.1/components/psoc6pdl/drivers/source/cy_crypto_core_ecc_ecdsa.c.obj
LOAD CMakeFiles/VStest4_CortexM4.elf.dir/Applications/ModusToolbox_1.1/libraries/psoc6sw-1.1/components/psoc6pdl/drivers/source/cy_crypto_core_ecc_key_gen.c.obj
LOAD CMakeFiles/VStest4_CortexM4.elf.dir/Applications/ModusToolbox_1.1/libraries/psoc6sw-1.1/components/psoc6pdl/drivers/source/cy_crypto_core_ecc_nist_p.c.obj
LOAD CMakeFiles/VStest4_CortexM4.elf.dir/Applications/ModusToolbox_1.1/libraries/psoc6sw-1.1/components/psoc6pdl/drivers/source/cy_crypto_core_hmac_v1.c.obj
LOAD CMakeFiles/VStest4_CortexM4.elf.dir/Applications/ModusToolbox_1.1/libraries/psoc6sw-1.1/components/psoc6pdl/drivers/source/cy_crypto_core_hmac_v2.c.obj
LOAD CMakeFiles/VStest4_CortexM4.elf.dir/Applications/ModusToolbox_1.1/libraries/psoc6sw-1.1/components/psoc6pdl/drivers/source/cy_crypto_core_hw.c.obj
LOAD CMakeFiles/VStest4_CortexM4.elf.dir/Applications/ModusToolbox_1.1/libraries/psoc6sw-1.1/components/psoc6pdl/drivers/source/cy_crypto_core_hw_v1.c.obj
LOAD CMakeFiles/VStest4_CortexM4.elf.dir/Applications/ModusToolbox_1.1/libraries/psoc6sw-1.1/components/psoc6pdl/drivers/source/cy_crypto_core_mem_v1.c.obj
LOAD CMakeFiles/VStest4_CortexM4.elf.dir/Applications/ModusToolbox_1.1/libraries/psoc6sw-1.1/components/psoc6pdl/drivers/source/cy_crypto_core_mem_v2.c.obj
LOAD CMakeFiles/VStest4_CortexM4.elf.dir/Applications/ModusToolbox_1.1/libraries/psoc6sw-1.1/components/psoc6pdl/drivers/source/cy_crypto_core_prng_v1.c.obj
LOAD CMakeFiles/VStest4_CortexM4.elf.dir/Applications/ModusToolbox_1.1/libraries/psoc6sw-1.1/components/psoc6pdl/drivers/source/cy_crypto_core_prng_v2.c.obj
LOAD CMakeFiles/VStest4_CortexM4.elf.dir/Applications/ModusToolbox_1.1/libraries/psoc6sw-1.1/components/psoc6pdl/drivers/source/cy_crypto_core_rsa.c.obj
LOAD CMakeFiles/VStest4_CortexM4.elf.dir/Applications/ModusToolbox_1.1/libraries/psoc6sw-1.1/components/psoc6pdl/drivers/source/cy_crypto_core_sha_v1.c.obj
LOAD CMakeFiles/VStest4_CortexM4.elf.dir/Applications/ModusToolbox_1.1/libraries/psoc6sw-1.1/components/psoc6pdl/drivers/source/cy_crypto_core_sha_v2.c.obj
LOAD CMakeFiles/VStest4_CortexM4.elf.dir/Applications/ModusToolbox_1.1/libraries/psoc6sw-1.1/components/psoc6pdl/drivers/source/cy_crypto_core_trng_v1.c.obj
LOAD CMakeFiles/VStest4_CortexM4.elf.dir/Applications/ModusToolbox_1.1/libraries/psoc6sw-1.1/components/psoc6pdl/drivers/source/cy_crypto_core_trng_v2.c.obj
LOAD CMakeFiles/VStest4_CortexM4.elf.dir/Applications/ModusToolbox_1.1/libraries/psoc6sw-1.1/components/psoc6pdl/drivers/source/cy_crypto_core_vu.c.obj
LOAD CMakeFiles/VStest4_CortexM4.elf.dir/Applications/ModusToolbox_1.1/libraries/psoc6sw-1.1/components/psoc6pdl/drivers/source/cy_crypto_server.c.obj
LOAD CMakeFiles/VStest4_CortexM4.elf.dir/Applications/ModusToolbox_1.1/libraries/psoc6sw-1.1/components/psoc6pdl/drivers/source/cy_csd.c.obj
LOAD CMakeFiles/VStest4_CortexM4.elf.dir/Applications/ModusToolbox_1.1/libraries/psoc6sw-1.1/components/psoc6pdl/drivers/source/cy_ctb.c.obj
LOAD CMakeFiles/VStest4_CortexM4.elf.dir/Applications/ModusToolbox_1.1/libraries/psoc6sw-1.1/components/psoc6pdl/drivers/source/cy_ctdac.c.obj
LOAD CMakeFiles/VStest4_CortexM4.elf.dir/Applications/ModusToolbox_1.1/libraries/psoc6sw-1.1/components/psoc6pdl/drivers/source/cy_device.c.obj
LOAD CMakeFiles/VStest4_CortexM4.elf.dir/Applications/ModusToolbox_1.1/libraries/psoc6sw-1.1/components/psoc6pdl/drivers/source/cy_dma.c.obj
LOAD CMakeFiles/VStest4_CortexM4.elf.dir/Applications/ModusToolbox_1.1/libraries/psoc6sw-1.1/components/psoc6pdl/drivers/source/cy_dmac.c.obj
LOAD CMakeFiles/VStest4_CortexM4.elf.dir/Applications/ModusToolbox_1.1/libraries/psoc6sw-1.1/components/psoc6pdl/drivers/source/cy_efuse.c.obj
LOAD CMakeFiles/VStest4_CortexM4.elf.dir/Applications/ModusToolbox_1.1/libraries/psoc6sw-1.1/components/psoc6pdl/drivers/source/cy_flash.c.obj
LOAD CMakeFiles/VStest4_CortexM4.elf.dir/Applications/ModusToolbox_1.1/libraries/psoc6sw-1.1/components/psoc6pdl/drivers/source/cy_gpio.c.obj
LOAD CMakeFiles/VStest4_CortexM4.elf.dir/Applications/ModusToolbox_1.1/libraries/psoc6sw-1.1/components/psoc6pdl/drivers/source/cy_i2s.c.obj
LOAD CMakeFiles/VStest4_CortexM4.elf.dir/Applications/ModusToolbox_1.1/libraries/psoc6sw-1.1/components/psoc6pdl/drivers/source/cy_ipc_drv.c.obj
LOAD CMakeFiles/VStest4_CortexM4.elf.dir/Applications/ModusToolbox_1.1/libraries/psoc6sw-1.1/components/psoc6pdl/drivers/source/cy_ipc_pipe.c.obj
LOAD CMakeFiles/VStest4_CortexM4.elf.dir/Applications/ModusToolbox_1.1/libraries/psoc6sw-1.1/components/psoc6pdl/drivers/source/cy_ipc_sema.c.obj
LOAD CMakeFiles/VStest4_CortexM4.elf.dir/Applications/ModusToolbox_1.1/libraries/psoc6sw-1.1/components/psoc6pdl/drivers/source/cy_lpcomp.c.obj
LOAD CMakeFiles/VStest4_CortexM4.elf.dir/Applications/ModusToolbox_1.1/libraries/psoc6sw-1.1/components/psoc6pdl/drivers/source/cy_lvd.c.obj
LOAD CMakeFiles/VStest4_CortexM4.elf.dir/Applications/ModusToolbox_1.1/libraries/psoc6sw-1.1/components/psoc6pdl/drivers/source/cy_mcwdt.c.obj
LOAD CMakeFiles/VStest4_CortexM4.elf.dir/Applications/ModusToolbox_1.1/libraries/psoc6sw-1.1/components/psoc6pdl/drivers/source/cy_pdm_pcm.c.obj
LOAD CMakeFiles/VStest4_CortexM4.elf.dir/Applications/ModusToolbox_1.1/libraries/psoc6sw-1.1/components/psoc6pdl/drivers/source/cy_profile.c.obj
LOAD CMakeFiles/VStest4_CortexM4.elf.dir/Applications/ModusToolbox_1.1/libraries/psoc6sw-1.1/components/psoc6pdl/drivers/source/cy_prot.c.obj
LOAD CMakeFiles/VStest4_CortexM4.elf.dir/Applications/ModusToolbox_1.1/libraries/psoc6sw-1.1/components/psoc6pdl/drivers/source/cy_rtc.c.obj
LOAD CMakeFiles/VStest4_CortexM4.elf.dir/Applications/ModusToolbox_1.1/libraries/psoc6sw-1.1/components/psoc6pdl/drivers/source/cy_sar.c.obj
LOAD CMakeFiles/VStest4_CortexM4.elf.dir/Applications/ModusToolbox_1.1/libraries/psoc6sw-1.1/components/psoc6pdl/drivers/source/cy_scb_common.c.obj
LOAD CMakeFiles/VStest4_CortexM4.elf.dir/Applications/ModusToolbox_1.1/libraries/psoc6sw-1.1/components/psoc6pdl/drivers/source/cy_scb_ezi2c.c.obj
LOAD CMakeFiles/VStest4_CortexM4.elf.dir/Applications/ModusToolbox_1.1/libraries/psoc6sw-1.1/components/psoc6pdl/drivers/source/cy_scb_i2c.c.obj
LOAD CMakeFiles/VStest4_CortexM4.elf.dir/Applications/ModusToolbox_1.1/libraries/psoc6sw-1.1/components/psoc6pdl/drivers/source/cy_scb_spi.c.obj
LOAD CMakeFiles/VStest4_CortexM4.elf.dir/Applications/ModusToolbox_1.1/libraries/psoc6sw-1.1/components/psoc6pdl/drivers/source/cy_scb_uart.c.obj
LOAD CMakeFiles/VStest4_CortexM4.elf.dir/Applications/ModusToolbox_1.1/libraries/psoc6sw-1.1/components/psoc6pdl/drivers/source/cy_sd_host.c.obj
LOAD CMakeFiles/VStest4_CortexM4.elf.dir/Applications/ModusToolbox_1.1/libraries/psoc6sw-1.1/components/psoc6pdl/drivers/source/cy_smartio.c.obj
LOAD CMakeFiles/VStest4_CortexM4.elf.dir/Applications/ModusToolbox_1.1/libraries/psoc6sw-1.1/components/psoc6pdl/drivers/source/cy_smif.c.obj
LOAD CMakeFiles/VStest4_CortexM4.elf.dir/Applications/ModusToolbox_1.1/libraries/psoc6sw-1.1/components/psoc6pdl/drivers/source/cy_smif_memslot.c.obj
LOAD CMakeFiles/VStest4_CortexM4.elf.dir/Applications/ModusToolbox_1.1/libraries/psoc6sw-1.1/components/psoc6pdl/drivers/source/cy_sysanalog.c.obj
LOAD CMakeFiles/VStest4_CortexM4.elf.dir/Applications/ModusToolbox_1.1/libraries/psoc6sw-1.1/components/psoc6pdl/drivers/source/cy_sysclk.c.obj
LOAD CMakeFiles/VStest4_CortexM4.elf.dir/Applications/ModusToolbox_1.1/libraries/psoc6sw-1.1/components/psoc6pdl/drivers/source/cy_sysint.c.obj
LOAD CMakeFiles/VStest4_CortexM4.elf.dir/Applications/ModusToolbox_1.1/libraries/psoc6sw-1.1/components/psoc6pdl/drivers/source/cy_syslib.c.obj
LOAD CMakeFiles/VStest4_CortexM4.elf.dir/Applications/ModusToolbox_1.1/libraries/psoc6sw-1.1/components/psoc6pdl/drivers/source/cy_syspm.c.obj
LOAD CMakeFiles/VStest4_CortexM4.elf.dir/Applications/ModusToolbox_1.1/libraries/psoc6sw-1.1/components/psoc6pdl/drivers/source/cy_systick.c.obj
LOAD CMakeFiles/VStest4_CortexM4.elf.dir/Applications/ModusToolbox_1.1/libraries/psoc6sw-1.1/components/psoc6pdl/drivers/source/cy_tcpwm_counter.c.obj
LOAD CMakeFiles/VStest4_CortexM4.elf.dir/Applications/ModusToolbox_1.1/libraries/psoc6sw-1.1/components/psoc6pdl/drivers/source/cy_tcpwm_pwm.c.obj
LOAD CMakeFiles/VStest4_CortexM4.elf.dir/Applications/ModusToolbox_1.1/libraries/psoc6sw-1.1/components/psoc6pdl/drivers/source/cy_tcpwm_quaddec.c.obj
LOAD CMakeFiles/VStest4_CortexM4.elf.dir/Applications/ModusToolbox_1.1/libraries/psoc6sw-1.1/components/psoc6pdl/drivers/source/cy_trigmux.c.obj
LOAD CMakeFiles/VStest4_CortexM4.elf.dir/Applications/ModusToolbox_1.1/libraries/psoc6sw-1.1/components/psoc6pdl/drivers/source/cy_usbfs_dev_drv.c.obj
LOAD CMakeFiles/VStest4_CortexM4.elf.dir/Applications/ModusToolbox_1.1/libraries/psoc6sw-1.1/components/psoc6pdl/drivers/source/cy_usbfs_dev_drv_io.c.obj
LOAD CMakeFiles/VStest4_CortexM4.elf.dir/Applications/ModusToolbox_1.1/libraries/psoc6sw-1.1/components/psoc6pdl/drivers/source/cy_usbfs_dev_drv_io_dma.c.obj
LOAD CMakeFiles/VStest4_CortexM4.elf.dir/Applications/ModusToolbox_1.1/libraries/psoc6sw-1.1/components/psoc6pdl/drivers/source/cy_wdt.c.obj
LOAD CMakeFiles/VStest4_CortexM4.elf.dir/Applications/ModusToolbox_1.1/libraries/psoc6sw-1.1/components/psoc6pdl/drivers/source/gcc/cy_syslib_gcc.S.obj
START GROUP
LOAD /Applications/gcc-arm-none-eabi-8-2018-q4-major/bin/../lib/gcc/arm-none-eabi/8.2.1/thumb/v7e-m+fp/softfp/libgcc.a
LOAD /Applications/gcc-arm-none-eabi-8-2018-q4-major/bin/../lib/gcc/arm-none-eabi/8.2.1/../../../../arm-none-eabi/lib/thumb/v7e-m+fp/softfp/libg_nano.a
LOAD /Applications/gcc-arm-none-eabi-8-2018-q4-major/bin/../lib/gcc/arm-none-eabi/8.2.1/../../../../arm-none-eabi/lib/thumb/v7e-m+fp/softfp/libc_nano.a
END GROUP
START GROUP
LOAD /Applications/gcc-arm-none-eabi-8-2018-q4-major/bin/../lib/gcc/arm-none-eabi/8.2.1/thumb/v7e-m+fp/softfp/libgcc.a
LOAD /Applications/gcc-arm-none-eabi-8-2018-q4-major/bin/../lib/gcc/arm-none-eabi/8.2.1/../../../../arm-none-eabi/lib/thumb/v7e-m+fp/softfp/libc_nano.a
END GROUP
LOAD /Applications/gcc-arm-none-eabi-8-2018-q4-major/bin/../lib/gcc/arm-none-eabi/8.2.1/thumb/v7e-m+fp/softfp/crtend.o
LOAD /Applications/gcc-arm-none-eabi-8-2018-q4-major/bin/../lib/gcc/arm-none-eabi/8.2.1/thumb/v7e-m+fp/softfp/crtn.o
START GROUP
LOAD /Applications/gcc-arm-none-eabi-8-2018-q4-major/bin/../lib/gcc/arm-none-eabi/8.2.1/thumb/v7e-m+fp/softfp/libgcc.a
LOAD /Applications/gcc-arm-none-eabi-8-2018-q4-major/bin/../lib/gcc/arm-none-eabi/8.2.1/../../../../arm-none-eabi/lib/thumb/v7e-m+fp/softfp/libc.a
LOAD /Applications/gcc-arm-none-eabi-8-2018-q4-major/bin/../lib/gcc/arm-none-eabi/8.2.1/../../../../arm-none-eabi/lib/thumb/v7e-m+fp/softfp/libnosys.a
END GROUP
START GROUP
LOAD /Applications/gcc-arm-none-eabi-8-2018-q4-major/bin/../lib/gcc/arm-none-eabi/8.2.1/thumb/v7e-m+fp/softfp/libgcc.a
LOAD /Applications/gcc-arm-none-eabi-8-2018-q4-major/bin/../lib/gcc/arm-none-eabi/8.2.1/../../../../arm-none-eabi/lib/thumb/v7e-m+fp/softfp/libc.a
LOAD /Applications/gcc-arm-none-eabi-8-2018-q4-major/bin/../lib/gcc/arm-none-eabi/8.2.1/../../../../arm-none-eabi/lib/thumb/v7e-m+fp/softfp/libm.a
LOAD /Applications/gcc-arm-none-eabi-8-2018-q4-major/bin/../lib/gcc/arm-none-eabi/8.2.1/../../../../arm-none-eabi/lib/thumb/v7e-m+fp/softfp/libnosys.a
END GROUP

.text           0x0000000010080000      0xff8
                0x0000000010080000                . = ALIGN (0x4)
                0x0000000010080000                __Vectors = .
 *(.vectors)
 .vectors       0x0000000010080000      0x2e0 CMakeFiles/VStest4_CortexM4.elf.dir/Applications/ModusToolbox_1.1/libraries/psoc6sw-1.1/components/psoc6pdl/devices/psoc6/startup/gcc/startup_psoc6_02_cm4.S.obj
                0x00000000100802e0                . = ALIGN (0x4)
                0x00000000100802e0                __Vectors_End = .
                0x00000000000002e0                __Vectors_Size = (__Vectors_End - __Vectors)
                0x00000000100802e0                __end__ = .
                0x00000000100802e0                . = ALIGN (0x4)
 *(.text*)
 .text          0x00000000100802e0       0x40 /Applications/gcc-arm-none-eabi-8-2018-q4-major/bin/../lib/gcc/arm-none-eabi/8.2.1/thumb/v7e-m+fp/softfp/crtbegin.o
 .text.startup.main
                0x0000000010080320       0x1c CMakeFiles/VStest4_CortexM4.elf.dir/main.c.obj
                0x0000000010080320                main
 .text.init_cycfg_all
                0x000000001008033c        0x4 CMakeFiles/VStest4_CortexM4.elf.dir/__/__/design/CortexM4/GeneratedSource/cycfg.c.obj
                0x000000001008033c                init_cycfg_all
 .text.init_cycfg_pins
                0x0000000010080340       0x28 CMakeFiles/VStest4_CortexM4.elf.dir/__/__/design/CortexM4/GeneratedSource/cycfg_pins.c.obj
                0x0000000010080340                init_cycfg_pins
 .text.Cy_SysIpcPipeIsrCm4
                0x0000000010080368        0x6 CMakeFiles/VStest4_CortexM4.elf.dir/Applications/ModusToolbox_1.1/libraries/psoc6sw-1.1/components/psoc6pdl/devices/psoc6/startup/system_psoc6_cm4.c.obj
                0x0000000010080368                Cy_SysIpcPipeIsrCm4
 .text.Cy_SystemInit
                0x000000001008036e        0x2 CMakeFiles/VStest4_CortexM4.elf.dir/Applications/ModusToolbox_1.1/libraries/psoc6sw-1.1/components/psoc6pdl/devices/psoc6/startup/system_psoc6_cm4.c.obj
                0x000000001008036e                Cy_SystemInit
 .text.SystemCoreClockUpdate
                0x0000000010080370      0x198 CMakeFiles/VStest4_CortexM4.elf.dir/Applications/ModusToolbox_1.1/libraries/psoc6sw-1.1/components/psoc6pdl/devices/psoc6/startup/system_psoc6_cm4.c.obj
                0x0000000010080370                SystemCoreClockUpdate
 .text.SystemInit
                0x0000000010080508       0x48 CMakeFiles/VStest4_CortexM4.elf.dir/Applications/ModusToolbox_1.1/libraries/psoc6sw-1.1/components/psoc6pdl/devices/psoc6/startup/system_psoc6_cm4.c.obj
                0x0000000010080508                SystemInit
 .text.Cy_SystemInitFpuEnable
                0x0000000010080550       0x28 CMakeFiles/VStest4_CortexM4.elf.dir/Applications/ModusToolbox_1.1/libraries/psoc6sw-1.1/components/psoc6pdl/devices/psoc6/startup/system_psoc6_cm4.c.obj
                0x0000000010080550                Cy_SystemInitFpuEnable
 .text          0x0000000010080578       0x84 CMakeFiles/VStest4_CortexM4.elf.dir/Applications/ModusToolbox_1.1/libraries/psoc6sw-1.1/components/psoc6pdl/devices/psoc6/startup/gcc/startup_psoc6_02_cm4.S.obj
                0x0000000010080578                Cy_OnResetUser
                0x000000001008057a                Reset_Handler
                0x00000000100805dc                cpuss_interrupts_dw0_5_IRQHandler
                0x00000000100805dc                cpuss_interrupts_dw1_28_IRQHandler
                0x00000000100805dc                cpuss_interrupts_ipc_6_IRQHandler
                0x00000000100805dc                DebugMon_Handler
                0x00000000100805dc                tcpwm_1_interrupts_11_IRQHandler
                0x00000000100805dc                cpuss_interrupts_dw1_24_IRQHandler
                0x00000000100805dc                cpuss_interrupts_ipc_0_IRQHandler
                0x00000000100805dc                tcpwm_1_interrupts_15_IRQHandler
                0x00000000100805dc                cpuss_interrupts_dw0_23_IRQHandler
                0x00000000100805dc                cpuss_interrupts_dw1_18_IRQHandler
                0x00000000100805dc                tcpwm_1_interrupts_13_IRQHandler
                0x00000000100805dc                cpuss_interrupts_dw1_8_IRQHandler
                0x00000000100805dc                tcpwm_0_interrupts_0_IRQHandler
                0x00000000100805dc                SysTick_Handler
                0x00000000100805dc                cpuss_interrupt_fm_IRQHandler
                0x00000000100805dc                cpuss_interrupts_ipc_7_IRQHandler
                0x00000000100805dc                tcpwm_1_interrupts_14_IRQHandler
                0x00000000100805dc                cpuss_interrupts_dmac_0_IRQHandler
                0x00000000100805dc                cpuss_interrupts_dw0_11_IRQHandler
                0x00000000100805dc                tcpwm_1_interrupts_9_IRQHandler
                0x00000000100805dc                cpuss_interrupts_cm0_cti_1_IRQHandler
                0x00000000100805dc                tcpwm_1_interrupts_22_IRQHandler
                0x00000000100805dc                cpuss_interrupts_dw0_4_IRQHandler
                0x00000000100805dc                PendSV_Handler
                0x00000000100805dc                NMI_Handler
                0x00000000100805dc                scb_10_interrupt_IRQHandler
                0x00000000100805dc                cpuss_interrupts_dw1_12_IRQHandler
                0x00000000100805dc                tcpwm_1_interrupts_12_IRQHandler
                0x00000000100805dc                smif_interrupt_IRQHandler
                0x00000000100805dc                tcpwm_1_interrupts_2_IRQHandler
                0x00000000100805dc                cpuss_interrupts_ipc_13_IRQHandler
                0x00000000100805dc                tcpwm_1_interrupts_18_IRQHandler
                0x00000000100805dc                tcpwm_0_interrupts_2_IRQHandler
                0x00000000100805dc                cpuss_interrupts_dw0_13_IRQHandler
                0x00000000100805dc                cpuss_interrupts_dw1_7_IRQHandler
                0x00000000100805dc                ioss_interrupts_gpio_1_IRQHandler
                0x00000000100805dc                ioss_interrupts_gpio_7_IRQHandler
                0x00000000100805dc                cpuss_interrupts_dw0_24_IRQHandler
                0x00000000100805dc                scb_5_interrupt_IRQHandler
                0x00000000100805dc                cpuss_interrupts_fault_1_IRQHandler
                0x00000000100805dc                cpuss_interrupts_ipc_4_IRQHandler
                0x00000000100805dc                cpuss_interrupts_ipc_5_IRQHandler
                0x00000000100805dc                cpuss_interrupts_dw0_19_IRQHandler
                0x00000000100805dc                cpuss_interrupts_dw1_10_IRQHandler
                0x00000000100805dc                audioss_0_interrupt_i2s_IRQHandler
                0x00000000100805dc                tcpwm_1_interrupts_6_IRQHandler
                0x00000000100805dc                scb_4_interrupt_IRQHandler
                0x00000000100805dc                ioss_interrupts_gpio_2_IRQHandler
                0x00000000100805dc                cpuss_interrupts_dw0_27_IRQHandler
                0x00000000100805dc                cpuss_interrupts_dw1_9_IRQHandler
                0x00000000100805dc                cpuss_interrupts_dw1_13_IRQHandler
                0x00000000100805dc                scb_2_interrupt_IRQHandler
                0x00000000100805dc                cpuss_interrupts_dw1_20_IRQHandler
                0x00000000100805dc                cpuss_interrupts_dw0_3_IRQHandler
                0x00000000100805dc                lpcomp_interrupt_IRQHandler
                0x00000000100805dc                cpuss_interrupts_cm0_cti_0_IRQHandler
                0x00000000100805dc                ioss_interrupts_gpio_13_IRQHandler
                0x00000000100805dc                cpuss_interrupts_dw1_21_IRQHandler
                0x00000000100805dc                scb_11_interrupt_IRQHandler
                0x00000000100805dc                cpuss_interrupts_dmac_3_IRQHandler
                0x00000000100805dc                cpuss_interrupts_cm4_fp_IRQHandler
                0x00000000100805dc                srss_interrupt_IRQHandler
                0x00000000100805dc                scb_0_interrupt_IRQHandler
                0x00000000100805dc                csd_interrupt_IRQHandler
                0x00000000100805dc                cpuss_interrupts_dw0_18_IRQHandler
                0x00000000100805dc                profile_interrupt_IRQHandler
                0x00000000100805dc                tcpwm_1_interrupts_1_IRQHandler
                0x00000000100805dc                scb_12_interrupt_IRQHandler
                0x00000000100805dc                audioss_0_interrupt_pdm_IRQHandler
                0x00000000100805dc                cpuss_interrupts_dw1_25_IRQHandler
                0x00000000100805dc                sdhc_0_interrupt_wakeup_IRQHandler
                0x00000000100805dc                cpuss_interrupts_ipc_12_IRQHandler
                0x00000000100805dc                tcpwm_1_interrupts_3_IRQHandler
                0x00000000100805dc                tcpwm_0_interrupts_7_IRQHandler
                0x00000000100805dc                cpuss_interrupts_dw1_1_IRQHandler
                0x00000000100805dc                cpuss_interrupts_dw1_0_IRQHandler
                0x00000000100805dc                cpuss_interrupts_dw0_9_IRQHandler
                0x00000000100805dc                tcpwm_1_interrupts_23_IRQHandler
                0x00000000100805dc                tcpwm_1_interrupts_20_IRQHandler
                0x00000000100805dc                ioss_interrupt_gpio_IRQHandler
                0x00000000100805dc                tcpwm_0_interrupts_1_IRQHandler
                0x00000000100805dc                sdhc_0_interrupt_general_IRQHandler
                0x00000000100805dc                ioss_interrupts_gpio_8_IRQHandler
                0x00000000100805dc                tcpwm_0_interrupts_6_IRQHandler
                0x00000000100805dc                scb_7_interrupt_IRQHandler
                0x00000000100805dc                tcpwm_1_interrupts_7_IRQHandler
                0x00000000100805dc                cpuss_interrupts_ipc_11_IRQHandler
                0x00000000100805dc                cpuss_interrupts_dw0_15_IRQHandler
                0x00000000100805dc                cpuss_interrupts_dw1_6_IRQHandler
                0x00000000100805dc                cpuss_interrupt_crypto_IRQHandler
                0x00000000100805dc                scb_1_interrupt_IRQHandler
                0x00000000100805dc                Default_Handler
                0x00000000100805dc                usb_interrupt_hi_IRQHandler
                0x00000000100805dc                tcpwm_1_interrupts_0_IRQHandler
                0x00000000100805dc                scb_9_interrupt_IRQHandler
                0x00000000100805dc                srss_interrupt_mcwdt_0_IRQHandler
                0x00000000100805dc                cpuss_interrupts_dmac_1_IRQHandler
                0x00000000100805dc                scb_3_interrupt_IRQHandler
                0x00000000100805dc                cpuss_interrupts_dw0_16_IRQHandler
                0x00000000100805dc                ioss_interrupts_gpio_3_IRQHandler
                0x00000000100805dc                scb_6_interrupt_IRQHandler
                0x00000000100805dc                cpuss_interrupts_cm4_cti_0_IRQHandler
                0x00000000100805dc                cpuss_interrupts_dw1_26_IRQHandler
                0x00000000100805dc                cpuss_interrupts_dw1_3_IRQHandler
                0x00000000100805dc                pass_interrupt_sar_IRQHandler
                0x00000000100805dc                ioss_interrupts_gpio_0_IRQHandler
                0x00000000100805dc                cpuss_interrupts_dw1_17_IRQHandler
                0x00000000100805dc                sdhc_1_interrupt_general_IRQHandler
                0x00000000100805dc                ioss_interrupts_gpio_14_IRQHandler
                0x00000000100805dc                tcpwm_0_interrupts_4_IRQHandler
                0x00000000100805dc                tcpwm_0_interrupts_5_IRQHandler
                0x00000000100805dc                cpuss_interrupts_dw1_16_IRQHandler
                0x00000000100805dc                cpuss_interrupts_ipc_15_IRQHandler
                0x00000000100805dc                cpuss_interrupts_cm4_cti_1_IRQHandler
                0x00000000100805dc                scb_8_interrupt_IRQHandler
                0x00000000100805dc                srss_interrupt_mcwdt_1_IRQHandler
                0x00000000100805dc                SVC_Handler
                0x00000000100805dc                cpuss_interrupts_dw1_27_IRQHandler
                0x00000000100805dc                cpuss_interrupts_dw0_20_IRQHandler
                0x00000000100805dc                cpuss_interrupts_dw1_5_IRQHandler
                0x00000000100805dc                audioss_1_interrupt_i2s_IRQHandler
                0x00000000100805dc                cpuss_interrupts_ipc_1_IRQHandler
                0x00000000100805dc                cpuss_interrupts_dw0_0_IRQHandler
                0x00000000100805dc                ioss_interrupts_gpio_12_IRQHandler
                0x00000000100805dc                cpuss_interrupts_dw0_17_IRQHandler
                0x00000000100805dc                cpuss_interrupts_ipc_3_IRQHandler
                0x00000000100805dc                cpuss_interrupts_dw1_22_IRQHandler
                0x00000000100805dc                cpuss_interrupts_dw1_23_IRQHandler
                0x00000000100805dc                tcpwm_1_interrupts_17_IRQHandler
                0x00000000100805dc                srss_interrupt_backup_IRQHandler
                0x00000000100805dc                cpuss_interrupts_dw0_26_IRQHandler
                0x00000000100805dc                cpuss_interrupts_ipc_10_IRQHandler
                0x00000000100805dc                cpuss_interrupts_ipc_9_IRQHandler
                0x00000000100805dc                cpuss_interrupts_dw0_14_IRQHandler
                0x00000000100805dc                tcpwm_1_interrupts_4_IRQHandler
                0x00000000100805dc                tcpwm_0_interrupts_3_IRQHandler
                0x00000000100805dc                cpuss_interrupts_dw1_15_IRQHandler
                0x00000000100805dc                ioss_interrupts_gpio_10_IRQHandler
                0x00000000100805dc                cpuss_interrupts_dw0_8_IRQHandler
                0x00000000100805dc                cpuss_interrupts_dmac_2_IRQHandler
                0x00000000100805dc                ioss_interrupts_gpio_11_IRQHandler
                0x00000000100805dc                cpuss_interrupts_ipc_14_IRQHandler
                0x00000000100805dc                ioss_interrupts_gpio_5_IRQHandler
                0x00000000100805dc                ioss_interrupts_gpio_4_IRQHandler
                0x00000000100805dc                tcpwm_1_interrupts_8_IRQHandler
                0x00000000100805dc                cpuss_interrupts_dw1_14_IRQHandler
                0x00000000100805dc                cpuss_interrupts_dw0_22_IRQHandler
                0x00000000100805dc                usb_interrupt_med_IRQHandler
                0x00000000100805dc                cpuss_interrupts_dw0_2_IRQHandler
                0x00000000100805dc                tcpwm_1_interrupts_10_IRQHandler
                0x00000000100805dc                cpuss_interrupts_dw0_28_IRQHandler
                0x00000000100805dc                cpuss_interrupts_fault_0_IRQHandler
                0x00000000100805dc                cpuss_interrupts_dw0_12_IRQHandler
                0x00000000100805dc                ioss_interrupts_gpio_6_IRQHandler
                0x00000000100805dc                tcpwm_1_interrupts_21_IRQHandler
                0x00000000100805dc                tcpwm_1_interrupts_16_IRQHandler
                0x00000000100805dc                cpuss_interrupts_dw1_4_IRQHandler
                0x00000000100805dc                cpuss_interrupts_dw1_11_IRQHandler
                0x00000000100805dc                cpuss_interrupts_dw0_6_IRQHandler
                0x00000000100805dc                cpuss_interrupts_dw0_25_IRQHandler
                0x00000000100805dc                ioss_interrupt_vdd_IRQHandler
                0x00000000100805dc                tcpwm_1_interrupts_5_IRQHandler
                0x00000000100805dc                cpuss_interrupts_ipc_2_IRQHandler
                0x00000000100805dc                cpuss_interrupts_dw0_10_IRQHandler
                0x00000000100805dc                cpuss_interrupts_dw1_19_IRQHandler
                0x00000000100805dc                tcpwm_1_interrupts_19_IRQHandler
                0x00000000100805dc                cpuss_interrupts_dw0_1_IRQHandler
                0x00000000100805dc                ioss_interrupts_gpio_9_IRQHandler
                0x00000000100805dc                sdhc_1_interrupt_wakeup_IRQHandler
                0x00000000100805dc                usb_interrupt_lo_IRQHandler
                0x00000000100805dc                cpuss_interrupts_ipc_8_IRQHandler
                0x00000000100805dc                cpuss_interrupts_dw0_21_IRQHandler
                0x00000000100805dc                cpuss_interrupts_dw0_7_IRQHandler
                0x00000000100805dc                cpuss_interrupts_dw1_2_IRQHandler
                0x00000000100805e0                UsageFault_Handler
                0x00000000100805e0                HardFault_Handler
                0x00000000100805e0                BusFault_Handler
                0x00000000100805e0                MemManage_Handler
 .text.Cy_PDL_Init
                0x00000000100805fc        0xc CMakeFiles/VStest4_CortexM4.elf.dir/Applications/ModusToolbox_1.1/libraries/psoc6sw-1.1/components/psoc6pdl/drivers/source/cy_device.c.obj
                0x00000000100805fc                Cy_PDL_Init
 .text.Cy_SysClk_ClkPeriGetDivider
                0x0000000010080608       0x14 CMakeFiles/VStest4_CortexM4.elf.dir/Applications/ModusToolbox_1.1/libraries/psoc6sw-1.1/components/psoc6pdl/drivers/source/cy_flash.c.obj
 .text.Cy_SysClk_ClkSlowGetDivider
                0x000000001008061c       0x18 CMakeFiles/VStest4_CortexM4.elf.dir/Applications/ModusToolbox_1.1/libraries/psoc6sw-1.1/components/psoc6pdl/drivers/source/cy_flash.c.obj
 .text.Cy_IPC_Drv_GetIpcBaseAddress
                0x0000000010080634       0x14 CMakeFiles/VStest4_CortexM4.elf.dir/Applications/ModusToolbox_1.1/libraries/psoc6sw-1.1/components/psoc6pdl/drivers/source/cy_flash.c.obj
 .text.Cy_Flash_ProcessOpcode
                0x0000000010080648       0xb8 CMakeFiles/VStest4_CortexM4.elf.dir/Applications/ModusToolbox_1.1/libraries/psoc6sw-1.1/components/psoc6pdl/drivers/source/cy_flash.c.obj
 .text.Cy_Flash_OperationStatus
                0x0000000010080700       0x3c CMakeFiles/VStest4_CortexM4.elf.dir/Applications/ModusToolbox_1.1/libraries/psoc6sw-1.1/components/psoc6pdl/drivers/source/cy_flash.c.obj
 .text.Cy_Flash_InitExt
                0x000000001008073c       0x74 CMakeFiles/VStest4_CortexM4.elf.dir/Applications/ModusToolbox_1.1/libraries/psoc6sw-1.1/components/psoc6pdl/drivers/source/cy_flash.c.obj
                0x000000001008073c                Cy_Flash_InitExt
 .text.Cy_Flash_Init
                0x00000000100807b0        0xc CMakeFiles/VStest4_CortexM4.elf.dir/Applications/ModusToolbox_1.1/libraries/psoc6sw-1.1/components/psoc6pdl/drivers/source/cy_flash.c.obj
                0x00000000100807b0                Cy_Flash_Init
 .text.Cy_GPIO_SetHSIOM
                0x00000000100807bc       0x50 CMakeFiles/VStest4_CortexM4.elf.dir/Applications/ModusToolbox_1.1/libraries/psoc6sw-1.1/components/psoc6pdl/drivers/source/cy_gpio.c.obj
 .text.Cy_GPIO_Pin_Init
                0x000000001008080c      0x130 CMakeFiles/VStest4_CortexM4.elf.dir/Applications/ModusToolbox_1.1/libraries/psoc6sw-1.1/components/psoc6pdl/drivers/source/cy_gpio.c.obj
                0x000000001008080c                Cy_GPIO_Pin_Init
 .text.Cy_IPC_Drv_LockRelease
                0x000000001008093c       0x20 CMakeFiles/VStest4_CortexM4.elf.dir/Applications/ModusToolbox_1.1/libraries/psoc6sw-1.1/components/psoc6pdl/drivers/source/cy_ipc_drv.c.obj
                0x000000001008093c                Cy_IPC_Drv_LockRelease
 .text.Cy_IPC_Drv_SendMsgWord
                0x000000001008095c       0x18 CMakeFiles/VStest4_CortexM4.elf.dir/Applications/ModusToolbox_1.1/libraries/psoc6sw-1.1/components/psoc6pdl/drivers/source/cy_ipc_drv.c.obj
                0x000000001008095c                Cy_IPC_Drv_SendMsgWord
 .text.Cy_IPC_Drv_ReadMsgWord
                0x0000000010080974       0x20 CMakeFiles/VStest4_CortexM4.elf.dir/Applications/ModusToolbox_1.1/libraries/psoc6sw-1.1/components/psoc6pdl/drivers/source/cy_ipc_drv.c.obj
                0x0000000010080974                Cy_IPC_Drv_ReadMsgWord
 .text.Cy_IPC_Pipe_Config
                0x0000000010080994       0x10 CMakeFiles/VStest4_CortexM4.elf.dir/Applications/ModusToolbox_1.1/libraries/psoc6sw-1.1/components/psoc6pdl/drivers/source/cy_ipc_pipe.c.obj
                0x0000000010080994                Cy_IPC_Pipe_Config
 .text.Cy_IPC_Pipe_EndpointInit
                0x00000000100809a4       0x68 CMakeFiles/VStest4_CortexM4.elf.dir/Applications/ModusToolbox_1.1/libraries/psoc6sw-1.1/components/psoc6pdl/drivers/source/cy_ipc_pipe.c.obj
                0x00000000100809a4                Cy_IPC_Pipe_EndpointInit
 .text.Cy_IPC_Pipe_Init
                0x0000000010080a0c       0x68 CMakeFiles/VStest4_CortexM4.elf.dir/Applications/ModusToolbox_1.1/libraries/psoc6sw-1.1/components/psoc6pdl/drivers/source/cy_ipc_pipe.c.obj
                0x0000000010080a0c                Cy_IPC_Pipe_Init
 .text.Cy_IPC_Pipe_SendMessage
                0x0000000010080a74       0x58 CMakeFiles/VStest4_CortexM4.elf.dir/Applications/ModusToolbox_1.1/libraries/psoc6sw-1.1/components/psoc6pdl/drivers/source/cy_ipc_pipe.c.obj
                0x0000000010080a74                Cy_IPC_Pipe_SendMessage
 .text.Cy_IPC_Pipe_RegisterCallback
                0x0000000010080acc       0x28 CMakeFiles/VStest4_CortexM4.elf.dir/Applications/ModusToolbox_1.1/libraries/psoc6sw-1.1/components/psoc6pdl/drivers/source/cy_ipc_pipe.c.obj
                0x0000000010080acc                Cy_IPC_Pipe_RegisterCallback
 .text.Cy_IPC_Pipe_ExecCallback
                0x0000000010080af4       0x80 CMakeFiles/VStest4_CortexM4.elf.dir/Applications/ModusToolbox_1.1/libraries/psoc6sw-1.1/components/psoc6pdl/drivers/source/cy_ipc_pipe.c.obj
                0x0000000010080af4                Cy_IPC_Pipe_ExecCallback
 .text.Cy_IPC_Pipe_ExecuteCallback
                0x0000000010080b74       0x14 CMakeFiles/VStest4_CortexM4.elf.dir/Applications/ModusToolbox_1.1/libraries/psoc6sw-1.1/components/psoc6pdl/drivers/source/cy_ipc_pipe.c.obj
                0x0000000010080b74                Cy_IPC_Pipe_ExecuteCallback
 .text.Cy_IPC_Sema_InitExt
                0x0000000010080b88       0x68 CMakeFiles/VStest4_CortexM4.elf.dir/Applications/ModusToolbox_1.1/libraries/psoc6sw-1.1/components/psoc6pdl/drivers/source/cy_ipc_sema.c.obj
                0x0000000010080b88                Cy_IPC_Sema_InitExt
 .text.Cy_IPC_Sema_Init
                0x0000000010080bf0       0x48 CMakeFiles/VStest4_CortexM4.elf.dir/Applications/ModusToolbox_1.1/libraries/psoc6sw-1.1/components/psoc6pdl/drivers/source/cy_ipc_sema.c.obj
                0x0000000010080bf0                Cy_IPC_Sema_Init
 .text.Cy_IPC_Sema_Clear
                0x0000000010080c38       0x80 CMakeFiles/VStest4_CortexM4.elf.dir/Applications/ModusToolbox_1.1/libraries/psoc6sw-1.1/components/psoc6pdl/drivers/source/cy_ipc_sema.c.obj
                0x0000000010080c38                Cy_IPC_Sema_Clear
 .text.Cy_IPC_Sema_Status
                0x0000000010080cb8       0x40 CMakeFiles/VStest4_CortexM4.elf.dir/Applications/ModusToolbox_1.1/libraries/psoc6sw-1.1/components/psoc6pdl/drivers/source/cy_ipc_sema.c.obj
                0x0000000010080cb8                Cy_IPC_Sema_Status
 .text.Cy_SysInt_SetVector
                0x0000000010080cf8       0x2c CMakeFiles/VStest4_CortexM4.elf.dir/Applications/ModusToolbox_1.1/libraries/psoc6sw-1.1/components/psoc6pdl/drivers/source/cy_sysint.c.obj
                0x0000000010080cf8                Cy_SysInt_SetVector
 .text.Cy_SysInt_Init
                0x0000000010080d24       0x54 CMakeFiles/VStest4_CortexM4.elf.dir/Applications/ModusToolbox_1.1/libraries/psoc6sw-1.1/components/psoc6pdl/drivers/source/cy_sysint.c.obj
                0x0000000010080d24                Cy_SysInt_Init
 .text.Cy_SysLib_Delay
                0x0000000010080d78       0x30 CMakeFiles/VStest4_CortexM4.elf.dir/Applications/ModusToolbox_1.1/libraries/psoc6sw-1.1/components/psoc6pdl/drivers/source/cy_syslib.c.obj
                0x0000000010080d78                Cy_SysLib_Delay
 .text.Cy_SysLib_ProcessingFault
                0x0000000010080da8        0x2 CMakeFiles/VStest4_CortexM4.elf.dir/Applications/ModusToolbox_1.1/libraries/psoc6sw-1.1/components/psoc6pdl/drivers/source/cy_syslib.c.obj
                0x0000000010080da8                Cy_SysLib_ProcessingFault
 *fill*         0x0000000010080daa        0x2 
 .text.Cy_SysLib_FaultHandler
                0x0000000010080dac       0x98 CMakeFiles/VStest4_CortexM4.elf.dir/Applications/ModusToolbox_1.1/libraries/psoc6sw-1.1/components/psoc6pdl/drivers/source/cy_syslib.c.obj
                0x0000000010080dac                Cy_SysLib_FaultHandler
 .text.Cy_SysLib_GetDeviceRevision
                0x0000000010080e44       0x12 CMakeFiles/VStest4_CortexM4.elf.dir/Applications/ModusToolbox_1.1/libraries/psoc6sw-1.1/components/psoc6pdl/drivers/source/cy_syspm.c.obj
 *fill*         0x0000000010080e56        0x2 
 .text          0x0000000010080e58       0x20 CMakeFiles/VStest4_CortexM4.elf.dir/Applications/ModusToolbox_1.1/libraries/psoc6sw-1.1/components/psoc6pdl/drivers/source/gcc/cy_syslib_gcc.S.obj
                0x0000000010080e58                Cy_SysLib_DelayCycles
                0x0000000010080e6a                Cy_SysLib_EnterCriticalSection
                0x0000000010080e72                Cy_SysLib_ExitCriticalSection
 .text.memset   0x0000000010080e78       0x10 /Applications/gcc-arm-none-eabi-8-2018-q4-major/bin/../lib/gcc/arm-none-eabi/8.2.1/../../../../arm-none-eabi/lib/thumb/v7e-m+fp/softfp/libg_nano.a(lib_a-memset.o)
                0x0000000010080e78                memset
 *(.init)
 .init          0x0000000010080e88        0x4 /Applications/gcc-arm-none-eabi-8-2018-q4-major/bin/../lib/gcc/arm-none-eabi/8.2.1/thumb/v7e-m+fp/softfp/crti.o
                0x0000000010080e88                _init
 .init          0x0000000010080e8c        0x8 /Applications/gcc-arm-none-eabi-8-2018-q4-major/bin/../lib/gcc/arm-none-eabi/8.2.1/thumb/v7e-m+fp/softfp/crtn.o
 *(.fini)
 .fini          0x0000000010080e94        0x4 /Applications/gcc-arm-none-eabi-8-2018-q4-major/bin/../lib/gcc/arm-none-eabi/8.2.1/thumb/v7e-m+fp/softfp/crti.o
                0x0000000010080e94                _fini
 .fini          0x0000000010080e98        0x8 /Applications/gcc-arm-none-eabi-8-2018-q4-major/bin/../lib/gcc/arm-none-eabi/8.2.1/thumb/v7e-m+fp/softfp/crtn.o
 *crtbegin.o(.ctors)
 *crtbegin?.o(.ctors)
 *(EXCLUDE_FILE(*crtend.o *crtend?.o) .ctors)
 *(SORT_BY_NAME(.ctors.*))
 *(.ctors)
 *crtbegin.o(.dtors)
 *crtbegin?.o(.dtors)
 *(EXCLUDE_FILE(*crtend.o *crtend?.o) .dtors)
 *(SORT_BY_NAME(.dtors.*))
 *(.dtors)
 *(.rodata .rodata.* .constdata .constdata.* .conststring .conststring.*)
 .rodata.LED_BLUE_config
                0x0000000010080ea0       0x34 CMakeFiles/VStest4_CortexM4.elf.dir/__/__/design/CortexM4/GeneratedSource/cycfg_pins.c.obj
                0x0000000010080ea0                LED_BLUE_config
 .rodata.LED_RED_config
                0x0000000010080ed4       0x34 CMakeFiles/VStest4_CortexM4.elf.dir/__/__/design/CortexM4/GeneratedSource/cycfg_pins.c.obj
                0x0000000010080ed4                LED_RED_config
 .rodata.systemIpcPipeConfigCm4.12553
                0x0000000010080f08       0x34 CMakeFiles/VStest4_CortexM4.elf.dir/Applications/ModusToolbox_1.1/libraries/psoc6sw-1.1/components/psoc6pdl/devices/psoc6/startup/system_psoc6_cm4.c.obj
 .rodata.cy_deviceIpBlockCfgPSoC6_01
                0x0000000010080f3c       0xb8 CMakeFiles/VStest4_CortexM4.elf.dir/Applications/ModusToolbox_1.1/libraries/psoc6sw-1.1/components/psoc6pdl/drivers/source/cy_device.c.obj
                0x0000000010080f3c                cy_deviceIpBlockCfgPSoC6_01
 *(.eh_frame*)
 .eh_frame      0x0000000010080ff4        0x0 /Applications/gcc-arm-none-eabi-8-2018-q4-major/bin/../lib/gcc/arm-none-eabi/8.2.1/thumb/v7e-m+fp/softfp/crtbegin.o
 .eh_frame      0x0000000010080ff4        0x4 /Applications/gcc-arm-none-eabi-8-2018-q4-major/bin/../lib/gcc/arm-none-eabi/8.2.1/thumb/v7e-m+fp/softfp/crtend.o

.glue_7         0x0000000010080ff8        0x0
 .glue_7        0x0000000010080ff8        0x0 linker stubs

.glue_7t        0x0000000010080ff8        0x0
 .glue_7t       0x0000000010080ff8        0x0 linker stubs

.vfp11_veneer   0x0000000010080ff8        0x0
 .vfp11_veneer  0x0000000010080ff8        0x0 linker stubs

.v4_bx          0x0000000010080ff8        0x0
 .v4_bx         0x0000000010080ff8        0x0 linker stubs

.iplt           0x0000000010080ff8        0x0
 .iplt          0x0000000010080ff8        0x0 /Applications/gcc-arm-none-eabi-8-2018-q4-major/bin/../lib/gcc/arm-none-eabi/8.2.1/thumb/v7e-m+fp/softfp/crtbegin.o

.rel.dyn        0x0000000010080ff8        0x0
 .rel.iplt      0x0000000010080ff8        0x0 /Applications/gcc-arm-none-eabi-8-2018-q4-major/bin/../lib/gcc/arm-none-eabi/8.2.1/thumb/v7e-m+fp/softfp/crtbegin.o

.ARM.extab
 *(.ARM.extab* .gnu.linkonce.armextab.*)
                0x0000000010080ff8                __exidx_start = .

.ARM.exidx
 *(.ARM.exidx* .gnu.linkonce.armexidx.*)
                0x0000000010080ff8                __exidx_end = .

.copy.table     0x0000000010080ff8       0x18
                0x0000000010080ff8                . = ALIGN (0x4)
                0x0000000010080ff8                __copy_table_start__ = .
                0x0000000010080ff8        0x4 LONG 0x10080000 __Vectors
                0x0000000010080ffc        0x4 LONG 0x8024000 __ram_vectors_start__
                0x0000000010081000        0x4 LONG 0x2e0 (__Vectors_End - __Vectors)
                0x0000000010081004        0x4 LONG 0x10081018 __etext
                0x0000000010081008        0x4 LONG 0x80242e0 __data_start__
                0x000000001008100c        0x4 LONG 0x4b0 (__data_end__ - __data_start__)
                0x0000000010081010                __copy_table_end__ = .

.zero.table     0x0000000010081010        0x8
                0x0000000010081010                . = ALIGN (0x4)
                0x0000000010081010                __zero_table_start__ = .
                0x0000000010081010        0x4 LONG 0x8024808 __bss_start__
                0x0000000010081014        0x4 LONG 0x1ec (__bss_end__ - __bss_start__)
                0x0000000010081018                __zero_table_end__ = .
                0x0000000010081018                __etext = .

.ramVectors     0x0000000008024000      0x2e0
                0x0000000008024000                __ram_vectors_start__ = .
 *(.ram_vectors)
 .ram_vectors   0x0000000008024000      0x2e0 CMakeFiles/VStest4_CortexM4.elf.dir/Applications/ModusToolbox_1.1/libraries/psoc6sw-1.1/components/psoc6pdl/devices/psoc6/startup/gcc/startup_psoc6_02_cm4.S.obj
                0x0000000008024000                __ramVectors
                0x00000000080242e0                __ram_vectors_end__ = .

.data           0x00000000080242e0      0x4b0 load address 0x0000000010081018
                0x00000000080242e0                __data_start__ = .
 *(vtable)
 *(.data*)
 .data.SystemCoreClock
                0x00000000080242e0        0x4 CMakeFiles/VStest4_CortexM4.elf.dir/Applications/ModusToolbox_1.1/libraries/psoc6sw-1.1/components/psoc6pdl/devices/psoc6/startup/system_psoc6_cm4.c.obj
                0x00000000080242e0                SystemCoreClock
 .data.cy_BleEcoClockFreqHz
                0x00000000080242e4        0x4 CMakeFiles/VStest4_CortexM4.elf.dir/Applications/ModusToolbox_1.1/libraries/psoc6sw-1.1/components/psoc6pdl/devices/psoc6/startup/system_psoc6_cm4.c.obj
                0x00000000080242e4                cy_BleEcoClockFreqHz
 .data.cy_Hfclk0FreqHz
                0x00000000080242e8        0x4 CMakeFiles/VStest4_CortexM4.elf.dir/Applications/ModusToolbox_1.1/libraries/psoc6sw-1.1/components/psoc6pdl/devices/psoc6/startup/system_psoc6_cm4.c.obj
                0x00000000080242e8                cy_Hfclk0FreqHz
 .data.cy_PeriClkFreqHz
                0x00000000080242ec        0x4 CMakeFiles/VStest4_CortexM4.elf.dir/Applications/ModusToolbox_1.1/libraries/psoc6sw-1.1/components/psoc6pdl/devices/psoc6/startup/system_psoc6_cm4.c.obj
                0x00000000080242ec                cy_PeriClkFreqHz
 .data.cy_delay32kMs
                0x00000000080242f0        0x4 CMakeFiles/VStest4_CortexM4.elf.dir/Applications/ModusToolbox_1.1/libraries/psoc6sw-1.1/components/psoc6pdl/devices/psoc6/startup/system_psoc6_cm4.c.obj
                0x00000000080242f0                cy_delay32kMs
 .data.cy_delayFreqHz
                0x00000000080242f4        0x4 CMakeFiles/VStest4_CortexM4.elf.dir/Applications/ModusToolbox_1.1/libraries/psoc6sw-1.1/components/psoc6pdl/devices/psoc6/startup/system_psoc6_cm4.c.obj
                0x00000000080242f4                cy_delayFreqHz
 .data.cy_delayFreqKhz
                0x00000000080242f8        0x4 CMakeFiles/VStest4_CortexM4.elf.dir/Applications/ModusToolbox_1.1/libraries/psoc6sw-1.1/components/psoc6pdl/devices/psoc6/startup/system_psoc6_cm4.c.obj
                0x00000000080242f8                cy_delayFreqKhz
 .data.cy_delayFreqMhz
                0x00000000080242fc        0x1 CMakeFiles/VStest4_CortexM4.elf.dir/Applications/ModusToolbox_1.1/libraries/psoc6sw-1.1/components/psoc6pdl/devices/psoc6/startup/system_psoc6_cm4.c.obj
                0x00000000080242fc                cy_delayFreqMhz
                0x0000000008024300                . = ALIGN (0x4)
 *fill*         0x00000000080242fd        0x3 
                0x0000000008024300                PROVIDE (__preinit_array_start = .)
 *(.preinit_array)
                0x0000000008024300                PROVIDE (__preinit_array_end = .)
                0x0000000008024300                . = ALIGN (0x4)
                0x0000000008024300                PROVIDE (__init_array_start = .)
 *(SORT_BY_NAME(.init_array.*))
 *(.init_array)
 .init_array    0x0000000008024300        0x4 /Applications/gcc-arm-none-eabi-8-2018-q4-major/bin/../lib/gcc/arm-none-eabi/8.2.1/thumb/v7e-m+fp/softfp/crtbegin.o
                0x0000000008024304                PROVIDE (__init_array_end = .)
                0x0000000008024304                . = ALIGN (0x4)
                [!provide]                        PROVIDE (__fini_array_start = .)
 *(SORT_BY_NAME(.fini_array.*))
 *(.fini_array)
 .fini_array    0x0000000008024304        0x4 /Applications/gcc-arm-none-eabi-8-2018-q4-major/bin/../lib/gcc/arm-none-eabi/8.2.1/thumb/v7e-m+fp/softfp/crtbegin.o
                [!provide]                        PROVIDE (__fini_array_end = .)
 *(.jcr*)
                0x0000000008024308                . = ALIGN (0x4)
 *(.cy_ramfunc*)
 .cy_ramfunc    0x0000000008024308      0x240 CMakeFiles/VStest4_CortexM4.elf.dir/Applications/ModusToolbox_1.1/libraries/psoc6sw-1.1/components/psoc6pdl/drivers/source/cy_flash.c.obj
                0x0000000008024392                Cy_Flash_ResumeIrqHandler
 .cy_ramfunc    0x0000000008024548      0x1ec CMakeFiles/VStest4_CortexM4.elf.dir/Applications/ModusToolbox_1.1/libraries/psoc6sw-1.1/components/psoc6pdl/drivers/source/cy_syspm.c.obj
 *fill*         0x0000000008024734        0x4 
 .cy_ramfunc.__stub
                0x0000000008024738       0x58 linker stubs
                0x0000000008024790                . = ALIGN (0x4)
                0x0000000008024790                __data_end__ = .

.igot.plt       0x0000000008024790        0x0 load address 0x00000000100814c8
 .igot.plt      0x0000000008024790        0x0 /Applications/gcc-arm-none-eabi-8-2018-q4-major/bin/../lib/gcc/arm-none-eabi/8.2.1/thumb/v7e-m+fp/softfp/crtbegin.o

.noinit         0x0000000008024790       0x78 load address 0x00000000100814c8
 *(.noinit)
 .noinit        0x0000000008024790       0x78 CMakeFiles/VStest4_CortexM4.elf.dir/Applications/ModusToolbox_1.1/libraries/psoc6sw-1.1/components/psoc6pdl/drivers/source/cy_syslib.c.obj
                0x0000000008024790                cy_faultFrame

.bss            0x0000000008024808      0x1ec load address 0x0000000010081540
                0x0000000008024808                . = ALIGN (0x4)
                0x0000000008024808                __bss_start__ = .
 *(.bss*)
 .bss           0x0000000008024808       0x1c /Applications/gcc-arm-none-eabi-8-2018-q4-major/bin/../lib/gcc/arm-none-eabi/8.2.1/thumb/v7e-m+fp/softfp/crtbegin.o
 .bss.systemIpcPipeEpArray.12551
                0x0000000008024824      0x160 CMakeFiles/VStest4_CortexM4.elf.dir/Applications/ModusToolbox_1.1/libraries/psoc6sw-1.1/components/psoc6pdl/devices/psoc6/startup/system_psoc6_cm4.c.obj
 .bss.systemIpcPipeSysCbArray.12552
                0x0000000008024984       0x20 CMakeFiles/VStest4_CortexM4.elf.dir/Applications/ModusToolbox_1.1/libraries/psoc6sw-1.1/components/psoc6pdl/devices/psoc6/startup/system_psoc6_cm4.c.obj
 .bss.flashContext
                0x00000000080249a4       0x10 CMakeFiles/VStest4_CortexM4.elf.dir/Applications/ModusToolbox_1.1/libraries/psoc6sw-1.1/components/psoc6pdl/drivers/source/cy_flash.c.obj
 .bss.ipcWaitMessage
                0x00000000080249b4        0x4 CMakeFiles/VStest4_CortexM4.elf.dir/Applications/ModusToolbox_1.1/libraries/psoc6sw-1.1/components/psoc6pdl/drivers/source/cy_flash.c.obj
 .bss.ipcWaitMessageStc.13503
                0x00000000080249b8        0x4 CMakeFiles/VStest4_CortexM4.elf.dir/Applications/ModusToolbox_1.1/libraries/psoc6sw-1.1/components/psoc6pdl/drivers/source/cy_flash.c.obj
 .bss.cy_ipc_pipe_epArray
                0x00000000080249bc        0x4 CMakeFiles/VStest4_CortexM4.elf.dir/Applications/ModusToolbox_1.1/libraries/psoc6sw-1.1/components/psoc6pdl/drivers/source/cy_ipc_pipe.c.obj
 .bss.cy_semaData.12731
                0x00000000080249c0        0x8 CMakeFiles/VStest4_CortexM4.elf.dir/Applications/ModusToolbox_1.1/libraries/psoc6sw-1.1/components/psoc6pdl/drivers/source/cy_ipc_sema.c.obj
 .bss.cy_semaIpcStruct
                0x00000000080249c8        0x4 CMakeFiles/VStest4_CortexM4.elf.dir/Applications/ModusToolbox_1.1/libraries/psoc6sw-1.1/components/psoc6pdl/drivers/source/cy_ipc_sema.c.obj
 .bss.bkpRegs   0x00000000080249cc       0x20 CMakeFiles/VStest4_CortexM4.elf.dir/Applications/ModusToolbox_1.1/libraries/psoc6sw-1.1/components/psoc6pdl/drivers/source/cy_syspm.c.obj
 .bss.wasEventSent
                0x00000000080249ec        0x1 CMakeFiles/VStest4_CortexM4.elf.dir/Applications/ModusToolbox_1.1/libraries/psoc6sw-1.1/components/psoc6pdl/drivers/source/cy_syspm.c.obj
 *(COMMON)
 *fill*         0x00000000080249ed        0x3 
 COMMON         0x00000000080249f0        0x4 CMakeFiles/VStest4_CortexM4.elf.dir/Applications/ModusToolbox_1.1/libraries/psoc6sw-1.1/components/psoc6pdl/drivers/source/cy_device.c.obj
                0x00000000080249f0                cy_device
                0x00000000080249f4                . = ALIGN (0x4)
                0x00000000080249f4                __bss_end__ = .

.heap           0x00000000080249f8      0x400
                0x00000000080249f8                __HeapBase = .
                0x00000000080249f8                __end__ = .
                0x00000000080249f8                end = __end__
 *(.heap*)
 .heap          0x00000000080249f8      0x400 CMakeFiles/VStest4_CortexM4.elf.dir/Applications/ModusToolbox_1.1/libraries/psoc6sw-1.1/components/psoc6pdl/devices/psoc6/startup/gcc/startup_psoc6_02_cm4.S.obj
                0x0000000008024df8                __HeapLimit = .

.stack_dummy    0x00000000080249f8     0x1000
 *(.stack*)
 .stack         0x00000000080249f8     0x1000 CMakeFiles/VStest4_CortexM4.elf.dir/Applications/ModusToolbox_1.1/libraries/psoc6sw-1.1/components/psoc6pdl/devices/psoc6/startup/gcc/startup_psoc6_02_cm4.S.obj
                0x0000000008047800                __StackTop = (ORIGIN (ram) + LENGTH (ram))
                0x0000000008046800                __StackLimit = (__StackTop - SIZEOF (.stack_dummy))
                0x0000000008047800                PROVIDE (__stack = __StackTop)
                0x0000000000000001                ASSERT ((__StackLimit >= __HeapLimit), region RAM overflowed with stack)

.cy_app_signature
 *(.cy_app_signature)

.cy_em_eeprom
 *(.cy_em_eeprom)

.cy_sflash_user_data
 *(.cy_sflash_user_data)

.cy_sflash_nar
 *(.cy_sflash_nar)

.cy_sflash_public_key
 *(.cy_sflash_public_key)

.cy_toc_part2
 *(.cy_toc_part2)

.cy_rtoc_part2
 *(.cy_rtoc_part2)

.cy_xip
 *(.cy_xip)

.cy_efuse
 *(.cy_efuse)

.cymeta
 *(.cymeta)
                0x0000000010000000                __cy_memory_0_start = 0x10000000
                0x0000000000100000                __cy_memory_0_length = 0x100000
                0x0000000000000200                __cy_memory_0_row_size = 0x200
                0x0000000014000000                __cy_memory_1_start = 0x14000000
                0x0000000000008000                __cy_memory_1_length = 0x8000
                0x0000000000000200                __cy_memory_1_row_size = 0x200
                0x0000000016000000                __cy_memory_2_start = 0x16000000
                0x0000000000008000                __cy_memory_2_length = 0x8000
                0x0000000000000200                __cy_memory_2_row_size = 0x200
                0x0000000018000000                __cy_memory_3_start = 0x18000000
                0x0000000008000000                __cy_memory_3_length = 0x8000000
                0x0000000000000200                __cy_memory_3_row_size = 0x200
                0x0000000090700000                __cy_memory_4_start = 0x90700000
                0x0000000000100000                __cy_memory_4_length = 0x100000
                0x0000000000000001                __cy_memory_4_row_size = 0x1
OUTPUT(VStest4_CortexM4.elf elf32-littlearm)

.ARM.attributes
                0x0000000000000000       0x2e
 .ARM.attributes
                0x0000000000000000       0x1e /Applications/gcc-arm-none-eabi-8-2018-q4-major/bin/../lib/gcc/arm-none-eabi/8.2.1/thumb/v7e-m+fp/softfp/crti.o
 .ARM.attributes
                0x000000000000001e       0x32 /Applications/gcc-arm-none-eabi-8-2018-q4-major/bin/../lib/gcc/arm-none-eabi/8.2.1/thumb/v7e-m+fp/softfp/crtbegin.o
 .ARM.attributes
                0x0000000000000050       0x32 CMakeFiles/VStest4_CortexM4.elf.dir/main.c.obj
 .ARM.attributes
                0x0000000000000082       0x32 CMakeFiles/VStest4_CortexM4.elf.dir/__/__/design/CortexM4/GeneratedSource/cycfg.c.obj
 .ARM.attributes
                0x00000000000000b4       0x32 CMakeFiles/VStest4_CortexM4.elf.dir/__/__/design/CortexM4/GeneratedSource/cycfg_pins.c.obj
 .ARM.attributes
                0x00000000000000e6       0x32 CMakeFiles/VStest4_CortexM4.elf.dir/Applications/ModusToolbox_1.1/libraries/psoc6sw-1.1/components/psoc6pdl/devices/psoc6/startup/system_psoc6_cm4.c.obj
 .ARM.attributes
                0x0000000000000118       0x1f CMakeFiles/VStest4_CortexM4.elf.dir/Applications/ModusToolbox_1.1/libraries/psoc6sw-1.1/components/psoc6pdl/devices/psoc6/startup/gcc/startup_psoc6_02_cm4.S.obj
 .ARM.attributes
                0x0000000000000137       0x32 CMakeFiles/VStest4_CortexM4.elf.dir/Applications/ModusToolbox_1.1/libraries/psoc6sw-1.1/components/psoc6pdl/drivers/source/cy_device.c.obj
 .ARM.attributes
                0x0000000000000169       0x32 CMakeFiles/VStest4_CortexM4.elf.dir/Applications/ModusToolbox_1.1/libraries/psoc6sw-1.1/components/psoc6pdl/drivers/source/cy_flash.c.obj
 .ARM.attributes
                0x000000000000019b       0x32 CMakeFiles/VStest4_CortexM4.elf.dir/Applications/ModusToolbox_1.1/libraries/psoc6sw-1.1/components/psoc6pdl/drivers/source/cy_gpio.c.obj
 .ARM.attributes
                0x00000000000001cd       0x32 CMakeFiles/VStest4_CortexM4.elf.dir/Applications/ModusToolbox_1.1/libraries/psoc6sw-1.1/components/psoc6pdl/drivers/source/cy_ipc_drv.c.obj
 .ARM.attributes
                0x00000000000001ff       0x32 CMakeFiles/VStest4_CortexM4.elf.dir/Applications/ModusToolbox_1.1/libraries/psoc6sw-1.1/components/psoc6pdl/drivers/source/cy_ipc_pipe.c.obj
 .ARM.attributes
                0x0000000000000231       0x32 CMakeFiles/VStest4_CortexM4.elf.dir/Applications/ModusToolbox_1.1/libraries/psoc6sw-1.1/components/psoc6pdl/drivers/source/cy_ipc_sema.c.obj
 .ARM.attributes
                0x0000000000000263       0x32 CMakeFiles/VStest4_CortexM4.elf.dir/Applications/ModusToolbox_1.1/libraries/psoc6sw-1.1/components/psoc6pdl/drivers/source/cy_sysint.c.obj
 .ARM.attributes
                0x0000000000000295       0x32 CMakeFiles/VStest4_CortexM4.elf.dir/Applications/ModusToolbox_1.1/libraries/psoc6sw-1.1/components/psoc6pdl/drivers/source/cy_syslib.c.obj
 .ARM.attributes
                0x00000000000002c7       0x32 CMakeFiles/VStest4_CortexM4.elf.dir/Applications/ModusToolbox_1.1/libraries/psoc6sw-1.1/components/psoc6pdl/drivers/source/cy_syspm.c.obj
 .ARM.attributes
                0x00000000000002f9       0x20 CMakeFiles/VStest4_CortexM4.elf.dir/Applications/ModusToolbox_1.1/libraries/psoc6sw-1.1/components/psoc6pdl/drivers/source/gcc/cy_syslib_gcc.S.obj
 .ARM.attributes
                0x0000000000000319       0x32 /Applications/gcc-arm-none-eabi-8-2018-q4-major/bin/../lib/gcc/arm-none-eabi/8.2.1/../../../../arm-none-eabi/lib/thumb/v7e-m+fp/softfp/libg_nano.a(lib_a-memset.o)
 .ARM.attributes
                0x000000000000034b       0x30 /Applications/gcc-arm-none-eabi-8-2018-q4-major/bin/../lib/gcc/arm-none-eabi/8.2.1/thumb/v7e-m+fp/softfp/crtend.o
 .ARM.attributes
                0x000000000000037b       0x1e /Applications/gcc-arm-none-eabi-8-2018-q4-major/bin/../lib/gcc/arm-none-eabi/8.2.1/thumb/v7e-m+fp/softfp/crtn.o

.comment        0x0000000000000000       0x75
 .comment       0x0000000000000000       0x75 CMakeFiles/VStest4_CortexM4.elf.dir/main.c.obj
                                         0x76 (size before relaxing)
 .comment       0x0000000000000075       0x76 CMakeFiles/VStest4_CortexM4.elf.dir/__/__/design/CortexM4/GeneratedSource/cycfg.c.obj
 .comment       0x0000000000000075       0x76 CMakeFiles/VStest4_CortexM4.elf.dir/__/__/design/CortexM4/GeneratedSource/cycfg_pins.c.obj
 .comment       0x0000000000000075       0x76 CMakeFiles/VStest4_CortexM4.elf.dir/Applications/ModusToolbox_1.1/libraries/psoc6sw-1.1/components/psoc6pdl/devices/psoc6/startup/system_psoc6_cm4.c.obj
 .comment       0x0000000000000075       0x76 CMakeFiles/VStest4_CortexM4.elf.dir/Applications/ModusToolbox_1.1/libraries/psoc6sw-1.1/components/psoc6pdl/drivers/source/cy_device.c.obj
 .comment       0x0000000000000075       0x76 CMakeFiles/VStest4_CortexM4.elf.dir/Applications/ModusToolbox_1.1/libraries/psoc6sw-1.1/components/psoc6pdl/drivers/source/cy_flash.c.obj
 .comment       0x0000000000000075       0x76 CMakeFiles/VStest4_CortexM4.elf.dir/Applications/ModusToolbox_1.1/libraries/psoc6sw-1.1/components/psoc6pdl/drivers/source/cy_gpio.c.obj
 .comment       0x0000000000000075       0x76 CMakeFiles/VStest4_CortexM4.elf.dir/Applications/ModusToolbox_1.1/libraries/psoc6sw-1.1/components/psoc6pdl/drivers/source/cy_ipc_drv.c.obj
 .comment       0x0000000000000075       0x76 CMakeFiles/VStest4_CortexM4.elf.dir/Applications/ModusToolbox_1.1/libraries/psoc6sw-1.1/components/psoc6pdl/drivers/source/cy_ipc_pipe.c.obj
 .comment       0x0000000000000075       0x76 CMakeFiles/VStest4_CortexM4.elf.dir/Applications/ModusToolbox_1.1/libraries/psoc6sw-1.1/components/psoc6pdl/drivers/source/cy_ipc_sema.c.obj
 .comment       0x0000000000000075       0x76 CMakeFiles/VStest4_CortexM4.elf.dir/Applications/ModusToolbox_1.1/libraries/psoc6sw-1.1/components/psoc6pdl/drivers/source/cy_sysint.c.obj
 .comment       0x0000000000000075       0x76 CMakeFiles/VStest4_CortexM4.elf.dir/Applications/ModusToolbox_1.1/libraries/psoc6sw-1.1/components/psoc6pdl/drivers/source/cy_syslib.c.obj
 .comment       0x0000000000000075       0x76 CMakeFiles/VStest4_CortexM4.elf.dir/Applications/ModusToolbox_1.1/libraries/psoc6sw-1.1/components/psoc6pdl/drivers/source/cy_syspm.c.obj

.debug_info     0x0000000000000000    0x1fc13
 .debug_info    0x0000000000000000     0x3df4 CMakeFiles/VStest4_CortexM4.elf.dir/main.c.obj
 .debug_info    0x0000000000003df4     0x2d02 CMakeFiles/VStest4_CortexM4.elf.dir/__/__/design/CortexM4/GeneratedSource/cycfg.c.obj
 .debug_info    0x0000000000006af6     0x2f3b CMakeFiles/VStest4_CortexM4.elf.dir/__/__/design/CortexM4/GeneratedSource/cycfg_pins.c.obj
 .debug_info    0x0000000000009a31     0x2313 CMakeFiles/VStest4_CortexM4.elf.dir/Applications/ModusToolbox_1.1/libraries/psoc6sw-1.1/components/psoc6pdl/devices/psoc6/startup/system_psoc6_cm4.c.obj
 .debug_info    0x000000000000bd44       0x26 CMakeFiles/VStest4_CortexM4.elf.dir/Applications/ModusToolbox_1.1/libraries/psoc6sw-1.1/components/psoc6pdl/devices/psoc6/startup/gcc/startup_psoc6_02_cm4.S.obj
 .debug_info    0x000000000000bd6a      0x5de CMakeFiles/VStest4_CortexM4.elf.dir/Applications/ModusToolbox_1.1/libraries/psoc6sw-1.1/components/psoc6pdl/drivers/source/cy_device.c.obj
 .debug_info    0x000000000000c348     0x31d2 CMakeFiles/VStest4_CortexM4.elf.dir/Applications/ModusToolbox_1.1/libraries/psoc6sw-1.1/components/psoc6pdl/drivers/source/cy_flash.c.obj
 .debug_info    0x000000000000f51a     0x36ea CMakeFiles/VStest4_CortexM4.elf.dir/Applications/ModusToolbox_1.1/libraries/psoc6sw-1.1/components/psoc6pdl/drivers/source/cy_gpio.c.obj
 .debug_info    0x0000000000012c04      0xf97 CMakeFiles/VStest4_CortexM4.elf.dir/Applications/ModusToolbox_1.1/libraries/psoc6sw-1.1/components/psoc6pdl/drivers/source/cy_ipc_drv.c.obj
 .debug_info    0x0000000000013b9b     0x1f84 CMakeFiles/VStest4_CortexM4.elf.dir/Applications/ModusToolbox_1.1/libraries/psoc6sw-1.1/components/psoc6pdl/drivers/source/cy_ipc_pipe.c.obj
 .debug_info    0x0000000000015b1f     0x1c23 CMakeFiles/VStest4_CortexM4.elf.dir/Applications/ModusToolbox_1.1/libraries/psoc6sw-1.1/components/psoc6pdl/drivers/source/cy_ipc_sema.c.obj
 .debug_info    0x0000000000017742     0x147e CMakeFiles/VStest4_CortexM4.elf.dir/Applications/ModusToolbox_1.1/libraries/psoc6sw-1.1/components/psoc6pdl/drivers/source/cy_sysint.c.obj
 .debug_info    0x0000000000018bc0     0x26ad CMakeFiles/VStest4_CortexM4.elf.dir/Applications/ModusToolbox_1.1/libraries/psoc6sw-1.1/components/psoc6pdl/drivers/source/cy_syslib.c.obj
 .debug_info    0x000000000001b26d     0x4980 CMakeFiles/VStest4_CortexM4.elf.dir/Applications/ModusToolbox_1.1/libraries/psoc6sw-1.1/components/psoc6pdl/drivers/source/cy_syspm.c.obj
 .debug_info    0x000000000001fbed       0x26 CMakeFiles/VStest4_CortexM4.elf.dir/Applications/ModusToolbox_1.1/libraries/psoc6sw-1.1/components/psoc6pdl/drivers/source/gcc/cy_syslib_gcc.S.obj

.debug_abbrev   0x0000000000000000     0x26a9
 .debug_abbrev  0x0000000000000000      0x301 CMakeFiles/VStest4_CortexM4.elf.dir/main.c.obj
 .debug_abbrev  0x0000000000000301      0x164 CMakeFiles/VStest4_CortexM4.elf.dir/__/__/design/CortexM4/GeneratedSource/cycfg.c.obj
 .debug_abbrev  0x0000000000000465      0x1cf CMakeFiles/VStest4_CortexM4.elf.dir/__/__/design/CortexM4/GeneratedSource/cycfg_pins.c.obj
 .debug_abbrev  0x0000000000000634      0x2ae CMakeFiles/VStest4_CortexM4.elf.dir/Applications/ModusToolbox_1.1/libraries/psoc6sw-1.1/components/psoc6pdl/devices/psoc6/startup/system_psoc6_cm4.c.obj
 .debug_abbrev  0x00000000000008e2       0x14 CMakeFiles/VStest4_CortexM4.elf.dir/Applications/ModusToolbox_1.1/libraries/psoc6sw-1.1/components/psoc6pdl/devices/psoc6/startup/gcc/startup_psoc6_02_cm4.S.obj
 .debug_abbrev  0x00000000000008f6       0xc5 CMakeFiles/VStest4_CortexM4.elf.dir/Applications/ModusToolbox_1.1/libraries/psoc6sw-1.1/components/psoc6pdl/drivers/source/cy_device.c.obj
 .debug_abbrev  0x00000000000009bb      0x4b2 CMakeFiles/VStest4_CortexM4.elf.dir/Applications/ModusToolbox_1.1/libraries/psoc6sw-1.1/components/psoc6pdl/drivers/source/cy_flash.c.obj
 .debug_abbrev  0x0000000000000e6d      0x339 CMakeFiles/VStest4_CortexM4.elf.dir/Applications/ModusToolbox_1.1/libraries/psoc6sw-1.1/components/psoc6pdl/drivers/source/cy_gpio.c.obj
 .debug_abbrev  0x00000000000011a6      0x24c CMakeFiles/VStest4_CortexM4.elf.dir/Applications/ModusToolbox_1.1/libraries/psoc6sw-1.1/components/psoc6pdl/drivers/source/cy_ipc_drv.c.obj
 .debug_abbrev  0x00000000000013f2      0x46f CMakeFiles/VStest4_CortexM4.elf.dir/Applications/ModusToolbox_1.1/libraries/psoc6sw-1.1/components/psoc6pdl/drivers/source/cy_ipc_pipe.c.obj
 .debug_abbrev  0x0000000000001861      0x421 CMakeFiles/VStest4_CortexM4.elf.dir/Applications/ModusToolbox_1.1/libraries/psoc6sw-1.1/components/psoc6pdl/drivers/source/cy_ipc_sema.c.obj
 .debug_abbrev  0x0000000000001c82      0x2aa CMakeFiles/VStest4_CortexM4.elf.dir/Applications/ModusToolbox_1.1/libraries/psoc6sw-1.1/components/psoc6pdl/drivers/source/cy_sysint.c.obj
 .debug_abbrev  0x0000000000001f2c      0x301 CMakeFiles/VStest4_CortexM4.elf.dir/Applications/ModusToolbox_1.1/libraries/psoc6sw-1.1/components/psoc6pdl/drivers/source/cy_syslib.c.obj
 .debug_abbrev  0x000000000000222d      0x468 CMakeFiles/VStest4_CortexM4.elf.dir/Applications/ModusToolbox_1.1/libraries/psoc6sw-1.1/components/psoc6pdl/drivers/source/cy_syspm.c.obj
 .debug_abbrev  0x0000000000002695       0x14 CMakeFiles/VStest4_CortexM4.elf.dir/Applications/ModusToolbox_1.1/libraries/psoc6sw-1.1/components/psoc6pdl/drivers/source/gcc/cy_syslib_gcc.S.obj

.debug_loc      0x0000000000000000     0x3f07
 .debug_loc     0x0000000000000000       0x30 CMakeFiles/VStest4_CortexM4.elf.dir/main.c.obj
 .debug_loc     0x0000000000000030      0x29e CMakeFiles/VStest4_CortexM4.elf.dir/Applications/ModusToolbox_1.1/libraries/psoc6sw-1.1/components/psoc6pdl/devices/psoc6/startup/system_psoc6_cm4.c.obj
 .debug_loc     0x00000000000002ce      0xe37 CMakeFiles/VStest4_CortexM4.elf.dir/Applications/ModusToolbox_1.1/libraries/psoc6sw-1.1/components/psoc6pdl/drivers/source/cy_flash.c.obj
 .debug_loc     0x0000000000001105      0x8c9 CMakeFiles/VStest4_CortexM4.elf.dir/Applications/ModusToolbox_1.1/libraries/psoc6sw-1.1/components/psoc6pdl/drivers/source/cy_gpio.c.obj
 .debug_loc     0x00000000000019ce      0x1fe CMakeFiles/VStest4_CortexM4.elf.dir/Applications/ModusToolbox_1.1/libraries/psoc6sw-1.1/components/psoc6pdl/drivers/source/cy_ipc_drv.c.obj
 .debug_loc     0x0000000000001bcc      0x73c CMakeFiles/VStest4_CortexM4.elf.dir/Applications/ModusToolbox_1.1/libraries/psoc6sw-1.1/components/psoc6pdl/drivers/source/cy_ipc_pipe.c.obj
 .debug_loc     0x0000000000002308      0x881 CMakeFiles/VStest4_CortexM4.elf.dir/Applications/ModusToolbox_1.1/libraries/psoc6sw-1.1/components/psoc6pdl/drivers/source/cy_ipc_sema.c.obj
 .debug_loc     0x0000000000002b89      0x10c CMakeFiles/VStest4_CortexM4.elf.dir/Applications/ModusToolbox_1.1/libraries/psoc6sw-1.1/components/psoc6pdl/drivers/source/cy_sysint.c.obj
 .debug_loc     0x0000000000002c95      0x177 CMakeFiles/VStest4_CortexM4.elf.dir/Applications/ModusToolbox_1.1/libraries/psoc6sw-1.1/components/psoc6pdl/drivers/source/cy_syslib.c.obj
 .debug_loc     0x0000000000002e0c     0x10fb CMakeFiles/VStest4_CortexM4.elf.dir/Applications/ModusToolbox_1.1/libraries/psoc6sw-1.1/components/psoc6pdl/drivers/source/cy_syspm.c.obj

.debug_aranges  0x0000000000000000      0x4d0
 .debug_aranges
                0x0000000000000000       0x20 CMakeFiles/VStest4_CortexM4.elf.dir/main.c.obj
 .debug_aranges
                0x0000000000000020       0x20 CMakeFiles/VStest4_CortexM4.elf.dir/__/__/design/CortexM4/GeneratedSource/cycfg.c.obj
 .debug_aranges
                0x0000000000000040       0x20 CMakeFiles/VStest4_CortexM4.elf.dir/__/__/design/CortexM4/GeneratedSource/cycfg_pins.c.obj
 .debug_aranges
                0x0000000000000060       0x40 CMakeFiles/VStest4_CortexM4.elf.dir/Applications/ModusToolbox_1.1/libraries/psoc6sw-1.1/components/psoc6pdl/devices/psoc6/startup/system_psoc6_cm4.c.obj
 .debug_aranges
                0x00000000000000a0       0x20 CMakeFiles/VStest4_CortexM4.elf.dir/Applications/ModusToolbox_1.1/libraries/psoc6sw-1.1/components/psoc6pdl/devices/psoc6/startup/gcc/startup_psoc6_02_cm4.S.obj
 .debug_aranges
                0x00000000000000c0       0x20 CMakeFiles/VStest4_CortexM4.elf.dir/Applications/ModusToolbox_1.1/libraries/psoc6sw-1.1/components/psoc6pdl/drivers/source/cy_device.c.obj
 .debug_aranges
                0x00000000000000e0       0xc0 CMakeFiles/VStest4_CortexM4.elf.dir/Applications/ModusToolbox_1.1/libraries/psoc6sw-1.1/components/psoc6pdl/drivers/source/cy_flash.c.obj
 .debug_aranges
                0x00000000000001a0       0x50 CMakeFiles/VStest4_CortexM4.elf.dir/Applications/ModusToolbox_1.1/libraries/psoc6sw-1.1/components/psoc6pdl/drivers/source/cy_gpio.c.obj
 .debug_aranges
                0x00000000000001f0       0x30 CMakeFiles/VStest4_CortexM4.elf.dir/Applications/ModusToolbox_1.1/libraries/psoc6sw-1.1/components/psoc6pdl/drivers/source/cy_ipc_drv.c.obj
 .debug_aranges
                0x0000000000000220       0x68 CMakeFiles/VStest4_CortexM4.elf.dir/Applications/ModusToolbox_1.1/libraries/psoc6sw-1.1/components/psoc6pdl/drivers/source/cy_ipc_pipe.c.obj
 .debug_aranges
                0x0000000000000288       0x48 CMakeFiles/VStest4_CortexM4.elf.dir/Applications/ModusToolbox_1.1/libraries/psoc6sw-1.1/components/psoc6pdl/drivers/source/cy_ipc_sema.c.obj
 .debug_aranges
                0x00000000000002d0       0x30 CMakeFiles/VStest4_CortexM4.elf.dir/Applications/ModusToolbox_1.1/libraries/psoc6sw-1.1/components/psoc6pdl/drivers/source/cy_sysint.c.obj
 .debug_aranges
                0x0000000000000300       0x78 CMakeFiles/VStest4_CortexM4.elf.dir/Applications/ModusToolbox_1.1/libraries/psoc6sw-1.1/components/psoc6pdl/drivers/source/cy_syslib.c.obj
 .debug_aranges
                0x0000000000000378      0x138 CMakeFiles/VStest4_CortexM4.elf.dir/Applications/ModusToolbox_1.1/libraries/psoc6sw-1.1/components/psoc6pdl/drivers/source/cy_syspm.c.obj
 .debug_aranges
                0x00000000000004b0       0x20 CMakeFiles/VStest4_CortexM4.elf.dir/Applications/ModusToolbox_1.1/libraries/psoc6sw-1.1/components/psoc6pdl/drivers/source/gcc/cy_syslib_gcc.S.obj

.debug_ranges   0x0000000000000000      0x788
 .debug_ranges  0x0000000000000000       0x28 CMakeFiles/VStest4_CortexM4.elf.dir/main.c.obj
 .debug_ranges  0x0000000000000028       0x10 CMakeFiles/VStest4_CortexM4.elf.dir/__/__/design/CortexM4/GeneratedSource/cycfg.c.obj
 .debug_ranges  0x0000000000000038       0x10 CMakeFiles/VStest4_CortexM4.elf.dir/__/__/design/CortexM4/GeneratedSource/cycfg_pins.c.obj
 .debug_ranges  0x0000000000000048       0x30 CMakeFiles/VStest4_CortexM4.elf.dir/Applications/ModusToolbox_1.1/libraries/psoc6sw-1.1/components/psoc6pdl/devices/psoc6/startup/system_psoc6_cm4.c.obj
 .debug_ranges  0x0000000000000078       0x10 CMakeFiles/VStest4_CortexM4.elf.dir/Applications/ModusToolbox_1.1/libraries/psoc6sw-1.1/components/psoc6pdl/drivers/source/cy_device.c.obj
 .debug_ranges  0x0000000000000088      0x1b0 CMakeFiles/VStest4_CortexM4.elf.dir/Applications/ModusToolbox_1.1/libraries/psoc6sw-1.1/components/psoc6pdl/drivers/source/cy_flash.c.obj
 .debug_ranges  0x0000000000000238       0x70 CMakeFiles/VStest4_CortexM4.elf.dir/Applications/ModusToolbox_1.1/libraries/psoc6sw-1.1/components/psoc6pdl/drivers/source/cy_gpio.c.obj
 .debug_ranges  0x00000000000002a8       0x50 CMakeFiles/VStest4_CortexM4.elf.dir/Applications/ModusToolbox_1.1/libraries/psoc6sw-1.1/components/psoc6pdl/drivers/source/cy_ipc_drv.c.obj
 .debug_ranges  0x00000000000002f8      0x100 CMakeFiles/VStest4_CortexM4.elf.dir/Applications/ModusToolbox_1.1/libraries/psoc6sw-1.1/components/psoc6pdl/drivers/source/cy_ipc_pipe.c.obj
 .debug_ranges  0x00000000000003f8       0x50 CMakeFiles/VStest4_CortexM4.elf.dir/Applications/ModusToolbox_1.1/libraries/psoc6sw-1.1/components/psoc6pdl/drivers/source/cy_ipc_sema.c.obj
 .debug_ranges  0x0000000000000448       0x20 CMakeFiles/VStest4_CortexM4.elf.dir/Applications/ModusToolbox_1.1/libraries/psoc6sw-1.1/components/psoc6pdl/drivers/source/cy_sysint.c.obj
 .debug_ranges  0x0000000000000468       0x68 CMakeFiles/VStest4_CortexM4.elf.dir/Applications/ModusToolbox_1.1/libraries/psoc6sw-1.1/components/psoc6pdl/drivers/source/cy_syslib.c.obj
 .debug_ranges  0x00000000000004d0      0x2b8 CMakeFiles/VStest4_CortexM4.elf.dir/Applications/ModusToolbox_1.1/libraries/psoc6sw-1.1/components/psoc6pdl/drivers/source/cy_syspm.c.obj

.debug_line     0x0000000000000000     0x651a
 .debug_line    0x0000000000000000      0x4f8 CMakeFiles/VStest4_CortexM4.elf.dir/main.c.obj
 .debug_line    0x00000000000004f8      0x2cb CMakeFiles/VStest4_CortexM4.elf.dir/__/__/design/CortexM4/GeneratedSource/cycfg.c.obj
 .debug_line    0x00000000000007c3      0x366 CMakeFiles/VStest4_CortexM4.elf.dir/__/__/design/CortexM4/GeneratedSource/cycfg_pins.c.obj
 .debug_line    0x0000000000000b29      0x680 CMakeFiles/VStest4_CortexM4.elf.dir/Applications/ModusToolbox_1.1/libraries/psoc6sw-1.1/components/psoc6pdl/devices/psoc6/startup/system_psoc6_cm4.c.obj
 .debug_line    0x00000000000011a9       0xed CMakeFiles/VStest4_CortexM4.elf.dir/Applications/ModusToolbox_1.1/libraries/psoc6sw-1.1/components/psoc6pdl/devices/psoc6/startup/gcc/startup_psoc6_02_cm4.S.obj
 .debug_line    0x0000000000001296      0x1c1 CMakeFiles/VStest4_CortexM4.elf.dir/Applications/ModusToolbox_1.1/libraries/psoc6sw-1.1/components/psoc6pdl/drivers/source/cy_device.c.obj
 .debug_line    0x0000000000001457      0xf2d CMakeFiles/VStest4_CortexM4.elf.dir/Applications/ModusToolbox_1.1/libraries/psoc6sw-1.1/components/psoc6pdl/drivers/source/cy_flash.c.obj
 .debug_line    0x0000000000002384      0x834 CMakeFiles/VStest4_CortexM4.elf.dir/Applications/ModusToolbox_1.1/libraries/psoc6sw-1.1/components/psoc6pdl/drivers/source/cy_gpio.c.obj
 .debug_line    0x0000000000002bb8      0x454 CMakeFiles/VStest4_CortexM4.elf.dir/Applications/ModusToolbox_1.1/libraries/psoc6sw-1.1/components/psoc6pdl/drivers/source/cy_ipc_drv.c.obj
 .debug_line    0x000000000000300c      0x944 CMakeFiles/VStest4_CortexM4.elf.dir/Applications/ModusToolbox_1.1/libraries/psoc6sw-1.1/components/psoc6pdl/drivers/source/cy_ipc_pipe.c.obj
 .debug_line    0x0000000000003950      0x75e CMakeFiles/VStest4_CortexM4.elf.dir/Applications/ModusToolbox_1.1/libraries/psoc6sw-1.1/components/psoc6pdl/drivers/source/cy_ipc_sema.c.obj
 .debug_line    0x00000000000040ae      0x3a4 CMakeFiles/VStest4_CortexM4.elf.dir/Applications/ModusToolbox_1.1/libraries/psoc6sw-1.1/components/psoc6pdl/drivers/source/cy_sysint.c.obj
 .debug_line    0x0000000000004452      0x709 CMakeFiles/VStest4_CortexM4.elf.dir/Applications/ModusToolbox_1.1/libraries/psoc6sw-1.1/components/psoc6pdl/drivers/source/cy_syslib.c.obj
 .debug_line    0x0000000000004b5b     0x1913 CMakeFiles/VStest4_CortexM4.elf.dir/Applications/ModusToolbox_1.1/libraries/psoc6sw-1.1/components/psoc6pdl/drivers/source/cy_syspm.c.obj
 .debug_line    0x000000000000646e       0xac CMakeFiles/VStest4_CortexM4.elf.dir/Applications/ModusToolbox_1.1/libraries/psoc6sw-1.1/components/psoc6pdl/drivers/source/gcc/cy_syslib_gcc.S.obj

.debug_str      0x0000000000000000     0xc4f9
 .debug_str     0x0000000000000000     0x704b CMakeFiles/VStest4_CortexM4.elf.dir/main.c.obj
                                       0x712b (size before relaxing)
 .debug_str     0x000000000000704b       0x65 CMakeFiles/VStest4_CortexM4.elf.dir/__/__/design/CortexM4/GeneratedSource/cycfg.c.obj
                                       0x6343 (size before relaxing)
 .debug_str     0x00000000000070b0       0x6b CMakeFiles/VStest4_CortexM4.elf.dir/__/__/design/CortexM4/GeneratedSource/cycfg_pins.c.obj
                                       0x646c (size before relaxing)
 .debug_str     0x000000000000711b     0x1b86 CMakeFiles/VStest4_CortexM4.elf.dir/Applications/ModusToolbox_1.1/libraries/psoc6sw-1.1/components/psoc6pdl/devices/psoc6/startup/system_psoc6_cm4.c.obj
                                       0x270e (size before relaxing)
 .debug_str     0x0000000000008ca1       0x89 CMakeFiles/VStest4_CortexM4.elf.dir/Applications/ModusToolbox_1.1/libraries/psoc6sw-1.1/components/psoc6pdl/devices/psoc6/startup/gcc/startup_psoc6_02_cm4.S.obj
                                         0xcc (size before relaxing)
 .debug_str     0x0000000000008d2a       0x64 CMakeFiles/VStest4_CortexM4.elf.dir/Applications/ModusToolbox_1.1/libraries/psoc6sw-1.1/components/psoc6pdl/drivers/source/cy_device.c.obj
                                        0x854 (size before relaxing)
 .debug_str     0x0000000000008d8e     0x10f3 CMakeFiles/VStest4_CortexM4.elf.dir/Applications/ModusToolbox_1.1/libraries/psoc6sw-1.1/components/psoc6pdl/drivers/source/cy_flash.c.obj
                                       0x314c (size before relaxing)
 .debug_str     0x0000000000009e81      0x3f4 CMakeFiles/VStest4_CortexM4.elf.dir/Applications/ModusToolbox_1.1/libraries/psoc6sw-1.1/components/psoc6pdl/drivers/source/cy_gpio.c.obj
                                       0x6771 (size before relaxing)
 .debug_str     0x000000000000a275      0x123 CMakeFiles/VStest4_CortexM4.elf.dir/Applications/ModusToolbox_1.1/libraries/psoc6sw-1.1/components/psoc6pdl/drivers/source/cy_ipc_drv.c.obj
                                        0xcfb (size before relaxing)
 .debug_str     0x000000000000a398      0x336 CMakeFiles/VStest4_CortexM4.elf.dir/Applications/ModusToolbox_1.1/libraries/psoc6sw-1.1/components/psoc6pdl/drivers/source/cy_ipc_pipe.c.obj
                                       0x2421 (size before relaxing)
 .debug_str     0x000000000000a6ce      0x117 CMakeFiles/VStest4_CortexM4.elf.dir/Applications/ModusToolbox_1.1/libraries/psoc6sw-1.1/components/psoc6pdl/drivers/source/cy_ipc_sema.c.obj
                                       0x12d5 (size before relaxing)
 .debug_str     0x000000000000a7e5       0xfc CMakeFiles/VStest4_CortexM4.elf.dir/Applications/ModusToolbox_1.1/libraries/psoc6sw-1.1/components/psoc6pdl/drivers/source/cy_sysint.c.obj
                                       0x1cd8 (size before relaxing)
 .debug_str     0x000000000000a8e1      0x889 CMakeFiles/VStest4_CortexM4.elf.dir/Applications/ModusToolbox_1.1/libraries/psoc6sw-1.1/components/psoc6pdl/drivers/source/cy_syslib.c.obj
                                       0x1d85 (size before relaxing)
 .debug_str     0x000000000000b16a     0x1323 CMakeFiles/VStest4_CortexM4.elf.dir/Applications/ModusToolbox_1.1/libraries/psoc6sw-1.1/components/psoc6pdl/drivers/source/cy_syspm.c.obj
                                       0x2f41 (size before relaxing)
 .debug_str     0x000000000000c48d       0x6c CMakeFiles/VStest4_CortexM4.elf.dir/Applications/ModusToolbox_1.1/libraries/psoc6sw-1.1/components/psoc6pdl/drivers/source/gcc/cy_syslib_gcc.S.obj
                                         0xbe (size before relaxing)

.debug_frame    0x0000000000000000      0xb34
 .debug_frame   0x0000000000000000       0x28 CMakeFiles/VStest4_CortexM4.elf.dir/main.c.obj
 .debug_frame   0x0000000000000028       0x20 CMakeFiles/VStest4_CortexM4.elf.dir/__/__/design/CortexM4/GeneratedSource/cycfg.c.obj
 .debug_frame   0x0000000000000048       0x2c CMakeFiles/VStest4_CortexM4.elf.dir/__/__/design/CortexM4/GeneratedSource/cycfg_pins.c.obj
 .debug_frame   0x0000000000000074       0x80 CMakeFiles/VStest4_CortexM4.elf.dir/Applications/ModusToolbox_1.1/libraries/psoc6sw-1.1/components/psoc6pdl/devices/psoc6/startup/system_psoc6_cm4.c.obj
 .debug_frame   0x00000000000000f4       0x20 CMakeFiles/VStest4_CortexM4.elf.dir/Applications/ModusToolbox_1.1/libraries/psoc6sw-1.1/components/psoc6pdl/drivers/source/cy_device.c.obj
 .debug_frame   0x0000000000000114      0x274 CMakeFiles/VStest4_CortexM4.elf.dir/Applications/ModusToolbox_1.1/libraries/psoc6sw-1.1/components/psoc6pdl/drivers/source/cy_flash.c.obj
 .debug_frame   0x0000000000000388       0xd0 CMakeFiles/VStest4_CortexM4.elf.dir/Applications/ModusToolbox_1.1/libraries/psoc6sw-1.1/components/psoc6pdl/drivers/source/cy_gpio.c.obj
 .debug_frame   0x0000000000000458       0x40 CMakeFiles/VStest4_CortexM4.elf.dir/Applications/ModusToolbox_1.1/libraries/psoc6sw-1.1/components/psoc6pdl/drivers/source/cy_ipc_drv.c.obj
 .debug_frame   0x0000000000000498      0x100 CMakeFiles/VStest4_CortexM4.elf.dir/Applications/ModusToolbox_1.1/libraries/psoc6sw-1.1/components/psoc6pdl/drivers/source/cy_ipc_pipe.c.obj
 .debug_frame   0x0000000000000598       0xb4 CMakeFiles/VStest4_CortexM4.elf.dir/Applications/ModusToolbox_1.1/libraries/psoc6sw-1.1/components/psoc6pdl/drivers/source/cy_ipc_sema.c.obj
 .debug_frame   0x000000000000064c       0x48 CMakeFiles/VStest4_CortexM4.elf.dir/Applications/ModusToolbox_1.1/libraries/psoc6sw-1.1/components/psoc6pdl/drivers/source/cy_sysint.c.obj
 .debug_frame   0x0000000000000694      0x10c CMakeFiles/VStest4_CortexM4.elf.dir/Applications/ModusToolbox_1.1/libraries/psoc6sw-1.1/components/psoc6pdl/drivers/source/cy_syslib.c.obj
 .debug_frame   0x00000000000007a0      0x374 CMakeFiles/VStest4_CortexM4.elf.dir/Applications/ModusToolbox_1.1/libraries/psoc6sw-1.1/components/psoc6pdl/drivers/source/cy_syspm.c.obj
 .debug_frame   0x0000000000000b14       0x20 /Applications/gcc-arm-none-eabi-8-2018-q4-major/bin/../lib/gcc/arm-none-eabi/8.2.1/../../../../arm-none-eabi/lib/thumb/v7e-m+fp/softfp/libg_nano.a(lib_a-memset.o)
