Archive member included to satisfy reference by file (symbol)

/Applications/gcc-arm-none-eabi-8-2018-q4-major/bin/../lib/gcc/arm-none-eabi/8.2.1/thumb/v6-m/nofp/libgcc.a(_thumb1_case_uqi.o)
                              CMakeFiles/VStest4_CortexM0.elf.dir/Applications/ModusToolbox_1.1/libraries/psoc6sw-1.1/components/psoc6pdl/drivers/source/cy_crypto_core_sha_v1.c.obj (__gnu_thumb1_case_uqi)
/Applications/gcc-arm-none-eabi-8-2018-q4-major/bin/../lib/gcc/arm-none-eabi/8.2.1/thumb/v6-m/nofp/libgcc.a(_thumb1_case_shi.o)
                              CMakeFiles/VStest4_CortexM0.elf.dir/Applications/ModusToolbox_1.1/libraries/psoc6sw-1.1/components/psoc6pdl/drivers/source/cy_crypto_core_ecc_nist_p.c.obj (__gnu_thumb1_case_shi)
/Applications/gcc-arm-none-eabi-8-2018-q4-major/bin/../lib/gcc/arm-none-eabi/8.2.1/thumb/v6-m/nofp/libgcc.a(_thumb1_case_uhi.o)
                              CMakeFiles/VStest4_CortexM0.elf.dir/Applications/ModusToolbox_1.1/libraries/psoc6sw-1.1/components/psoc6pdl/drivers/source/cy_crypto_core_ecc_nist_p.c.obj (__gnu_thumb1_case_uhi)
/Applications/gcc-arm-none-eabi-8-2018-q4-major/bin/../lib/gcc/arm-none-eabi/8.2.1/thumb/v6-m/nofp/libgcc.a(_udivsi3.o)
                              CMakeFiles/VStest4_CortexM0.elf.dir/Applications/ModusToolbox_1.1/libraries/psoc6sw-1.1/components/psoc6pdl/devices/psoc6/startup/system_psoc6_cm0plus.c.obj (__aeabi_uidiv)
/Applications/gcc-arm-none-eabi-8-2018-q4-major/bin/../lib/gcc/arm-none-eabi/8.2.1/thumb/v6-m/nofp/libgcc.a(_divsi3.o)
                              CMakeFiles/VStest4_CortexM0.elf.dir/Applications/ModusToolbox_1.1/libraries/psoc6sw-1.1/components/psoc6pdl/drivers/source/cy_rtc.c.obj (__aeabi_idiv)
/Applications/gcc-arm-none-eabi-8-2018-q4-major/bin/../lib/gcc/arm-none-eabi/8.2.1/thumb/v6-m/nofp/libgcc.a(_dvmd_tls.o)
                              /Applications/gcc-arm-none-eabi-8-2018-q4-major/bin/../lib/gcc/arm-none-eabi/8.2.1/thumb/v6-m/nofp/libgcc.a(_udivsi3.o) (__aeabi_idiv0)
/Applications/gcc-arm-none-eabi-8-2018-q4-major/bin/../lib/gcc/arm-none-eabi/8.2.1/thumb/v6-m/nofp/libgcc.a(_aeabi_ldivmod.o)
                              CMakeFiles/VStest4_CortexM0.elf.dir/Applications/ModusToolbox_1.1/libraries/psoc6sw-1.1/components/psoc6pdl/drivers/source/cy_sar.c.obj (__aeabi_ldivmod)
/Applications/gcc-arm-none-eabi-8-2018-q4-major/bin/../lib/gcc/arm-none-eabi/8.2.1/thumb/v6-m/nofp/libgcc.a(_aeabi_uldivmod.o)
                              CMakeFiles/VStest4_CortexM0.elf.dir/Applications/ModusToolbox_1.1/libraries/psoc6sw-1.1/components/psoc6pdl/drivers/source/cy_sysclk.c.obj (__aeabi_uldivmod)
/Applications/gcc-arm-none-eabi-8-2018-q4-major/bin/../lib/gcc/arm-none-eabi/8.2.1/thumb/v6-m/nofp/libgcc.a(_muldi3.o)
                              CMakeFiles/VStest4_CortexM0.elf.dir/Applications/ModusToolbox_1.1/libraries/psoc6sw-1.1/components/psoc6pdl/drivers/source/cy_profile.c.obj (__aeabi_lmul)
/Applications/gcc-arm-none-eabi-8-2018-q4-major/bin/../lib/gcc/arm-none-eabi/8.2.1/thumb/v6-m/nofp/libgcc.a(_udivmoddi4.o)
                              /Applications/gcc-arm-none-eabi-8-2018-q4-major/bin/../lib/gcc/arm-none-eabi/8.2.1/thumb/v6-m/nofp/libgcc.a(_aeabi_uldivmod.o) (__udivmoddi4)
/Applications/gcc-arm-none-eabi-8-2018-q4-major/bin/../lib/gcc/arm-none-eabi/8.2.1/thumb/v6-m/nofp/libgcc.a(bpabi.o)
                              /Applications/gcc-arm-none-eabi-8-2018-q4-major/bin/../lib/gcc/arm-none-eabi/8.2.1/thumb/v6-m/nofp/libgcc.a(_aeabi_ldivmod.o) (__gnu_ldivmod_helper)
/Applications/gcc-arm-none-eabi-8-2018-q4-major/bin/../lib/gcc/arm-none-eabi/8.2.1/thumb/v6-m/nofp/libgcc.a(divsf3.o)
                              CMakeFiles/VStest4_CortexM0.elf.dir/Applications/ModusToolbox_1.1/libraries/psoc6sw-1.1/components/psoc6pdl/drivers/source/cy_sar.c.obj (__aeabi_fdiv)
/Applications/gcc-arm-none-eabi-8-2018-q4-major/bin/../lib/gcc/arm-none-eabi/8.2.1/thumb/v6-m/nofp/libgcc.a(mulsf3.o)
                              CMakeFiles/VStest4_CortexM0.elf.dir/Applications/ModusToolbox_1.1/libraries/psoc6sw-1.1/components/psoc6pdl/drivers/source/cy_sar.c.obj (__aeabi_fmul)
/Applications/gcc-arm-none-eabi-8-2018-q4-major/bin/../lib/gcc/arm-none-eabi/8.2.1/thumb/v6-m/nofp/libgcc.a(floatsisf.o)
                              CMakeFiles/VStest4_CortexM0.elf.dir/Applications/ModusToolbox_1.1/libraries/psoc6sw-1.1/components/psoc6pdl/drivers/source/cy_sar.c.obj (__aeabi_i2f)
/Applications/gcc-arm-none-eabi-8-2018-q4-major/bin/../lib/gcc/arm-none-eabi/8.2.1/thumb/v6-m/nofp/libgcc.a(_clzsi2.o)
                              /Applications/gcc-arm-none-eabi-8-2018-q4-major/bin/../lib/gcc/arm-none-eabi/8.2.1/thumb/v6-m/nofp/libgcc.a(divsf3.o) (__clzsi2)
/Applications/gcc-arm-none-eabi-8-2018-q4-major/bin/../lib/gcc/arm-none-eabi/8.2.1/thumb/v6-m/nofp/libgcc.a(_clzdi2.o)
                              /Applications/gcc-arm-none-eabi-8-2018-q4-major/bin/../lib/gcc/arm-none-eabi/8.2.1/thumb/v6-m/nofp/libgcc.a(_udivmoddi4.o) (__clzdi2)
[...]
Memory Configuration

Name             Origin             Length             Attributes
ram              0x0000000008000000 0x0000000000024000 xrw
flash            0x0000000010000000 0x0000000000080000 xr
em_eeprom        0x0000000014000000 0x0000000000008000 xr
sflash_user_data 0x0000000016000800 0x0000000000000800 xr
sflash_nar       0x0000000016001a00 0x0000000000000200 xr
sflash_public_key 0x0000000016005a00 0x0000000000000c00 xr
sflash_toc_2     0x0000000016007c00 0x0000000000000200 xr
sflash_rtoc_2    0x0000000016007e00 0x0000000000000200 xr
xip              0x0000000018000000 0x0000000008000000 xr
efuse            0x0000000090700000 0x0000000000100000 r
*default*        0x0000000000000000 0xffffffffffffffff

Linker script and memory map

LOAD /Applications/gcc-arm-none-eabi-8-2018-q4-major/bin/../lib/gcc/arm-none-eabi/8.2.1/thumb/v6-m/nofp/crti.o
LOAD /Applications/gcc-arm-none-eabi-8-2018-q4-major/bin/../lib/gcc/arm-none-eabi/8.2.1/thumb/v6-m/nofp/crtbegin.o
LOAD /Applications/gcc-arm-none-eabi-8-2018-q4-major/bin/../lib/gcc/arm-none-eabi/8.2.1/../../../../arm-none-eabi/lib/thumb/v6-m/nofp/crt0.o
LOAD CMakeFiles/VStest4_CortexM0.elf.dir/main.c.obj
LOAD CMakeFiles/VStest4_CortexM0.elf.dir/Applications/ModusToolbox_1.1/libraries/psoc6sw-1.1/components/psoc6pdl/devices/psoc6/startup/system_psoc6_cm0plus.c.obj
LOAD CMakeFiles/VStest4_CortexM0.elf.dir/Applications/ModusToolbox_1.1/libraries/psoc6sw-1.1/components/psoc6pdl/devices/psoc6/startup/gcc/startup_psoc6_02_cm0plus.S.obj
LOAD CMakeFiles/VStest4_CortexM0.elf.dir/Applications/ModusToolbox_1.1/libraries/psoc6sw-1.1/components/psoc6pdl/drivers/source/cy_ble_clk.c.obj
LOAD CMakeFiles/VStest4_CortexM0.elf.dir/Applications/ModusToolbox_1.1/libraries/psoc6sw-1.1/components/psoc6pdl/drivers/source/cy_crypto.c.obj
LOAD CMakeFiles/VStest4_CortexM0.elf.dir/Applications/ModusToolbox_1.1/libraries/psoc6sw-1.1/components/psoc6pdl/drivers/source/cy_crypto_core_aes_v1.c.obj
LOAD CMakeFiles/VStest4_CortexM0.elf.dir/Applications/ModusToolbox_1.1/libraries/psoc6sw-1.1/components/psoc6pdl/drivers/source/cy_crypto_core_aes_v2.c.obj
LOAD CMakeFiles/VStest4_CortexM0.elf.dir/Applications/ModusToolbox_1.1/libraries/psoc6sw-1.1/components/psoc6pdl/drivers/source/cy_crypto_core_cmac_v1.c.obj
LOAD CMakeFiles/VStest4_CortexM0.elf.dir/Applications/ModusToolbox_1.1/libraries/psoc6sw-1.1/components/psoc6pdl/drivers/source/cy_crypto_core_cmac_v2.c.obj
LOAD CMakeFiles/VStest4_CortexM0.elf.dir/Applications/ModusToolbox_1.1/libraries/psoc6sw-1.1/components/psoc6pdl/drivers/source/cy_crypto_core_crc_v1.c.obj
LOAD CMakeFiles/VStest4_CortexM0.elf.dir/Applications/ModusToolbox_1.1/libraries/psoc6sw-1.1/components/psoc6pdl/drivers/source/cy_crypto_core_crc_v2.c.obj
LOAD CMakeFiles/VStest4_CortexM0.elf.dir/Applications/ModusToolbox_1.1/libraries/psoc6sw-1.1/components/psoc6pdl/drivers/source/cy_crypto_core_des_v1.c.obj
LOAD CMakeFiles/VStest4_CortexM0.elf.dir/Applications/ModusToolbox_1.1/libraries/psoc6sw-1.1/components/psoc6pdl/drivers/source/cy_crypto_core_des_v2.c.obj
LOAD CMakeFiles/VStest4_CortexM0.elf.dir/Applications/ModusToolbox_1.1/libraries/psoc6sw-1.1/components/psoc6pdl/drivers/source/cy_crypto_core_ecc_domain_params.c.obj
LOAD CMakeFiles/VStest4_CortexM0.elf.dir/Applications/ModusToolbox_1.1/libraries/psoc6sw-1.1/components/psoc6pdl/drivers/source/cy_crypto_core_ecc_ecdsa.c.obj
LOAD CMakeFiles/VStest4_CortexM0.elf.dir/Applications/ModusToolbox_1.1/libraries/psoc6sw-1.1/components/psoc6pdl/drivers/source/cy_crypto_core_ecc_key_gen.c.obj
LOAD CMakeFiles/VStest4_CortexM0.elf.dir/Applications/ModusToolbox_1.1/libraries/psoc6sw-1.1/components/psoc6pdl/drivers/source/cy_crypto_core_ecc_nist_p.c.obj
LOAD CMakeFiles/VStest4_CortexM0.elf.dir/Applications/ModusToolbox_1.1/libraries/psoc6sw-1.1/components/psoc6pdl/drivers/source/cy_crypto_core_hmac_v1.c.obj
LOAD CMakeFiles/VStest4_CortexM0.elf.dir/Applications/ModusToolbox_1.1/libraries/psoc6sw-1.1/components/psoc6pdl/drivers/source/cy_crypto_core_hmac_v2.c.obj
LOAD CMakeFiles/VStest4_CortexM0.elf.dir/Applications/ModusToolbox_1.1/libraries/psoc6sw-1.1/components/psoc6pdl/drivers/source/cy_crypto_core_hw.c.obj
LOAD CMakeFiles/VStest4_CortexM0.elf.dir/Applications/ModusToolbox_1.1/libraries/psoc6sw-1.1/components/psoc6pdl/drivers/source/cy_crypto_core_hw_v1.c.obj
LOAD CMakeFiles/VStest4_CortexM0.elf.dir/Applications/ModusToolbox_1.1/libraries/psoc6sw-1.1/components/psoc6pdl/drivers/source/cy_crypto_core_mem_v1.c.obj
LOAD CMakeFiles/VStest4_CortexM0.elf.dir/Applications/ModusToolbox_1.1/libraries/psoc6sw-1.1/components/psoc6pdl/drivers/source/cy_crypto_core_mem_v2.c.obj
LOAD CMakeFiles/VStest4_CortexM0.elf.dir/Applications/ModusToolbox_1.1/libraries/psoc6sw-1.1/components/psoc6pdl/drivers/source/cy_crypto_core_prng_v1.c.obj
LOAD CMakeFiles/VStest4_CortexM0.elf.dir/Applications/ModusToolbox_1.1/libraries/psoc6sw-1.1/components/psoc6pdl/drivers/source/cy_crypto_core_prng_v2.c.obj
LOAD CMakeFiles/VStest4_CortexM0.elf.dir/Applications/ModusToolbox_1.1/libraries/psoc6sw-1.1/components/psoc6pdl/drivers/source/cy_crypto_core_rsa.c.obj
LOAD CMakeFiles/VStest4_CortexM0.elf.dir/Applications/ModusToolbox_1.1/libraries/psoc6sw-1.1/components/psoc6pdl/drivers/source/cy_crypto_core_sha_v1.c.obj
LOAD CMakeFiles/VStest4_CortexM0.elf.dir/Applications/ModusToolbox_1.1/libraries/psoc6sw-1.1/components/psoc6pdl/drivers/source/cy_crypto_core_sha_v2.c.obj
LOAD CMakeFiles/VStest4_CortexM0.elf.dir/Applications/ModusToolbox_1.1/libraries/psoc6sw-1.1/components/psoc6pdl/drivers/source/cy_crypto_core_trng_v1.c.obj
LOAD CMakeFiles/VStest4_CortexM0.elf.dir/Applications/ModusToolbox_1.1/libraries/psoc6sw-1.1/components/psoc6pdl/drivers/source/cy_crypto_core_trng_v2.c.obj
LOAD CMakeFiles/VStest4_CortexM0.elf.dir/Applications/ModusToolbox_1.1/libraries/psoc6sw-1.1/components/psoc6pdl/drivers/source/cy_crypto_core_vu.c.obj
LOAD CMakeFiles/VStest4_CortexM0.elf.dir/Applications/ModusToolbox_1.1/libraries/psoc6sw-1.1/components/psoc6pdl/drivers/source/cy_crypto_server.c.obj
LOAD CMakeFiles/VStest4_CortexM0.elf.dir/Applications/ModusToolbox_1.1/libraries/psoc6sw-1.1/components/psoc6pdl/drivers/source/cy_csd.c.obj
LOAD CMakeFiles/VStest4_CortexM0.elf.dir/Applications/ModusToolbox_1.1/libraries/psoc6sw-1.1/components/psoc6pdl/drivers/source/cy_ctb.c.obj
LOAD CMakeFiles/VStest4_CortexM0.elf.dir/Applications/ModusToolbox_1.1/libraries/psoc6sw-1.1/components/psoc6pdl/drivers/source/cy_ctdac.c.obj
LOAD CMakeFiles/VStest4_CortexM0.elf.dir/Applications/ModusToolbox_1.1/libraries/psoc6sw-1.1/components/psoc6pdl/drivers/source/cy_device.c.obj
LOAD CMakeFiles/VStest4_CortexM0.elf.dir/Applications/ModusToolbox_1.1/libraries/psoc6sw-1.1/components/psoc6pdl/drivers/source/cy_dma.c.obj
LOAD CMakeFiles/VStest4_CortexM0.elf.dir/Applications/ModusToolbox_1.1/libraries/psoc6sw-1.1/components/psoc6pdl/drivers/source/cy_dmac.c.obj
LOAD CMakeFiles/VStest4_CortexM0.elf.dir/Applications/ModusToolbox_1.1/libraries/psoc6sw-1.1/components/psoc6pdl/drivers/source/cy_efuse.c.obj
LOAD CMakeFiles/VStest4_CortexM0.elf.dir/Applications/ModusToolbox_1.1/libraries/psoc6sw-1.1/components/psoc6pdl/drivers/source/cy_flash.c.obj
LOAD CMakeFiles/VStest4_CortexM0.elf.dir/Applications/ModusToolbox_1.1/libraries/psoc6sw-1.1/components/psoc6pdl/drivers/source/cy_gpio.c.obj
LOAD CMakeFiles/VStest4_CortexM0.elf.dir/Applications/ModusToolbox_1.1/libraries/psoc6sw-1.1/components/psoc6pdl/drivers/source/cy_i2s.c.obj
LOAD CMakeFiles/VStest4_CortexM0.elf.dir/Applications/ModusToolbox_1.1/libraries/psoc6sw-1.1/components/psoc6pdl/drivers/source/cy_ipc_drv.c.obj
LOAD CMakeFiles/VStest4_CortexM0.elf.dir/Applications/ModusToolbox_1.1/libraries/psoc6sw-1.1/components/psoc6pdl/drivers/source/cy_ipc_pipe.c.obj
LOAD CMakeFiles/VStest4_CortexM0.elf.dir/Applications/ModusToolbox_1.1/libraries/psoc6sw-1.1/components/psoc6pdl/drivers/source/cy_ipc_sema.c.obj
LOAD CMakeFiles/VStest4_CortexM0.elf.dir/Applications/ModusToolbox_1.1/libraries/psoc6sw-1.1/components/psoc6pdl/drivers/source/cy_lpcomp.c.obj
LOAD CMakeFiles/VStest4_CortexM0.elf.dir/Applications/ModusToolbox_1.1/libraries/psoc6sw-1.1/components/psoc6pdl/drivers/source/cy_lvd.c.obj
LOAD CMakeFiles/VStest4_CortexM0.elf.dir/Applications/ModusToolbox_1.1/libraries/psoc6sw-1.1/components/psoc6pdl/drivers/source/cy_mcwdt.c.obj
LOAD CMakeFiles/VStest4_CortexM0.elf.dir/Applications/ModusToolbox_1.1/libraries/psoc6sw-1.1/components/psoc6pdl/drivers/source/cy_pdm_pcm.c.obj
LOAD CMakeFiles/VStest4_CortexM0.elf.dir/Applications/ModusToolbox_1.1/libraries/psoc6sw-1.1/components/psoc6pdl/drivers/source/cy_profile.c.obj
LOAD CMakeFiles/VStest4_CortexM0.elf.dir/Applications/ModusToolbox_1.1/libraries/psoc6sw-1.1/components/psoc6pdl/drivers/source/cy_prot.c.obj
LOAD CMakeFiles/VStest4_CortexM0.elf.dir/Applications/ModusToolbox_1.1/libraries/psoc6sw-1.1/components/psoc6pdl/drivers/source/cy_rtc.c.obj
LOAD CMakeFiles/VStest4_CortexM0.elf.dir/Applications/ModusToolbox_1.1/libraries/psoc6sw-1.1/components/psoc6pdl/drivers/source/cy_sar.c.obj
LOAD CMakeFiles/VStest4_CortexM0.elf.dir/Applications/ModusToolbox_1.1/libraries/psoc6sw-1.1/components/psoc6pdl/drivers/source/cy_scb_common.c.obj
LOAD CMakeFiles/VStest4_CortexM0.elf.dir/Applications/ModusToolbox_1.1/libraries/psoc6sw-1.1/components/psoc6pdl/drivers/source/cy_scb_ezi2c.c.obj
LOAD CMakeFiles/VStest4_CortexM0.elf.dir/Applications/ModusToolbox_1.1/libraries/psoc6sw-1.1/components/psoc6pdl/drivers/source/cy_scb_i2c.c.obj
LOAD CMakeFiles/VStest4_CortexM0.elf.dir/Applications/ModusToolbox_1.1/libraries/psoc6sw-1.1/components/psoc6pdl/drivers/source/cy_scb_spi.c.obj
LOAD CMakeFiles/VStest4_CortexM0.elf.dir/Applications/ModusToolbox_1.1/libraries/psoc6sw-1.1/components/psoc6pdl/drivers/source/cy_scb_uart.c.obj
LOAD CMakeFiles/VStest4_CortexM0.elf.dir/Applications/ModusToolbox_1.1/libraries/psoc6sw-1.1/components/psoc6pdl/drivers/source/cy_sd_host.c.obj
LOAD CMakeFiles/VStest4_CortexM0.elf.dir/Applications/ModusToolbox_1.1/libraries/psoc6sw-1.1/components/psoc6pdl/drivers/source/cy_smartio.c.obj
LOAD CMakeFiles/VStest4_CortexM0.elf.dir/Applications/ModusToolbox_1.1/libraries/psoc6sw-1.1/components/psoc6pdl/drivers/source/cy_smif.c.obj
LOAD CMakeFiles/VStest4_CortexM0.elf.dir/Applications/ModusToolbox_1.1/libraries/psoc6sw-1.1/components/psoc6pdl/drivers/source/cy_smif_memslot.c.obj
LOAD CMakeFiles/VStest4_CortexM0.elf.dir/Applications/ModusToolbox_1.1/libraries/psoc6sw-1.1/components/psoc6pdl/drivers/source/cy_sysanalog.c.obj
LOAD CMakeFiles/VStest4_CortexM0.elf.dir/Applications/ModusToolbox_1.1/libraries/psoc6sw-1.1/components/psoc6pdl/drivers/source/cy_sysclk.c.obj
LOAD CMakeFiles/VStest4_CortexM0.elf.dir/Applications/ModusToolbox_1.1/libraries/psoc6sw-1.1/components/psoc6pdl/drivers/source/cy_sysint.c.obj
LOAD CMakeFiles/VStest4_CortexM0.elf.dir/Applications/ModusToolbox_1.1/libraries/psoc6sw-1.1/components/psoc6pdl/drivers/source/cy_syslib.c.obj
LOAD CMakeFiles/VStest4_CortexM0.elf.dir/Applications/ModusToolbox_1.1/libraries/psoc6sw-1.1/components/psoc6pdl/drivers/source/cy_syspm.c.obj
LOAD CMakeFiles/VStest4_CortexM0.elf.dir/Applications/ModusToolbox_1.1/libraries/psoc6sw-1.1/components/psoc6pdl/drivers/source/cy_systick.c.obj
LOAD CMakeFiles/VStest4_CortexM0.elf.dir/Applications/ModusToolbox_1.1/libraries/psoc6sw-1.1/components/psoc6pdl/drivers/source/cy_tcpwm_counter.c.obj
LOAD CMakeFiles/VStest4_CortexM0.elf.dir/Applications/ModusToolbox_1.1/libraries/psoc6sw-1.1/components/psoc6pdl/drivers/source/cy_tcpwm_pwm.c.obj
LOAD CMakeFiles/VStest4_CortexM0.elf.dir/Applications/ModusToolbox_1.1/libraries/psoc6sw-1.1/components/psoc6pdl/drivers/source/cy_tcpwm_quaddec.c.obj
LOAD CMakeFiles/VStest4_CortexM0.elf.dir/Applications/ModusToolbox_1.1/libraries/psoc6sw-1.1/components/psoc6pdl/drivers/source/cy_trigmux.c.obj
LOAD CMakeFiles/VStest4_CortexM0.elf.dir/Applications/ModusToolbox_1.1/libraries/psoc6sw-1.1/components/psoc6pdl/drivers/source/cy_usbfs_dev_drv.c.obj
LOAD CMakeFiles/VStest4_CortexM0.elf.dir/Applications/ModusToolbox_1.1/libraries/psoc6sw-1.1/components/psoc6pdl/drivers/source/cy_usbfs_dev_drv_io.c.obj
LOAD CMakeFiles/VStest4_CortexM0.elf.dir/Applications/ModusToolbox_1.1/libraries/psoc6sw-1.1/components/psoc6pdl/drivers/source/cy_usbfs_dev_drv_io_dma.c.obj
LOAD CMakeFiles/VStest4_CortexM0.elf.dir/Applications/ModusToolbox_1.1/libraries/psoc6sw-1.1/components/psoc6pdl/drivers/source/cy_wdt.c.obj
LOAD CMakeFiles/VStest4_CortexM0.elf.dir/Applications/ModusToolbox_1.1/libraries/psoc6sw-1.1/components/psoc6pdl/drivers/source/gcc/cy_syslib_gcc.S.obj
START GROUP
LOAD /Applications/gcc-arm-none-eabi-8-2018-q4-major/bin/../lib/gcc/arm-none-eabi/8.2.1/thumb/v6-m/nofp/libgcc.a
LOAD /Applications/gcc-arm-none-eabi-8-2018-q4-major/bin/../lib/gcc/arm-none-eabi/8.2.1/../../../../arm-none-eabi/lib/thumb/v6-m/nofp/libg_nano.a
LOAD /Applications/gcc-arm-none-eabi-8-2018-q4-major/bin/../lib/gcc/arm-none-eabi/8.2.1/../../../../arm-none-eabi/lib/thumb/v6-m/nofp/libc_nano.a
END GROUP
START GROUP
LOAD /Applications/gcc-arm-none-eabi-8-2018-q4-major/bin/../lib/gcc/arm-none-eabi/8.2.1/thumb/v6-m/nofp/libgcc.a
LOAD /Applications/gcc-arm-none-eabi-8-2018-q4-major/bin/../lib/gcc/arm-none-eabi/8.2.1/../../../../arm-none-eabi/lib/thumb/v6-m/nofp/libc_nano.a
END GROUP
LOAD /Applications/gcc-arm-none-eabi-8-2018-q4-major/bin/../lib/gcc/arm-none-eabi/8.2.1/thumb/v6-m/nofp/crtend.o
LOAD /Applications/gcc-arm-none-eabi-8-2018-q4-major/bin/../lib/gcc/arm-none-eabi/8.2.1/thumb/v6-m/nofp/crtn.o
START GROUP
LOAD /Applications/gcc-arm-none-eabi-8-2018-q4-major/bin/../lib/gcc/arm-none-eabi/8.2.1/thumb/v6-m/nofp/libgcc.a
LOAD /Applications/gcc-arm-none-eabi-8-2018-q4-major/bin/../lib/gcc/arm-none-eabi/8.2.1/../../../../arm-none-eabi/lib/thumb/v6-m/nofp/libc.a
LOAD /Applications/gcc-arm-none-eabi-8-2018-q4-major/bin/../lib/gcc/arm-none-eabi/8.2.1/../../../../arm-none-eabi/lib/thumb/v6-m/nofp/libnosys.a
END GROUP
START GROUP
LOAD /Applications/gcc-arm-none-eabi-8-2018-q4-major/bin/../lib/gcc/arm-none-eabi/8.2.1/thumb/v6-m/nofp/libgcc.a
LOAD /Applications/gcc-arm-none-eabi-8-2018-q4-major/bin/../lib/gcc/arm-none-eabi/8.2.1/../../../../arm-none-eabi/lib/thumb/v6-m/nofp/libc.a
LOAD /Applications/gcc-arm-none-eabi-8-2018-q4-major/bin/../lib/gcc/arm-none-eabi/8.2.1/../../../../arm-none-eabi/lib/thumb/v6-m/nofp/libm.a
LOAD /Applications/gcc-arm-none-eabi-8-2018-q4-major/bin/../lib/gcc/arm-none-eabi/8.2.1/../../../../arm-none-eabi/lib/thumb/v6-m/nofp/libnosys.a
END GROUP

.cy_app_header
 *(.cy_app_header)

.text           0x0000000010000000      0xff0
                0x0000000010000000                . = ALIGN (0x4)
                0x0000000010000000                __Vectors = .
 *(.vectors)
 .vectors       0x0000000010000000       0x80 CMakeFiles/VStest4_CortexM0.elf.dir/Applications/ModusToolbox_1.1/libraries/psoc6sw-1.1/components/psoc6pdl/devices/psoc6/startup/gcc/startup_psoc6_02_cm0plus.S.obj
                0x0000000010000080                . = ALIGN (0x4)
                0x0000000010000080                __Vectors_End = .
                0x0000000000000080                __Vectors_Size = (__Vectors_End - __Vectors)
                0x0000000010000080                __end__ = .
                0x0000000010000080                . = ALIGN (0x4)
 *(.text*)
 .text          0x0000000010000080       0x48 /Applications/gcc-arm-none-eabi-8-2018-q4-major/bin/../lib/gcc/arm-none-eabi/8.2.1/thumb/v6-m/nofp/crtbegin.o
 .text.startup.main
                0x00000000100000c8       0x18 CMakeFiles/VStest4_CortexM0.elf.dir/main.c.obj
                0x00000000100000c8                main
 .text.Cy_SysIpcPipeIsrCm0
                0x00000000100000e0        0xa CMakeFiles/VStest4_CortexM0.elf.dir/Applications/ModusToolbox_1.1/libraries/psoc6sw-1.1/components/psoc6pdl/devices/psoc6/startup/system_psoc6_cm0plus.c.obj
                0x00000000100000e0                Cy_SysIpcPipeIsrCm0
 .text.Cy_SystemInit
                0x00000000100000ea        0x2 CMakeFiles/VStest4_CortexM0.elf.dir/Applications/ModusToolbox_1.1/libraries/psoc6sw-1.1/components/psoc6pdl/devices/psoc6/startup/system_psoc6_cm0plus.c.obj
                0x00000000100000ea                Cy_SystemInit
 .text.SystemCoreClockUpdate
                0x00000000100000ec      0x198 CMakeFiles/VStest4_CortexM0.elf.dir/Applications/ModusToolbox_1.1/libraries/psoc6sw-1.1/components/psoc6pdl/devices/psoc6/startup/system_psoc6_cm0plus.c.obj
                0x00000000100000ec                SystemCoreClockUpdate
 .text.SystemInit
                0x0000000010000284       0xbc CMakeFiles/VStest4_CortexM0.elf.dir/Applications/ModusToolbox_1.1/libraries/psoc6sw-1.1/components/psoc6pdl/devices/psoc6/startup/system_psoc6_cm0plus.c.obj
                0x0000000010000284                SystemInit
 .text.Cy_SysGetCM4Status
                0x0000000010000340       0x10 CMakeFiles/VStest4_CortexM0.elf.dir/Applications/ModusToolbox_1.1/libraries/psoc6sw-1.1/components/psoc6pdl/devices/psoc6/startup/system_psoc6_cm0plus.c.obj
                0x0000000010000340                Cy_SysGetCM4Status
 .text.Cy_SysResetCM4
                0x0000000010000350       0x34 CMakeFiles/VStest4_CortexM0.elf.dir/Applications/ModusToolbox_1.1/libraries/psoc6sw-1.1/components/psoc6pdl/devices/psoc6/startup/system_psoc6_cm0plus.c.obj
                0x0000000010000350                Cy_SysResetCM4
 .text.Cy_SysEnableCM4
                0x0000000010000384       0x54 CMakeFiles/VStest4_CortexM0.elf.dir/Applications/ModusToolbox_1.1/libraries/psoc6sw-1.1/components/psoc6pdl/devices/psoc6/startup/system_psoc6_cm0plus.c.obj
                0x0000000010000384                Cy_SysEnableCM4
 .text          0x00000000100003d8       0x80 CMakeFiles/VStest4_CortexM0.elf.dir/Applications/ModusToolbox_1.1/libraries/psoc6sw-1.1/components/psoc6pdl/devices/psoc6/startup/gcc/startup_psoc6_02_cm0plus.S.obj
                0x00000000100003d8                Cy_OnResetUser
                0x00000000100003da                Reset_Handler
                0x0000000010000438                Internal4_IRQHandler
                0x0000000010000438                PendSV_Handler
                0x0000000010000438                NMI_Handler
                0x0000000010000438                Internal6_IRQHandler
                0x0000000010000438                NvicMux0_IRQHandler
                0x0000000010000438                Internal7_IRQHandler
                0x0000000010000438                NvicMux6_IRQHandler
                0x0000000010000438                NvicMux7_IRQHandler
                0x0000000010000438                Internal5_IRQHandler
                0x0000000010000438                Internal2_IRQHandler
                0x0000000010000438                SysTick_Handler
                0x0000000010000438                NvicMux2_IRQHandler
                0x0000000010000438                Internal0_IRQHandler
                0x0000000010000438                NvicMux4_IRQHandler
                0x0000000010000438                Default_Handler
                0x0000000010000438                NvicMux5_IRQHandler
                0x0000000010000438                NvicMux3_IRQHandler
                0x0000000010000438                Internal1_IRQHandler
                0x0000000010000438                SVC_Handler
                0x0000000010000438                NvicMux1_IRQHandler
                0x0000000010000438                Internal3_IRQHandler
                0x000000001000043c                HardFault_Handler
 .text.Cy_PDL_Init
                0x0000000010000458        0xc CMakeFiles/VStest4_CortexM0.elf.dir/Applications/ModusToolbox_1.1/libraries/psoc6sw-1.1/components/psoc6pdl/drivers/source/cy_device.c.obj
                0x0000000010000458                Cy_PDL_Init
 .text.Cy_IPC_Drv_GetIpcBaseAddress
                0x0000000010000464       0x18 CMakeFiles/VStest4_CortexM0.elf.dir/Applications/ModusToolbox_1.1/libraries/psoc6sw-1.1/components/psoc6pdl/drivers/source/cy_flash.c.obj
 .text.Cy_Flash_ProcessOpcode
                0x000000001000047c       0xc0 CMakeFiles/VStest4_CortexM0.elf.dir/Applications/ModusToolbox_1.1/libraries/psoc6sw-1.1/components/psoc6pdl/drivers/source/cy_flash.c.obj
 .text.Cy_Flash_OperationStatus
                0x000000001000053c       0x40 CMakeFiles/VStest4_CortexM0.elf.dir/Applications/ModusToolbox_1.1/libraries/psoc6sw-1.1/components/psoc6pdl/drivers/source/cy_flash.c.obj
 .text.Cy_Flash_InitExt
                0x000000001000057c       0x44 CMakeFiles/VStest4_CortexM0.elf.dir/Applications/ModusToolbox_1.1/libraries/psoc6sw-1.1/components/psoc6pdl/drivers/source/cy_flash.c.obj
                0x000000001000057c                Cy_Flash_InitExt
 .text.Cy_Flash_Init
                0x00000000100005c0       0x10 CMakeFiles/VStest4_CortexM0.elf.dir/Applications/ModusToolbox_1.1/libraries/psoc6sw-1.1/components/psoc6pdl/drivers/source/cy_flash.c.obj
                0x00000000100005c0                Cy_Flash_Init
 .text.Cy_IPC_Drv_LockRelease
                0x00000000100005d0       0x24 CMakeFiles/VStest4_CortexM0.elf.dir/Applications/ModusToolbox_1.1/libraries/psoc6sw-1.1/components/psoc6pdl/drivers/source/cy_ipc_drv.c.obj
                0x00000000100005d0                Cy_IPC_Drv_LockRelease
 .text.Cy_IPC_Drv_SendMsgWord
                0x00000000100005f4       0x18 CMakeFiles/VStest4_CortexM0.elf.dir/Applications/ModusToolbox_1.1/libraries/psoc6sw-1.1/components/psoc6pdl/drivers/source/cy_ipc_drv.c.obj
                0x00000000100005f4                Cy_IPC_Drv_SendMsgWord
 .text.Cy_IPC_Drv_ReadMsgWord
                0x000000001000060c       0x24 CMakeFiles/VStest4_CortexM0.elf.dir/Applications/ModusToolbox_1.1/libraries/psoc6sw-1.1/components/psoc6pdl/drivers/source/cy_ipc_drv.c.obj
                0x000000001000060c                Cy_IPC_Drv_ReadMsgWord
 .text.Cy_IPC_Pipe_Config
                0x0000000010000630       0x10 CMakeFiles/VStest4_CortexM0.elf.dir/Applications/ModusToolbox_1.1/libraries/psoc6sw-1.1/components/psoc6pdl/drivers/source/cy_ipc_pipe.c.obj
                0x0000000010000630                Cy_IPC_Pipe_Config
 .text.Cy_IPC_Pipe_EndpointInit
                0x0000000010000640       0x68 CMakeFiles/VStest4_CortexM0.elf.dir/Applications/ModusToolbox_1.1/libraries/psoc6sw-1.1/components/psoc6pdl/drivers/source/cy_ipc_pipe.c.obj
                0x0000000010000640                Cy_IPC_Pipe_EndpointInit
 .text.Cy_IPC_Pipe_Init
                0x00000000100006a8       0x68 CMakeFiles/VStest4_CortexM0.elf.dir/Applications/ModusToolbox_1.1/libraries/psoc6sw-1.1/components/psoc6pdl/drivers/source/cy_ipc_pipe.c.obj
                0x00000000100006a8                Cy_IPC_Pipe_Init
 .text.Cy_IPC_Pipe_SendMessage
                0x0000000010000710       0x60 CMakeFiles/VStest4_CortexM0.elf.dir/Applications/ModusToolbox_1.1/libraries/psoc6sw-1.1/components/psoc6pdl/drivers/source/cy_ipc_pipe.c.obj
                0x0000000010000710                Cy_IPC_Pipe_SendMessage
 .text.Cy_IPC_Pipe_RegisterCallback
                0x0000000010000770       0x28 CMakeFiles/VStest4_CortexM0.elf.dir/Applications/ModusToolbox_1.1/libraries/psoc6sw-1.1/components/psoc6pdl/drivers/source/cy_ipc_pipe.c.obj
                0x0000000010000770                Cy_IPC_Pipe_RegisterCallback
 .text.Cy_IPC_Pipe_ExecCallback
                0x0000000010000798       0x84 CMakeFiles/VStest4_CortexM0.elf.dir/Applications/ModusToolbox_1.1/libraries/psoc6sw-1.1/components/psoc6pdl/drivers/source/cy_ipc_pipe.c.obj
                0x0000000010000798                Cy_IPC_Pipe_ExecCallback
 .text.Cy_IPC_Pipe_ExecuteCallback
                0x000000001000081c       0x18 CMakeFiles/VStest4_CortexM0.elf.dir/Applications/ModusToolbox_1.1/libraries/psoc6sw-1.1/components/psoc6pdl/drivers/source/cy_ipc_pipe.c.obj
                0x000000001000081c                Cy_IPC_Pipe_ExecuteCallback
 .text.Cy_IPC_Sema_InitExt
                0x0000000010000834       0x78 CMakeFiles/VStest4_CortexM0.elf.dir/Applications/ModusToolbox_1.1/libraries/psoc6sw-1.1/components/psoc6pdl/drivers/source/cy_ipc_sema.c.obj
                0x0000000010000834                Cy_IPC_Sema_InitExt
 .text.Cy_IPC_Sema_Init
                0x00000000100008ac       0x48 CMakeFiles/VStest4_CortexM0.elf.dir/Applications/ModusToolbox_1.1/libraries/psoc6sw-1.1/components/psoc6pdl/drivers/source/cy_ipc_sema.c.obj
                0x00000000100008ac                Cy_IPC_Sema_Init
 .text.Cy_IPC_Sema_Clear
                0x00000000100008f4       0x74 CMakeFiles/VStest4_CortexM0.elf.dir/Applications/ModusToolbox_1.1/libraries/psoc6sw-1.1/components/psoc6pdl/drivers/source/cy_ipc_sema.c.obj
                0x00000000100008f4                Cy_IPC_Sema_Clear
 .text.Cy_IPC_Sema_Status
                0x0000000010000968       0x38 CMakeFiles/VStest4_CortexM0.elf.dir/Applications/ModusToolbox_1.1/libraries/psoc6sw-1.1/components/psoc6pdl/drivers/source/cy_ipc_sema.c.obj
                0x0000000010000968                Cy_IPC_Sema_Status
 .text.Cy_SysInt_SetInterruptSource
                0x00000000100009a0       0x58 CMakeFiles/VStest4_CortexM0.elf.dir/Applications/ModusToolbox_1.1/libraries/psoc6sw-1.1/components/psoc6pdl/drivers/source/cy_sysint.c.obj
                0x00000000100009a0                Cy_SysInt_SetInterruptSource
 .text.Cy_SysInt_SetVector
                0x00000000100009f8       0x28 CMakeFiles/VStest4_CortexM0.elf.dir/Applications/ModusToolbox_1.1/libraries/psoc6sw-1.1/components/psoc6pdl/drivers/source/cy_sysint.c.obj
                0x00000000100009f8                Cy_SysInt_SetVector
 .text.Cy_SysInt_Init
                0x0000000010000a20       0x94 CMakeFiles/VStest4_CortexM0.elf.dir/Applications/ModusToolbox_1.1/libraries/psoc6sw-1.1/components/psoc6pdl/drivers/source/cy_sysint.c.obj
                0x0000000010000a20                Cy_SysInt_Init
 .text.Cy_SysLib_ProcessingFault
                0x0000000010000ab4        0x2 CMakeFiles/VStest4_CortexM0.elf.dir/Applications/ModusToolbox_1.1/libraries/psoc6sw-1.1/components/psoc6pdl/drivers/source/cy_syslib.c.obj
                0x0000000010000ab4                Cy_SysLib_ProcessingFault
 *fill*         0x0000000010000ab6        0x2 
 .text.Cy_SysLib_FaultHandler
                0x0000000010000ab8       0x30 CMakeFiles/VStest4_CortexM0.elf.dir/Applications/ModusToolbox_1.1/libraries/psoc6sw-1.1/components/psoc6pdl/drivers/source/cy_syslib.c.obj
                0x0000000010000ab8                Cy_SysLib_FaultHandler
 .text.Cy_SysLib_GetDeviceRevision
                0x0000000010000ae8       0x12 CMakeFiles/VStest4_CortexM0.elf.dir/Applications/ModusToolbox_1.1/libraries/psoc6sw-1.1/components/psoc6pdl/drivers/source/cy_syspm.c.obj
 .text.Cy_SysLib_GetDevice
                0x0000000010000afa       0x16 CMakeFiles/VStest4_CortexM0.elf.dir/Applications/ModusToolbox_1.1/libraries/psoc6sw-1.1/components/psoc6pdl/drivers/source/cy_syspm.c.obj
 .text.Cy_SysPm_ExecuteCallback
                0x0000000010000b10       0x94 CMakeFiles/VStest4_CortexM0.elf.dir/Applications/ModusToolbox_1.1/libraries/psoc6sw-1.1/components/psoc6pdl/drivers/source/cy_syspm.c.obj
                0x0000000010000b10                Cy_SysPm_ExecuteCallback
 .text.Cy_SysPm_SaveRegisters
                0x0000000010000ba4       0x58 CMakeFiles/VStest4_CortexM0.elf.dir/Applications/ModusToolbox_1.1/libraries/psoc6sw-1.1/components/psoc6pdl/drivers/source/cy_syspm.c.obj
                0x0000000010000ba4                Cy_SysPm_SaveRegisters
 .text.Cy_SysPm_RestoreRegisters
                0x0000000010000bfc       0x58 CMakeFiles/VStest4_CortexM0.elf.dir/Applications/ModusToolbox_1.1/libraries/psoc6sw-1.1/components/psoc6pdl/drivers/source/cy_syspm.c.obj
                0x0000000010000bfc                Cy_SysPm_RestoreRegisters
 .text.Cy_SysPm_CpuEnterDeepSleep
                0x0000000010000c54      0x118 CMakeFiles/VStest4_CortexM0.elf.dir/Applications/ModusToolbox_1.1/libraries/psoc6sw-1.1/components/psoc6pdl/drivers/source/cy_syspm.c.obj
                0x0000000010000c54                Cy_SysPm_CpuEnterDeepSleep
 .text.Cy_WDT_Unlock
                0x0000000010000d6c       0x24 CMakeFiles/VStest4_CortexM0.elf.dir/Applications/ModusToolbox_1.1/libraries/psoc6sw-1.1/components/psoc6pdl/drivers/source/cy_wdt.c.obj
                0x0000000010000d6c                Cy_WDT_Unlock
 .text          0x0000000010000d90       0x20 CMakeFiles/VStest4_CortexM0.elf.dir/Applications/ModusToolbox_1.1/libraries/psoc6sw-1.1/components/psoc6pdl/drivers/source/gcc/cy_syslib_gcc.S.obj
                0x0000000010000d90                Cy_SysLib_DelayCycles
                0x0000000010000da2                Cy_SysLib_EnterCriticalSection
                0x0000000010000daa                Cy_SysLib_ExitCriticalSection
 .text          0x0000000010000db0      0x114 /Applications/gcc-arm-none-eabi-8-2018-q4-major/bin/../lib/gcc/arm-none-eabi/8.2.1/thumb/v6-m/nofp/libgcc.a(_udivsi3.o)
                0x0000000010000db0                __udivsi3
                0x0000000010000db0                __aeabi_uidiv
                0x0000000010000ebc                __aeabi_uidivmod
 .text          0x0000000010000ec4        0x4 /Applications/gcc-arm-none-eabi-8-2018-q4-major/bin/../lib/gcc/arm-none-eabi/8.2.1/thumb/v6-m/nofp/libgcc.a(_dvmd_tls.o)
                0x0000000010000ec4                __aeabi_ldiv0
                0x0000000010000ec4                __aeabi_idiv0
 .text.memset   0x0000000010000ec8       0x10 /Applications/gcc-arm-none-eabi-8-2018-q4-major/bin/../lib/gcc/arm-none-eabi/8.2.1/../../../../arm-none-eabi/lib/thumb/v6-m/nofp/libg_nano.a(lib_a-memset.o)
                0x0000000010000ec8                memset
 *(.init)
 .init          0x0000000010000ed8        0x4 /Applications/gcc-arm-none-eabi-8-2018-q4-major/bin/../lib/gcc/arm-none-eabi/8.2.1/thumb/v6-m/nofp/crti.o
                0x0000000010000ed8                _init
 .init          0x0000000010000edc        0x8 /Applications/gcc-arm-none-eabi-8-2018-q4-major/bin/../lib/gcc/arm-none-eabi/8.2.1/thumb/v6-m/nofp/crtn.o
 *(.fini)
 .fini          0x0000000010000ee4        0x4 /Applications/gcc-arm-none-eabi-8-2018-q4-major/bin/../lib/gcc/arm-none-eabi/8.2.1/thumb/v6-m/nofp/crti.o
                0x0000000010000ee4                _fini
 .fini          0x0000000010000ee8        0x8 /Applications/gcc-arm-none-eabi-8-2018-q4-major/bin/../lib/gcc/arm-none-eabi/8.2.1/thumb/v6-m/nofp/crtn.o
 .fini.__stub   0x0000000010000ef0       0x10 linker stubs
 *crtbegin.o(.ctors)
 *crtbegin?.o(.ctors)
 *(EXCLUDE_FILE(*crtend.o *crtend?.o) .ctors)
 *(SORT_BY_NAME(.ctors.*))
 *(.ctors)
 *crtbegin.o(.dtors)
 *crtbegin?.o(.dtors)
 *(EXCLUDE_FILE(*crtend.o *crtend?.o) .dtors)
 *(SORT_BY_NAME(.dtors.*))
 *(.dtors)
 *(.rodata .rodata.* .constdata .constdata.* .conststring .conststring.*)
 .rodata.systemIpcPipeConfigCm0.10643
                0x0000000010000f00       0x34 CMakeFiles/VStest4_CortexM0.elf.dir/Applications/ModusToolbox_1.1/libraries/psoc6sw-1.1/components/psoc6pdl/devices/psoc6/startup/system_psoc6_cm0plus.c.obj
 .rodata.cy_deviceIpBlockCfgPSoC6_01
                0x0000000010000f34       0xb8 CMakeFiles/VStest4_CortexM0.elf.dir/Applications/ModusToolbox_1.1/libraries/psoc6sw-1.1/components/psoc6pdl/drivers/source/cy_device.c.obj
                0x0000000010000f34                cy_deviceIpBlockCfgPSoC6_01
 *(.eh_frame*)
 .eh_frame      0x0000000010000fec        0x0 /Applications/gcc-arm-none-eabi-8-2018-q4-major/bin/../lib/gcc/arm-none-eabi/8.2.1/thumb/v6-m/nofp/crtbegin.o
 .eh_frame      0x0000000010000fec        0x4 /Applications/gcc-arm-none-eabi-8-2018-q4-major/bin/../lib/gcc/arm-none-eabi/8.2.1/thumb/v6-m/nofp/crtend.o

.glue_7         0x0000000010000ff0        0x0
 .glue_7        0x0000000010000ff0        0x0 linker stubs

.glue_7t        0x0000000010000ff0        0x0
 .glue_7t       0x0000000010000ff0        0x0 linker stubs

.vfp11_veneer   0x0000000010000ff0        0x0
 .vfp11_veneer  0x0000000010000ff0        0x0 linker stubs

.v4_bx          0x0000000010000ff0        0x0
 .v4_bx         0x0000000010000ff0        0x0 linker stubs

.iplt           0x0000000010000ff0        0x0
 .iplt          0x0000000010000ff0        0x0 /Applications/gcc-arm-none-eabi-8-2018-q4-major/bin/../lib/gcc/arm-none-eabi/8.2.1/thumb/v6-m/nofp/crtbegin.o

.rel.dyn        0x0000000010000ff0        0x0
 .rel.iplt      0x0000000010000ff0        0x0 /Applications/gcc-arm-none-eabi-8-2018-q4-major/bin/../lib/gcc/arm-none-eabi/8.2.1/thumb/v6-m/nofp/crtbegin.o

.ARM.extab
 *(.ARM.extab* .gnu.linkonce.armextab.*)
                0x0000000010000ff0                __exidx_start = .

.ARM.exidx
 *(.ARM.exidx* .gnu.linkonce.armexidx.*)
                0x0000000010000ff0                __exidx_end = .

.copy.table     0x0000000010000ff0       0x18
                0x0000000010000ff0                . = ALIGN (0x4)
                0x0000000010000ff0                __copy_table_start__ = .
                0x0000000010000ff0        0x4 LONG 0x10000000 __Vectors
                0x0000000010000ff4        0x4 LONG 0x8000000 __ram_vectors_start__
                0x0000000010000ff8        0x4 LONG 0x80 (__Vectors_End - __Vectors)
                0x0000000010000ffc        0x4 LONG 0x10001010 __etext
                0x0000000010001000        0x4 LONG 0x8000080 __data_start__
                0x0000000010001004        0x4 LONG 0x470 (__data_end__ - __data_start__)
                0x0000000010001008                __copy_table_end__ = .

.zero.table     0x0000000010001008        0x8
                0x0000000010001008                . = ALIGN (0x4)
                0x0000000010001008                __zero_table_start__ = .
                0x0000000010001008        0x4 LONG 0x8000510 __bss_start__
                0x000000001000100c        0x4 LONG 0x210 (__bss_end__ - __bss_start__)
                0x0000000010001010                __zero_table_end__ = .
                0x0000000010001010                __etext = .

.ramVectors     0x0000000008000000       0x80
                0x0000000008000000                __ram_vectors_start__ = .
 *(.ram_vectors)
 .ram_vectors   0x0000000008000000       0x80 CMakeFiles/VStest4_CortexM0.elf.dir/Applications/ModusToolbox_1.1/libraries/psoc6sw-1.1/components/psoc6pdl/devices/psoc6/startup/gcc/startup_psoc6_02_cm0plus.S.obj
                0x0000000008000000                __ramVectors
                0x0000000008000080                __ram_vectors_end__ = .

.data           0x0000000008000080      0x470 load address 0x0000000010001010
                0x0000000008000080                __data_start__ = .
 *(vtable)
 *(.data*)
 .data.SystemCoreClock
                0x0000000008000080        0x4 CMakeFiles/VStest4_CortexM0.elf.dir/Applications/ModusToolbox_1.1/libraries/psoc6sw-1.1/components/psoc6pdl/devices/psoc6/startup/system_psoc6_cm0plus.c.obj
                0x0000000008000080                SystemCoreClock
 .data.cy_BleEcoClockFreqHz
                0x0000000008000084        0x4 CMakeFiles/VStest4_CortexM0.elf.dir/Applications/ModusToolbox_1.1/libraries/psoc6sw-1.1/components/psoc6pdl/devices/psoc6/startup/system_psoc6_cm0plus.c.obj
                0x0000000008000084                cy_BleEcoClockFreqHz
 .data.cy_Hfclk0FreqHz
                0x0000000008000088        0x4 CMakeFiles/VStest4_CortexM0.elf.dir/Applications/ModusToolbox_1.1/libraries/psoc6sw-1.1/components/psoc6pdl/devices/psoc6/startup/system_psoc6_cm0plus.c.obj
                0x0000000008000088                cy_Hfclk0FreqHz
 .data.cy_PeriClkFreqHz
                0x000000000800008c        0x4 CMakeFiles/VStest4_CortexM0.elf.dir/Applications/ModusToolbox_1.1/libraries/psoc6sw-1.1/components/psoc6pdl/devices/psoc6/startup/system_psoc6_cm0plus.c.obj
                0x000000000800008c                cy_PeriClkFreqHz
 .data.cy_delay32kMs
                0x0000000008000090        0x4 CMakeFiles/VStest4_CortexM0.elf.dir/Applications/ModusToolbox_1.1/libraries/psoc6sw-1.1/components/psoc6pdl/devices/psoc6/startup/system_psoc6_cm0plus.c.obj
                0x0000000008000090                cy_delay32kMs
 .data.cy_delayFreqHz
                0x0000000008000094        0x4 CMakeFiles/VStest4_CortexM0.elf.dir/Applications/ModusToolbox_1.1/libraries/psoc6sw-1.1/components/psoc6pdl/devices/psoc6/startup/system_psoc6_cm0plus.c.obj
                0x0000000008000094                cy_delayFreqHz
 .data.cy_delayFreqKhz
                0x0000000008000098        0x4 CMakeFiles/VStest4_CortexM0.elf.dir/Applications/ModusToolbox_1.1/libraries/psoc6sw-1.1/components/psoc6pdl/devices/psoc6/startup/system_psoc6_cm0plus.c.obj
                0x0000000008000098                cy_delayFreqKhz
 .data.cy_delayFreqMhz
                0x000000000800009c        0x1 CMakeFiles/VStest4_CortexM0.elf.dir/Applications/ModusToolbox_1.1/libraries/psoc6sw-1.1/components/psoc6pdl/devices/psoc6/startup/system_psoc6_cm0plus.c.obj
                0x000000000800009c                cy_delayFreqMhz
                0x00000000080000a0                . = ALIGN (0x4)
 *fill*         0x000000000800009d        0x3 
                0x00000000080000a0                PROVIDE (__preinit_array_start = .)
 *(.preinit_array)
                0x00000000080000a0                PROVIDE (__preinit_array_end = .)
                0x00000000080000a0                . = ALIGN (0x4)
                0x00000000080000a0                PROVIDE (__init_array_start = .)
 *(SORT_BY_NAME(.init_array.*))
 *(.init_array)
 .init_array    0x00000000080000a0        0x4 /Applications/gcc-arm-none-eabi-8-2018-q4-major/bin/../lib/gcc/arm-none-eabi/8.2.1/thumb/v6-m/nofp/crtbegin.o
                0x00000000080000a4                PROVIDE (__init_array_end = .)
                0x00000000080000a4                . = ALIGN (0x4)
                [!provide]                        PROVIDE (__fini_array_start = .)
 *(SORT_BY_NAME(.fini_array.*))
 *(.fini_array)
 .fini_array    0x00000000080000a4        0x4 /Applications/gcc-arm-none-eabi-8-2018-q4-major/bin/../lib/gcc/arm-none-eabi/8.2.1/thumb/v6-m/nofp/crtbegin.o
                [!provide]                        PROVIDE (__fini_array_end = .)
 *(.jcr*)
                0x00000000080000a8                . = ALIGN (0x4)
 *(.cy_ramfunc*)
 .cy_ramfunc    0x00000000080000a8      0x1c0 CMakeFiles/VStest4_CortexM0.elf.dir/Applications/ModusToolbox_1.1/libraries/psoc6sw-1.1/components/psoc6pdl/drivers/source/cy_flash.c.obj
 .cy_ramfunc    0x0000000008000268      0x1e4 CMakeFiles/VStest4_CortexM0.elf.dir/Applications/ModusToolbox_1.1/libraries/psoc6sw-1.1/components/psoc6pdl/drivers/source/cy_syspm.c.obj
 *fill*         0x000000000800044c        0x4 
 .cy_ramfunc.__stub
                0x0000000008000450       0xa0 linker stubs
                0x00000000080004f0                . = ALIGN (0x4)
                0x00000000080004f0                __data_end__ = .

.igot.plt       0x00000000080004f0        0x0 load address 0x0000000010001480
 .igot.plt      0x00000000080004f0        0x0 /Applications/gcc-arm-none-eabi-8-2018-q4-major/bin/../lib/gcc/arm-none-eabi/8.2.1/thumb/v6-m/nofp/crtbegin.o

.noinit         0x00000000080004f0       0x20 load address 0x0000000010001480
 *(.noinit)
 .noinit        0x00000000080004f0       0x20 CMakeFiles/VStest4_CortexM0.elf.dir/Applications/ModusToolbox_1.1/libraries/psoc6sw-1.1/components/psoc6pdl/drivers/source/cy_syslib.c.obj
                0x00000000080004f0                cy_faultFrame

.bss            0x0000000008000510      0x210 load address 0x00000000100014a0
                0x0000000008000510                . = ALIGN (0x4)
                0x0000000008000510                __bss_start__ = .
 *(.bss*)
 .bss           0x0000000008000510       0x1c /Applications/gcc-arm-none-eabi-8-2018-q4-major/bin/../lib/gcc/arm-none-eabi/8.2.1/thumb/v6-m/nofp/crtbegin.o
 .bss.ipcSemaArray.10640
                0x000000000800052c       0x10 CMakeFiles/VStest4_CortexM0.elf.dir/Applications/ModusToolbox_1.1/libraries/psoc6sw-1.1/components/psoc6pdl/devices/psoc6/startup/system_psoc6_cm0plus.c.obj
 .bss.systemIpcPipeEpArray.10641
                0x000000000800053c      0x160 CMakeFiles/VStest4_CortexM0.elf.dir/Applications/ModusToolbox_1.1/libraries/psoc6sw-1.1/components/psoc6pdl/devices/psoc6/startup/system_psoc6_cm0plus.c.obj
 .bss.systemIpcPipeSysCbArray.10642
                0x000000000800069c       0x20 CMakeFiles/VStest4_CortexM0.elf.dir/Applications/ModusToolbox_1.1/libraries/psoc6sw-1.1/components/psoc6pdl/devices/psoc6/startup/system_psoc6_cm0plus.c.obj
 .bss.flashContext
                0x00000000080006bc       0x10 CMakeFiles/VStest4_CortexM0.elf.dir/Applications/ModusToolbox_1.1/libraries/psoc6sw-1.1/components/psoc6pdl/drivers/source/cy_flash.c.obj
 .bss.ipcWaitMessage
                0x00000000080006cc        0x4 CMakeFiles/VStest4_CortexM0.elf.dir/Applications/ModusToolbox_1.1/libraries/psoc6sw-1.1/components/psoc6pdl/drivers/source/cy_flash.c.obj
 .bss.ipcWaitMessageStc.11590
                0x00000000080006d0        0x4 CMakeFiles/VStest4_CortexM0.elf.dir/Applications/ModusToolbox_1.1/libraries/psoc6sw-1.1/components/psoc6pdl/drivers/source/cy_flash.c.obj
 .bss.cy_ipc_pipe_epArray
                0x00000000080006d4        0x4 CMakeFiles/VStest4_CortexM0.elf.dir/Applications/ModusToolbox_1.1/libraries/psoc6sw-1.1/components/psoc6pdl/drivers/source/cy_ipc_pipe.c.obj
 .bss.cy_semaData.10813
                0x00000000080006d8        0x8 CMakeFiles/VStest4_CortexM0.elf.dir/Applications/ModusToolbox_1.1/libraries/psoc6sw-1.1/components/psoc6pdl/drivers/source/cy_ipc_sema.c.obj
 .bss.cy_semaIpcStruct
                0x00000000080006e0        0x4 CMakeFiles/VStest4_CortexM0.elf.dir/Applications/ModusToolbox_1.1/libraries/psoc6sw-1.1/components/psoc6pdl/drivers/source/cy_ipc_sema.c.obj
 .bss.bkpRegs   0x00000000080006e4       0x20 CMakeFiles/VStest4_CortexM0.elf.dir/Applications/ModusToolbox_1.1/libraries/psoc6sw-1.1/components/psoc6pdl/drivers/source/cy_syspm.c.obj
 .bss.lastExecutedCallback.11299
                0x0000000008000704        0x4 CMakeFiles/VStest4_CortexM0.elf.dir/Applications/ModusToolbox_1.1/libraries/psoc6sw-1.1/components/psoc6pdl/drivers/source/cy_syspm.c.obj
 .bss.pmCallbackRoot
                0x0000000008000708       0x14 CMakeFiles/VStest4_CortexM0.elf.dir/Applications/ModusToolbox_1.1/libraries/psoc6sw-1.1/components/psoc6pdl/drivers/source/cy_syspm.c.obj
 *(COMMON)
 COMMON         0x000000000800071c        0x4 CMakeFiles/VStest4_CortexM0.elf.dir/Applications/ModusToolbox_1.1/libraries/psoc6sw-1.1/components/psoc6pdl/drivers/source/cy_device.c.obj
                0x000000000800071c                cy_device
                0x0000000008000720                . = ALIGN (0x4)
                0x0000000008000720                __bss_end__ = .

.heap           0x0000000008000720      0x400
                0x0000000008000720                __HeapBase = .
                0x0000000008000720                __end__ = .
                0x0000000008000720                end = __end__
 *(.heap*)
 .heap          0x0000000008000720      0x400 CMakeFiles/VStest4_CortexM0.elf.dir/Applications/ModusToolbox_1.1/libraries/psoc6sw-1.1/components/psoc6pdl/devices/psoc6/startup/gcc/startup_psoc6_02_cm0plus.S.obj
                0x0000000008000b20                __HeapLimit = .

.stack_dummy    0x0000000008000720     0x1000
 *(.stack*)
 .stack         0x0000000008000720     0x1000 CMakeFiles/VStest4_CortexM0.elf.dir/Applications/ModusToolbox_1.1/libraries/psoc6sw-1.1/components/psoc6pdl/devices/psoc6/startup/gcc/startup_psoc6_02_cm0plus.S.obj
                0x0000000008024000                __StackTop = (ORIGIN (ram) + LENGTH (ram))
                0x0000000008023000                __StackLimit = (__StackTop - SIZEOF (.stack_dummy))
                0x0000000008024000                PROVIDE (__stack = __StackTop)
                0x0000000000000001                ASSERT ((__StackLimit >= __HeapLimit), region RAM overflowed with stack)

.cy_em_eeprom
 *(.cy_em_eeprom)

.cy_sflash_user_data
 *(.cy_sflash_user_data)

.cy_sflash_nar
 *(.cy_sflash_nar)

.cy_sflash_public_key
 *(.cy_sflash_public_key)

.cy_toc_part2
 *(.cy_toc_part2)

.cy_rtoc_part2
 *(.cy_rtoc_part2)

.cy_xip
 *(.cy_xip)

.cy_efuse
 *(.cy_efuse)

.cymeta
 *(.cymeta)
                0x0000000010000000                __cy_memory_0_start = 0x10000000
                0x0000000000100000                __cy_memory_0_length = 0x100000
                0x0000000000000200                __cy_memory_0_row_size = 0x200
                0x0000000014000000                __cy_memory_1_start = 0x14000000
                0x0000000000008000                __cy_memory_1_length = 0x8000
                0x0000000000000200                __cy_memory_1_row_size = 0x200
                0x0000000016000000                __cy_memory_2_start = 0x16000000
                0x0000000000008000                __cy_memory_2_length = 0x8000
                0x0000000000000200                __cy_memory_2_row_size = 0x200
                0x0000000018000000                __cy_memory_3_start = 0x18000000
                0x0000000008000000                __cy_memory_3_length = 0x8000000
                0x0000000000000200                __cy_memory_3_row_size = 0x200
                0x0000000090700000                __cy_memory_4_start = 0x90700000
                0x0000000000100000                __cy_memory_4_length = 0x100000
                0x0000000000000001                __cy_memory_4_row_size = 0x1
OUTPUT(VStest4_CortexM0.elf elf32-littlearm)

.ARM.attributes
                0x0000000000000000       0x28
 .ARM.attributes
                0x0000000000000000       0x1e /Applications/gcc-arm-none-eabi-8-2018-q4-major/bin/../lib/gcc/arm-none-eabi/8.2.1/thumb/v6-m/nofp/crti.o
 .ARM.attributes
                0x000000000000001e       0x2c /Applications/gcc-arm-none-eabi-8-2018-q4-major/bin/../lib/gcc/arm-none-eabi/8.2.1/thumb/v6-m/nofp/crtbegin.o
 .ARM.attributes
                0x000000000000004a       0x2c CMakeFiles/VStest4_CortexM0.elf.dir/main.c.obj
 .ARM.attributes
                0x0000000000000076       0x2c CMakeFiles/VStest4_CortexM0.elf.dir/Applications/ModusToolbox_1.1/libraries/psoc6sw-1.1/components/psoc6pdl/devices/psoc6/startup/system_psoc6_cm0plus.c.obj
 .ARM.attributes
                0x00000000000000a2       0x1b CMakeFiles/VStest4_CortexM0.elf.dir/Applications/ModusToolbox_1.1/libraries/psoc6sw-1.1/components/psoc6pdl/devices/psoc6/startup/gcc/startup_psoc6_02_cm0plus.S.obj
 .ARM.attributes
                0x00000000000000bd       0x2c CMakeFiles/VStest4_CortexM0.elf.dir/Applications/ModusToolbox_1.1/libraries/psoc6sw-1.1/components/psoc6pdl/drivers/source/cy_device.c.obj
 .ARM.attributes
                0x00000000000000e9       0x2c CMakeFiles/VStest4_CortexM0.elf.dir/Applications/ModusToolbox_1.1/libraries/psoc6sw-1.1/components/psoc6pdl/drivers/source/cy_flash.c.obj
 .ARM.attributes
                0x0000000000000115       0x2c CMakeFiles/VStest4_CortexM0.elf.dir/Applications/ModusToolbox_1.1/libraries/psoc6sw-1.1/components/psoc6pdl/drivers/source/cy_ipc_drv.c.obj
 .ARM.attributes
                0x0000000000000141       0x2c CMakeFiles/VStest4_CortexM0.elf.dir/Applications/ModusToolbox_1.1/libraries/psoc6sw-1.1/components/psoc6pdl/drivers/source/cy_ipc_pipe.c.obj
 .ARM.attributes
                0x000000000000016d       0x2c CMakeFiles/VStest4_CortexM0.elf.dir/Applications/ModusToolbox_1.1/libraries/psoc6sw-1.1/components/psoc6pdl/drivers/source/cy_ipc_sema.c.obj
 .ARM.attributes
                0x0000000000000199       0x2c CMakeFiles/VStest4_CortexM0.elf.dir/Applications/ModusToolbox_1.1/libraries/psoc6sw-1.1/components/psoc6pdl/drivers/source/cy_sysint.c.obj
 .ARM.attributes
                0x00000000000001c5       0x2c CMakeFiles/VStest4_CortexM0.elf.dir/Applications/ModusToolbox_1.1/libraries/psoc6sw-1.1/components/psoc6pdl/drivers/source/cy_syslib.c.obj
 .ARM.attributes
                0x00000000000001f1       0x2c CMakeFiles/VStest4_CortexM0.elf.dir/Applications/ModusToolbox_1.1/libraries/psoc6sw-1.1/components/psoc6pdl/drivers/source/cy_syspm.c.obj
 .ARM.attributes
                0x000000000000021d       0x2c CMakeFiles/VStest4_CortexM0.elf.dir/Applications/ModusToolbox_1.1/libraries/psoc6sw-1.1/components/psoc6pdl/drivers/source/cy_wdt.c.obj
 .ARM.attributes
                0x0000000000000249       0x1c CMakeFiles/VStest4_CortexM0.elf.dir/Applications/ModusToolbox_1.1/libraries/psoc6sw-1.1/components/psoc6pdl/drivers/source/gcc/cy_syslib_gcc.S.obj
 .ARM.attributes
                0x0000000000000265       0x1e /Applications/gcc-arm-none-eabi-8-2018-q4-major/bin/../lib/gcc/arm-none-eabi/8.2.1/thumb/v6-m/nofp/libgcc.a(_udivsi3.o)
 .ARM.attributes
                0x0000000000000283       0x1e /Applications/gcc-arm-none-eabi-8-2018-q4-major/bin/../lib/gcc/arm-none-eabi/8.2.1/thumb/v6-m/nofp/libgcc.a(_dvmd_tls.o)
 .ARM.attributes
                0x00000000000002a1       0x2c /Applications/gcc-arm-none-eabi-8-2018-q4-major/bin/../lib/gcc/arm-none-eabi/8.2.1/../../../../arm-none-eabi/lib/thumb/v6-m/nofp/libg_nano.a(lib_a-memset.o)
 .ARM.attributes
                0x00000000000002cd       0x2c /Applications/gcc-arm-none-eabi-8-2018-q4-major/bin/../lib/gcc/arm-none-eabi/8.2.1/thumb/v6-m/nofp/crtend.o
 .ARM.attributes
                0x00000000000002f9       0x1e /Applications/gcc-arm-none-eabi-8-2018-q4-major/bin/../lib/gcc/arm-none-eabi/8.2.1/thumb/v6-m/nofp/crtn.o

.comment        0x0000000000000000       0x75
 .comment       0x0000000000000000       0x75 CMakeFiles/VStest4_CortexM0.elf.dir/main.c.obj
                                         0x76 (size before relaxing)
 .comment       0x0000000000000075       0x76 CMakeFiles/VStest4_CortexM0.elf.dir/Applications/ModusToolbox_1.1/libraries/psoc6sw-1.1/components/psoc6pdl/devices/psoc6/startup/system_psoc6_cm0plus.c.obj
 .comment       0x0000000000000075       0x76 CMakeFiles/VStest4_CortexM0.elf.dir/Applications/ModusToolbox_1.1/libraries/psoc6sw-1.1/components/psoc6pdl/drivers/source/cy_device.c.obj
 .comment       0x0000000000000075       0x76 CMakeFiles/VStest4_CortexM0.elf.dir/Applications/ModusToolbox_1.1/libraries/psoc6sw-1.1/components/psoc6pdl/drivers/source/cy_flash.c.obj
 .comment       0x0000000000000075       0x76 CMakeFiles/VStest4_CortexM0.elf.dir/Applications/ModusToolbox_1.1/libraries/psoc6sw-1.1/components/psoc6pdl/drivers/source/cy_ipc_drv.c.obj
 .comment       0x0000000000000075       0x76 CMakeFiles/VStest4_CortexM0.elf.dir/Applications/ModusToolbox_1.1/libraries/psoc6sw-1.1/components/psoc6pdl/drivers/source/cy_ipc_pipe.c.obj
 .comment       0x0000000000000075       0x76 CMakeFiles/VStest4_CortexM0.elf.dir/Applications/ModusToolbox_1.1/libraries/psoc6sw-1.1/components/psoc6pdl/drivers/source/cy_ipc_sema.c.obj
 .comment       0x0000000000000075       0x76 CMakeFiles/VStest4_CortexM0.elf.dir/Applications/ModusToolbox_1.1/libraries/psoc6sw-1.1/components/psoc6pdl/drivers/source/cy_sysint.c.obj
 .comment       0x0000000000000075       0x76 CMakeFiles/VStest4_CortexM0.elf.dir/Applications/ModusToolbox_1.1/libraries/psoc6sw-1.1/components/psoc6pdl/drivers/source/cy_syslib.c.obj
 .comment       0x0000000000000075       0x76 CMakeFiles/VStest4_CortexM0.elf.dir/Applications/ModusToolbox_1.1/libraries/psoc6sw-1.1/components/psoc6pdl/drivers/source/cy_syspm.c.obj
 .comment       0x0000000000000075       0x76 CMakeFiles/VStest4_CortexM0.elf.dir/Applications/ModusToolbox_1.1/libraries/psoc6sw-1.1/components/psoc6pdl/drivers/source/cy_wdt.c.obj

.debug_info     0x0000000000000000    0x12541
 .debug_info    0x0000000000000000      0x71f CMakeFiles/VStest4_CortexM0.elf.dir/main.c.obj
 .debug_info    0x000000000000071f     0x2488 CMakeFiles/VStest4_CortexM0.elf.dir/Applications/ModusToolbox_1.1/libraries/psoc6sw-1.1/components/psoc6pdl/devices/psoc6/startup/system_psoc6_cm0plus.c.obj
 .debug_info    0x0000000000002ba7       0x26 CMakeFiles/VStest4_CortexM0.elf.dir/Applications/ModusToolbox_1.1/libraries/psoc6sw-1.1/components/psoc6pdl/devices/psoc6/startup/gcc/startup_psoc6_02_cm0plus.S.obj
 .debug_info    0x0000000000002bcd      0x5de CMakeFiles/VStest4_CortexM0.elf.dir/Applications/ModusToolbox_1.1/libraries/psoc6sw-1.1/components/psoc6pdl/drivers/source/cy_device.c.obj
 .debug_info    0x00000000000031ab     0x269b CMakeFiles/VStest4_CortexM0.elf.dir/Applications/ModusToolbox_1.1/libraries/psoc6sw-1.1/components/psoc6pdl/drivers/source/cy_flash.c.obj
 .debug_info    0x0000000000005846      0xa6d CMakeFiles/VStest4_CortexM0.elf.dir/Applications/ModusToolbox_1.1/libraries/psoc6sw-1.1/components/psoc6pdl/drivers/source/cy_ipc_drv.c.obj
 .debug_info    0x00000000000062b3     0x1ac2 CMakeFiles/VStest4_CortexM0.elf.dir/Applications/ModusToolbox_1.1/libraries/psoc6sw-1.1/components/psoc6pdl/drivers/source/cy_ipc_pipe.c.obj
 .debug_info    0x0000000000007d75     0x16f1 CMakeFiles/VStest4_CortexM0.elf.dir/Applications/ModusToolbox_1.1/libraries/psoc6sw-1.1/components/psoc6pdl/drivers/source/cy_ipc_sema.c.obj
 .debug_info    0x0000000000009466     0x1cae CMakeFiles/VStest4_CortexM0.elf.dir/Applications/ModusToolbox_1.1/libraries/psoc6sw-1.1/components/psoc6pdl/drivers/source/cy_sysint.c.obj
 .debug_info    0x000000000000b114     0x2207 CMakeFiles/VStest4_CortexM0.elf.dir/Applications/ModusToolbox_1.1/libraries/psoc6sw-1.1/components/psoc6pdl/drivers/source/cy_syslib.c.obj
 .debug_info    0x000000000000d31b     0x43a1 CMakeFiles/VStest4_CortexM0.elf.dir/Applications/ModusToolbox_1.1/libraries/psoc6sw-1.1/components/psoc6pdl/drivers/source/cy_syspm.c.obj
 .debug_info    0x00000000000116bc      0xe5f CMakeFiles/VStest4_CortexM0.elf.dir/Applications/ModusToolbox_1.1/libraries/psoc6sw-1.1/components/psoc6pdl/drivers/source/cy_wdt.c.obj
 .debug_info    0x000000000001251b       0x26 CMakeFiles/VStest4_CortexM0.elf.dir/Applications/ModusToolbox_1.1/libraries/psoc6sw-1.1/components/psoc6pdl/drivers/source/gcc/cy_syslib_gcc.S.obj

.debug_abbrev   0x0000000000000000     0x1fa2
 .debug_abbrev  0x0000000000000000      0x154 CMakeFiles/VStest4_CortexM0.elf.dir/main.c.obj
 .debug_abbrev  0x0000000000000154      0x30f CMakeFiles/VStest4_CortexM0.elf.dir/Applications/ModusToolbox_1.1/libraries/psoc6sw-1.1/components/psoc6pdl/devices/psoc6/startup/system_psoc6_cm0plus.c.obj
 .debug_abbrev  0x0000000000000463       0x14 CMakeFiles/VStest4_CortexM0.elf.dir/Applications/ModusToolbox_1.1/libraries/psoc6sw-1.1/components/psoc6pdl/devices/psoc6/startup/gcc/startup_psoc6_02_cm0plus.S.obj
 .debug_abbrev  0x0000000000000477       0xc5 CMakeFiles/VStest4_CortexM0.elf.dir/Applications/ModusToolbox_1.1/libraries/psoc6sw-1.1/components/psoc6pdl/drivers/source/cy_device.c.obj
 .debug_abbrev  0x000000000000053c      0x41e CMakeFiles/VStest4_CortexM0.elf.dir/Applications/ModusToolbox_1.1/libraries/psoc6sw-1.1/components/psoc6pdl/drivers/source/cy_flash.c.obj
 .debug_abbrev  0x000000000000095a      0x206 CMakeFiles/VStest4_CortexM0.elf.dir/Applications/ModusToolbox_1.1/libraries/psoc6sw-1.1/components/psoc6pdl/drivers/source/cy_ipc_drv.c.obj
 .debug_abbrev  0x0000000000000b60      0x426 CMakeFiles/VStest4_CortexM0.elf.dir/Applications/ModusToolbox_1.1/libraries/psoc6sw-1.1/components/psoc6pdl/drivers/source/cy_ipc_pipe.c.obj
 .debug_abbrev  0x0000000000000f86      0x412 CMakeFiles/VStest4_CortexM0.elf.dir/Applications/ModusToolbox_1.1/libraries/psoc6sw-1.1/components/psoc6pdl/drivers/source/cy_ipc_sema.c.obj
 .debug_abbrev  0x0000000000001398      0x2b5 CMakeFiles/VStest4_CortexM0.elf.dir/Applications/ModusToolbox_1.1/libraries/psoc6sw-1.1/components/psoc6pdl/drivers/source/cy_sysint.c.obj
 .debug_abbrev  0x000000000000164d      0x31a CMakeFiles/VStest4_CortexM0.elf.dir/Applications/ModusToolbox_1.1/libraries/psoc6sw-1.1/components/psoc6pdl/drivers/source/cy_syslib.c.obj
 .debug_abbrev  0x0000000000001967      0x417 CMakeFiles/VStest4_CortexM0.elf.dir/Applications/ModusToolbox_1.1/libraries/psoc6sw-1.1/components/psoc6pdl/drivers/source/cy_syspm.c.obj
 .debug_abbrev  0x0000000000001d7e      0x210 CMakeFiles/VStest4_CortexM0.elf.dir/Applications/ModusToolbox_1.1/libraries/psoc6sw-1.1/components/psoc6pdl/drivers/source/cy_wdt.c.obj
 .debug_abbrev  0x0000000000001f8e       0x14 CMakeFiles/VStest4_CortexM0.elf.dir/Applications/ModusToolbox_1.1/libraries/psoc6sw-1.1/components/psoc6pdl/drivers/source/gcc/cy_syslib_gcc.S.obj

.debug_aranges  0x0000000000000000      0x4d8
 .debug_aranges
                0x0000000000000000       0x20 CMakeFiles/VStest4_CortexM0.elf.dir/main.c.obj
 .debug_aranges
                0x0000000000000020       0x60 CMakeFiles/VStest4_CortexM0.elf.dir/Applications/ModusToolbox_1.1/libraries/psoc6sw-1.1/components/psoc6pdl/devices/psoc6/startup/system_psoc6_cm0plus.c.obj
 .debug_aranges
                0x0000000000000080       0x20 CMakeFiles/VStest4_CortexM0.elf.dir/Applications/ModusToolbox_1.1/libraries/psoc6sw-1.1/components/psoc6pdl/devices/psoc6/startup/gcc/startup_psoc6_02_cm0plus.S.obj
 .debug_aranges
                0x00000000000000a0       0x20 CMakeFiles/VStest4_CortexM0.elf.dir/Applications/ModusToolbox_1.1/libraries/psoc6sw-1.1/components/psoc6pdl/drivers/source/cy_device.c.obj
 .debug_aranges
                0x00000000000000c0       0xb8 CMakeFiles/VStest4_CortexM0.elf.dir/Applications/ModusToolbox_1.1/libraries/psoc6sw-1.1/components/psoc6pdl/drivers/source/cy_flash.c.obj
 .debug_aranges
                0x0000000000000178       0x30 CMakeFiles/VStest4_CortexM0.elf.dir/Applications/ModusToolbox_1.1/libraries/psoc6sw-1.1/components/psoc6pdl/drivers/source/cy_ipc_drv.c.obj
 .debug_aranges
                0x00000000000001a8       0x68 CMakeFiles/VStest4_CortexM0.elf.dir/Applications/ModusToolbox_1.1/libraries/psoc6sw-1.1/components/psoc6pdl/drivers/source/cy_ipc_pipe.c.obj
 .debug_aranges
                0x0000000000000210       0x48 CMakeFiles/VStest4_CortexM0.elf.dir/Applications/ModusToolbox_1.1/libraries/psoc6sw-1.1/components/psoc6pdl/drivers/source/cy_ipc_sema.c.obj
 .debug_aranges
                0x0000000000000258       0x58 CMakeFiles/VStest4_CortexM0.elf.dir/Applications/ModusToolbox_1.1/libraries/psoc6sw-1.1/components/psoc6pdl/drivers/source/cy_sysint.c.obj
 .debug_aranges
                0x00000000000002b0       0x80 CMakeFiles/VStest4_CortexM0.elf.dir/Applications/ModusToolbox_1.1/libraries/psoc6sw-1.1/components/psoc6pdl/drivers/source/cy_syslib.c.obj
 .debug_aranges
                0x0000000000000330      0x138 CMakeFiles/VStest4_CortexM0.elf.dir/Applications/ModusToolbox_1.1/libraries/psoc6sw-1.1/components/psoc6pdl/drivers/source/cy_syspm.c.obj
 .debug_aranges
                0x0000000000000468       0x50 CMakeFiles/VStest4_CortexM0.elf.dir/Applications/ModusToolbox_1.1/libraries/psoc6sw-1.1/components/psoc6pdl/drivers/source/cy_wdt.c.obj
 .debug_aranges
                0x00000000000004b8       0x20 CMakeFiles/VStest4_CortexM0.elf.dir/Applications/ModusToolbox_1.1/libraries/psoc6sw-1.1/components/psoc6pdl/drivers/source/gcc/cy_syslib_gcc.S.obj

.debug_ranges   0x0000000000000000      0x910
 .debug_ranges  0x0000000000000000       0x28 CMakeFiles/VStest4_CortexM0.elf.dir/main.c.obj
 .debug_ranges  0x0000000000000028       0xa8 CMakeFiles/VStest4_CortexM0.elf.dir/Applications/ModusToolbox_1.1/libraries/psoc6sw-1.1/components/psoc6pdl/devices/psoc6/startup/system_psoc6_cm0plus.c.obj
 .debug_ranges  0x00000000000000d0       0x10 CMakeFiles/VStest4_CortexM0.elf.dir/Applications/ModusToolbox_1.1/libraries/psoc6sw-1.1/components/psoc6pdl/drivers/source/cy_device.c.obj
 .debug_ranges  0x00000000000000e0      0x1e8 CMakeFiles/VStest4_CortexM0.elf.dir/Applications/ModusToolbox_1.1/libraries/psoc6sw-1.1/components/psoc6pdl/drivers/source/cy_flash.c.obj
 .debug_ranges  0x00000000000002c8       0x50 CMakeFiles/VStest4_CortexM0.elf.dir/Applications/ModusToolbox_1.1/libraries/psoc6sw-1.1/components/psoc6pdl/drivers/source/cy_ipc_drv.c.obj
 .debug_ranges  0x0000000000000318      0x118 CMakeFiles/VStest4_CortexM0.elf.dir/Applications/ModusToolbox_1.1/libraries/psoc6sw-1.1/components/psoc6pdl/drivers/source/cy_ipc_pipe.c.obj
 .debug_ranges  0x0000000000000430       0xa0 CMakeFiles/VStest4_CortexM0.elf.dir/Applications/ModusToolbox_1.1/libraries/psoc6sw-1.1/components/psoc6pdl/drivers/source/cy_ipc_sema.c.obj
 .debug_ranges  0x00000000000004d0       0x60 CMakeFiles/VStest4_CortexM0.elf.dir/Applications/ModusToolbox_1.1/libraries/psoc6sw-1.1/components/psoc6pdl/drivers/source/cy_sysint.c.obj
 .debug_ranges  0x0000000000000530       0xe0 CMakeFiles/VStest4_CortexM0.elf.dir/Applications/ModusToolbox_1.1/libraries/psoc6sw-1.1/components/psoc6pdl/drivers/source/cy_syslib.c.obj
 .debug_ranges  0x0000000000000610      0x280 CMakeFiles/VStest4_CortexM0.elf.dir/Applications/ModusToolbox_1.1/libraries/psoc6sw-1.1/components/psoc6pdl/drivers/source/cy_syspm.c.obj
 .debug_ranges  0x0000000000000890       0x80 CMakeFiles/VStest4_CortexM0.elf.dir/Applications/ModusToolbox_1.1/libraries/psoc6sw-1.1/components/psoc6pdl/drivers/source/cy_wdt.c.obj

.debug_line     0x0000000000000000     0x5d42
 .debug_line    0x0000000000000000      0x2bc CMakeFiles/VStest4_CortexM0.elf.dir/main.c.obj
 .debug_line    0x00000000000002bc      0x8af CMakeFiles/VStest4_CortexM0.elf.dir/Applications/ModusToolbox_1.1/libraries/psoc6sw-1.1/components/psoc6pdl/devices/psoc6/startup/system_psoc6_cm0plus.c.obj
 .debug_line    0x0000000000000b6b       0xf1 CMakeFiles/VStest4_CortexM0.elf.dir/Applications/ModusToolbox_1.1/libraries/psoc6sw-1.1/components/psoc6pdl/devices/psoc6/startup/gcc/startup_psoc6_02_cm0plus.S.obj
 .debug_line    0x0000000000000c5c      0x1c7 CMakeFiles/VStest4_CortexM0.elf.dir/Applications/ModusToolbox_1.1/libraries/psoc6sw-1.1/components/psoc6pdl/drivers/source/cy_device.c.obj
 .debug_line    0x0000000000000e23      0xe37 CMakeFiles/VStest4_CortexM0.elf.dir/Applications/ModusToolbox_1.1/libraries/psoc6sw-1.1/components/psoc6pdl/drivers/source/cy_flash.c.obj
 .debug_line    0x0000000000001c5a      0x3fe CMakeFiles/VStest4_CortexM0.elf.dir/Applications/ModusToolbox_1.1/libraries/psoc6sw-1.1/components/psoc6pdl/drivers/source/cy_ipc_drv.c.obj
 .debug_line    0x0000000000002058      0x979 CMakeFiles/VStest4_CortexM0.elf.dir/Applications/ModusToolbox_1.1/libraries/psoc6sw-1.1/components/psoc6pdl/drivers/source/cy_ipc_pipe.c.obj
 .debug_line    0x00000000000029d1      0x751 CMakeFiles/VStest4_CortexM0.elf.dir/Applications/ModusToolbox_1.1/libraries/psoc6sw-1.1/components/psoc6pdl/drivers/source/cy_ipc_sema.c.obj
 .debug_line    0x0000000000003122      0x616 CMakeFiles/VStest4_CortexM0.elf.dir/Applications/ModusToolbox_1.1/libraries/psoc6sw-1.1/components/psoc6pdl/drivers/source/cy_sysint.c.obj
 .debug_line    0x0000000000003738      0x72c CMakeFiles/VStest4_CortexM0.elf.dir/Applications/ModusToolbox_1.1/libraries/psoc6sw-1.1/components/psoc6pdl/drivers/source/cy_syslib.c.obj
 .debug_line    0x0000000000003e64     0x19e5 CMakeFiles/VStest4_CortexM0.elf.dir/Applications/ModusToolbox_1.1/libraries/psoc6sw-1.1/components/psoc6pdl/drivers/source/cy_syspm.c.obj
 .debug_line    0x0000000000005849      0x44d CMakeFiles/VStest4_CortexM0.elf.dir/Applications/ModusToolbox_1.1/libraries/psoc6sw-1.1/components/psoc6pdl/drivers/source/cy_wdt.c.obj
 .debug_line    0x0000000000005c96       0xac CMakeFiles/VStest4_CortexM0.elf.dir/Applications/ModusToolbox_1.1/libraries/psoc6sw-1.1/components/psoc6pdl/drivers/source/gcc/cy_syslib_gcc.S.obj

.debug_str      0x0000000000000000     0x61e4
 .debug_str     0x0000000000000000      0x8d0 CMakeFiles/VStest4_CortexM0.elf.dir/main.c.obj
                                        0x937 (size before relaxing)
 .debug_str     0x00000000000008d0     0x1418 CMakeFiles/VStest4_CortexM0.elf.dir/Applications/ModusToolbox_1.1/libraries/psoc6sw-1.1/components/psoc6pdl/devices/psoc6/startup/system_psoc6_cm0plus.c.obj
                                       0x1ebf (size before relaxing)
 .debug_str     0x0000000000001ce8       0x8d CMakeFiles/VStest4_CortexM0.elf.dir/Applications/ModusToolbox_1.1/libraries/psoc6sw-1.1/components/psoc6pdl/devices/psoc6/startup/gcc/startup_psoc6_02_cm0plus.S.obj
                                         0xd0 (size before relaxing)
 .debug_str     0x0000000000001d75       0x64 CMakeFiles/VStest4_CortexM0.elf.dir/Applications/ModusToolbox_1.1/libraries/psoc6sw-1.1/components/psoc6pdl/drivers/source/cy_device.c.obj
                                        0x841 (size before relaxing)
 .debug_str     0x0000000000001dd9     0x1057 CMakeFiles/VStest4_CortexM0.elf.dir/Applications/ModusToolbox_1.1/libraries/psoc6sw-1.1/components/psoc6pdl/drivers/source/cy_flash.c.obj
                                       0x1e6c (size before relaxing)
 .debug_str     0x0000000000002e30      0x123 CMakeFiles/VStest4_CortexM0.elf.dir/Applications/ModusToolbox_1.1/libraries/psoc6sw-1.1/components/psoc6pdl/drivers/source/cy_ipc_drv.c.obj
                                        0xa98 (size before relaxing)
 .debug_str     0x0000000000002f53     0x12f7 CMakeFiles/VStest4_CortexM0.elf.dir/Applications/ModusToolbox_1.1/libraries/psoc6sw-1.1/components/psoc6pdl/drivers/source/cy_ipc_pipe.c.obj
                                       0x2373 (size before relaxing)
 .debug_str     0x000000000000424a      0x4d4 CMakeFiles/VStest4_CortexM0.elf.dir/Applications/ModusToolbox_1.1/libraries/psoc6sw-1.1/components/psoc6pdl/drivers/source/cy_ipc_sema.c.obj
                                       0x1072 (size before relaxing)
 .debug_str     0x000000000000471e      0x3ba CMakeFiles/VStest4_CortexM0.elf.dir/Applications/ModusToolbox_1.1/libraries/psoc6sw-1.1/components/psoc6pdl/drivers/source/cy_sysint.c.obj
                                       0x2195 (size before relaxing)
 .debug_str     0x0000000000004ad8      0x323 CMakeFiles/VStest4_CortexM0.elf.dir/Applications/ModusToolbox_1.1/libraries/psoc6sw-1.1/components/psoc6pdl/drivers/source/cy_syslib.c.obj
                                       0x1bdd (size before relaxing)
 .debug_str     0x0000000000004dfb     0x1298 CMakeFiles/VStest4_CortexM0.elf.dir/Applications/ModusToolbox_1.1/libraries/psoc6sw-1.1/components/psoc6pdl/drivers/source/cy_syspm.c.obj
                                       0x2c85 (size before relaxing)
 .debug_str     0x0000000000006093       0xe5 CMakeFiles/VStest4_CortexM0.elf.dir/Applications/ModusToolbox_1.1/libraries/psoc6sw-1.1/components/psoc6pdl/drivers/source/cy_wdt.c.obj
                                        0xdd9 (size before relaxing)
 .debug_str     0x0000000000006178       0x6c CMakeFiles/VStest4_CortexM0.elf.dir/Applications/ModusToolbox_1.1/libraries/psoc6sw-1.1/components/psoc6pdl/drivers/source/gcc/cy_syslib_gcc.S.obj
                                         0xbe (size before relaxing)

.debug_frame    0x0000000000000000      0xb50
 .debug_frame   0x0000000000000000       0x28 CMakeFiles/VStest4_CortexM0.elf.dir/main.c.obj
 .debug_frame   0x0000000000000028       0xe4 CMakeFiles/VStest4_CortexM0.elf.dir/Applications/ModusToolbox_1.1/libraries/psoc6sw-1.1/components/psoc6pdl/devices/psoc6/startup/system_psoc6_cm0plus.c.obj
 .debug_frame   0x000000000000010c       0x20 CMakeFiles/VStest4_CortexM0.elf.dir/Applications/ModusToolbox_1.1/libraries/psoc6sw-1.1/components/psoc6pdl/drivers/source/cy_device.c.obj
 .debug_frame   0x000000000000012c      0x1fc CMakeFiles/VStest4_CortexM0.elf.dir/Applications/ModusToolbox_1.1/libraries/psoc6sw-1.1/components/psoc6pdl/drivers/source/cy_flash.c.obj
 .debug_frame   0x0000000000000328       0x40 CMakeFiles/VStest4_CortexM0.elf.dir/Applications/ModusToolbox_1.1/libraries/psoc6sw-1.1/components/psoc6pdl/drivers/source/cy_ipc_drv.c.obj
 .debug_frame   0x0000000000000368       0xfc CMakeFiles/VStest4_CortexM0.elf.dir/Applications/ModusToolbox_1.1/libraries/psoc6sw-1.1/components/psoc6pdl/drivers/source/cy_ipc_pipe.c.obj
 .debug_frame   0x0000000000000464       0xb0 CMakeFiles/VStest4_CortexM0.elf.dir/Applications/ModusToolbox_1.1/libraries/psoc6sw-1.1/components/psoc6pdl/drivers/source/cy_ipc_sema.c.obj
 .debug_frame   0x0000000000000514       0xc0 CMakeFiles/VStest4_CortexM0.elf.dir/Applications/ModusToolbox_1.1/libraries/psoc6sw-1.1/components/psoc6pdl/drivers/source/cy_sysint.c.obj
 .debug_frame   0x00000000000005d4      0x128 CMakeFiles/VStest4_CortexM0.elf.dir/Applications/ModusToolbox_1.1/libraries/psoc6sw-1.1/components/psoc6pdl/drivers/source/cy_syslib.c.obj
 .debug_frame   0x00000000000006fc      0x37c CMakeFiles/VStest4_CortexM0.elf.dir/Applications/ModusToolbox_1.1/libraries/psoc6sw-1.1/components/psoc6pdl/drivers/source/cy_syspm.c.obj
 .debug_frame   0x0000000000000a78       0x98 CMakeFiles/VStest4_CortexM0.elf.dir/Applications/ModusToolbox_1.1/libraries/psoc6sw-1.1/components/psoc6pdl/drivers/source/cy_wdt.c.obj
 .debug_frame   0x0000000000000b10       0x20 /Applications/gcc-arm-none-eabi-8-2018-q4-major/bin/../lib/gcc/arm-none-eabi/8.2.1/thumb/v6-m/nofp/libgcc.a(_udivsi3.o)
 .debug_frame   0x0000000000000b30       0x20 /Applications/gcc-arm-none-eabi-8-2018-q4-major/bin/../lib/gcc/arm-none-eabi/8.2.1/../../../../arm-none-eabi/lib/thumb/v6-m/nofp/libg_nano.a(lib_a-memset.o)

.debug_loc      0x0000000000000000     0x3e81
 .debug_loc     0x0000000000000000      0x4e0 CMakeFiles/VStest4_CortexM0.elf.dir/Applications/ModusToolbox_1.1/libraries/psoc6sw-1.1/components/psoc6pdl/devices/psoc6/startup/system_psoc6_cm0plus.c.obj
 .debug_loc     0x00000000000004e0      0xf19 CMakeFiles/VStest4_CortexM0.elf.dir/Applications/ModusToolbox_1.1/libraries/psoc6sw-1.1/components/psoc6pdl/drivers/source/cy_flash.c.obj
 .debug_loc     0x00000000000013f9      0x27e CMakeFiles/VStest4_CortexM0.elf.dir/Applications/ModusToolbox_1.1/libraries/psoc6sw-1.1/components/psoc6pdl/drivers/source/cy_ipc_drv.c.obj
 .debug_loc     0x0000000000001677      0x784 CMakeFiles/VStest4_CortexM0.elf.dir/Applications/ModusToolbox_1.1/libraries/psoc6sw-1.1/components/psoc6pdl/drivers/source/cy_ipc_pipe.c.obj
 .debug_loc     0x0000000000001dfb      0x873 CMakeFiles/VStest4_CortexM0.elf.dir/Applications/ModusToolbox_1.1/libraries/psoc6sw-1.1/components/psoc6pdl/drivers/source/cy_ipc_sema.c.obj
 .debug_loc     0x000000000000266e      0x4b3 CMakeFiles/VStest4_CortexM0.elf.dir/Applications/ModusToolbox_1.1/libraries/psoc6sw-1.1/components/psoc6pdl/drivers/source/cy_sysint.c.obj
 .debug_loc     0x0000000000002b21      0x1c7 CMakeFiles/VStest4_CortexM0.elf.dir/Applications/ModusToolbox_1.1/libraries/psoc6sw-1.1/components/psoc6pdl/drivers/source/cy_syslib.c.obj
 .debug_loc     0x0000000000002ce8     0x1105 CMakeFiles/VStest4_CortexM0.elf.dir/Applications/ModusToolbox_1.1/libraries/psoc6sw-1.1/components/psoc6pdl/drivers/source/cy_syspm.c.obj
 .debug_loc     0x0000000000003ded       0x94 CMakeFiles/VStest4_CortexM0.elf.dir/Applications/ModusToolbox_1.1/libraries/psoc6sw-1.1/components/psoc6pdl/drivers/source/cy_wdt.c.obj
